Archive member included to satisfy reference by file (symbol)

f:/gcc-arm-none-eabi/bin/../lib/gcc/arm-none-eabi/10.3.1/thumb/v7-m/nofp\libgcc.a(_arm_muldf3.o)
                              CMakeFiles/RGBtest.elf.dir/Core/Src/MPU6050.c.obj (__aeabi_dmul)
f:/gcc-arm-none-eabi/bin/../lib/gcc/arm-none-eabi/10.3.1/thumb/v7-m/nofp\libgcc.a(_arm_mulsf3.o)
                              CMakeFiles/RGBtest.elf.dir/Core/Src/MPU6050.c.obj (__aeabi_fmul)
f:/gcc-arm-none-eabi/bin/../lib/gcc/arm-none-eabi/10.3.1/thumb/v7-m/nofp\libgcc.a(_arm_addsubdf3.o)
                              CMakeFiles/RGBtest.elf.dir/Core/Src/MPU6050.c.obj (__aeabi_dadd)
f:/gcc-arm-none-eabi/bin/../lib/gcc/arm-none-eabi/10.3.1/thumb/v7-m/nofp\libgcc.a(_arm_muldivdf3.o)
                              CMakeFiles/RGBtest.elf.dir/Core/Src/MPU6050.c.obj (__aeabi_ddiv)
f:/gcc-arm-none-eabi/bin/../lib/gcc/arm-none-eabi/10.3.1/thumb/v7-m/nofp\libgcc.a(_arm_truncdfsf2.o)
                              CMakeFiles/RGBtest.elf.dir/Core/Src/MPU6050.c.obj (__aeabi_d2f)
f:/gcc-arm-none-eabi/bin/../lib/gcc/arm-none-eabi/10.3.1/thumb/v7-m/nofp\libgcc.a(_arm_addsubsf3.o)
                              CMakeFiles/RGBtest.elf.dir/Core/Src/MPU6050.c.obj (__aeabi_fsub)
f:/gcc-arm-none-eabi/bin/../lib/gcc/arm-none-eabi/10.3.1/thumb/v7-m/nofp\libgcc.a(_arm_fixsfsi.o)
                              CMakeFiles/RGBtest.elf.dir/Core/Src/MPU6050.c.obj (__aeabi_f2iz)
f:/gcc-arm-none-eabi/bin/../lib/gcc/arm-none-eabi/10.3.1/../../../../arm-none-eabi/lib/thumb/v7-m/nofp\libg.a(lib_a-errno.o)
                              CMakeFiles/RGBtest.elf.dir/Core/Src/syscalls.c.obj (__errno)
f:/gcc-arm-none-eabi/bin/../lib/gcc/arm-none-eabi/10.3.1/../../../../arm-none-eabi/lib/thumb/v7-m/nofp\libg.a(lib_a-exit.o)
                              f:/gcc-arm-none-eabi/bin/../lib/gcc/arm-none-eabi/10.3.1/../../../../arm-none-eabi/lib/thumb/v7-m/nofp/crt0.o (exit)
f:/gcc-arm-none-eabi/bin/../lib/gcc/arm-none-eabi/10.3.1/../../../../arm-none-eabi/lib/thumb/v7-m/nofp\libg.a(lib_a-impure.o)
                              f:/gcc-arm-none-eabi/bin/../lib/gcc/arm-none-eabi/10.3.1/../../../../arm-none-eabi/lib/thumb/v7-m/nofp\libg.a(lib_a-exit.o) (_global_impure_ptr)
f:/gcc-arm-none-eabi/bin/../lib/gcc/arm-none-eabi/10.3.1/../../../../arm-none-eabi/lib/thumb/v7-m/nofp\libg.a(lib_a-init.o)
                              f:/gcc-arm-none-eabi/bin/../lib/gcc/arm-none-eabi/10.3.1/../../../../arm-none-eabi/lib/thumb/v7-m/nofp/crt0.o (__libc_init_array)
f:/gcc-arm-none-eabi/bin/../lib/gcc/arm-none-eabi/10.3.1/../../../../arm-none-eabi/lib/thumb/v7-m/nofp\libg.a(lib_a-memset.o)
                              f:/gcc-arm-none-eabi/bin/../lib/gcc/arm-none-eabi/10.3.1/../../../../arm-none-eabi/lib/thumb/v7-m/nofp/crt0.o (memset)
f:/gcc-arm-none-eabi/bin/../lib/gcc/arm-none-eabi/10.3.1/../../../../arm-none-eabi/lib/thumb/v7-m/nofp\libg.a(lib_a-puts.o)
                              CMakeFiles/RGBtest.elf.dir/Core/Src/UART.c.obj (puts)
f:/gcc-arm-none-eabi/bin/../lib/gcc/arm-none-eabi/10.3.1/../../../../arm-none-eabi/lib/thumb/v7-m/nofp\libg.a(lib_a-strlen-stub.o)
                              f:/gcc-arm-none-eabi/bin/../lib/gcc/arm-none-eabi/10.3.1/../../../../arm-none-eabi/lib/thumb/v7-m/nofp\libg.a(lib_a-puts.o) (strlen)
f:/gcc-arm-none-eabi/bin/../lib/gcc/arm-none-eabi/10.3.1/../../../../arm-none-eabi/lib/thumb/v7-m/nofp\libg.a(lib_a-__call_atexit.o)
                              f:/gcc-arm-none-eabi/bin/../lib/gcc/arm-none-eabi/10.3.1/../../../../arm-none-eabi/lib/thumb/v7-m/nofp\libg.a(lib_a-exit.o) (__call_exitprocs)
f:/gcc-arm-none-eabi/bin/../lib/gcc/arm-none-eabi/10.3.1/../../../../arm-none-eabi/lib/thumb/v7-m/nofp\libg.a(lib_a-atexit.o)
                              f:/gcc-arm-none-eabi/bin/../lib/gcc/arm-none-eabi/10.3.1/../../../../arm-none-eabi/lib/thumb/v7-m/nofp\libg.a(lib_a-__call_atexit.o) (atexit)
f:/gcc-arm-none-eabi/bin/../lib/gcc/arm-none-eabi/10.3.1/../../../../arm-none-eabi/lib/thumb/v7-m/nofp\libg.a(lib_a-findfp.o)
                              f:/gcc-arm-none-eabi/bin/../lib/gcc/arm-none-eabi/10.3.1/../../../../arm-none-eabi/lib/thumb/v7-m/nofp\libg.a(lib_a-puts.o) (__sinit)
f:/gcc-arm-none-eabi/bin/../lib/gcc/arm-none-eabi/10.3.1/../../../../arm-none-eabi/lib/thumb/v7-m/nofp\libg.a(lib_a-fini.o)
                              f:/gcc-arm-none-eabi/bin/../lib/gcc/arm-none-eabi/10.3.1/../../../../arm-none-eabi/lib/thumb/v7-m/nofp\libg.a(lib_a-__call_atexit.o) (__libc_fini_array)
f:/gcc-arm-none-eabi/bin/../lib/gcc/arm-none-eabi/10.3.1/../../../../arm-none-eabi/lib/thumb/v7-m/nofp\libg.a(lib_a-fvwrite.o)
                              f:/gcc-arm-none-eabi/bin/../lib/gcc/arm-none-eabi/10.3.1/../../../../arm-none-eabi/lib/thumb/v7-m/nofp\libg.a(lib_a-puts.o) (__sfvwrite_r)
f:/gcc-arm-none-eabi/bin/../lib/gcc/arm-none-eabi/10.3.1/../../../../arm-none-eabi/lib/thumb/v7-m/nofp\libg.a(lib_a-fwalk.o)
[...]
Memory Configuration

Name             Origin             Length             Attributes
RAM              0x20000000         0x00005000         xrw
FLASH            0x08000000         0x00010000         xr
*default*        0x00000000         0xffffffff

Linker script and memory map

LOAD f:/gcc-arm-none-eabi/bin/../lib/gcc/arm-none-eabi/10.3.1/thumb/v7-m/nofp/crti.o
LOAD f:/gcc-arm-none-eabi/bin/../lib/gcc/arm-none-eabi/10.3.1/thumb/v7-m/nofp/crtbegin.o
LOAD f:/gcc-arm-none-eabi/bin/../lib/gcc/arm-none-eabi/10.3.1/../../../../arm-none-eabi/lib/thumb/v7-m/nofp/crt0.o
LOAD CMakeFiles/RGBtest.elf.dir/Core/Src/MPU6050.c.obj
LOAD CMakeFiles/RGBtest.elf.dir/Core/Src/UART.c.obj
LOAD CMakeFiles/RGBtest.elf.dir/Core/Src/gpio.c.obj
LOAD CMakeFiles/RGBtest.elf.dir/Core/Src/main.c.obj
LOAD CMakeFiles/RGBtest.elf.dir/Core/Src/oled.c.obj
LOAD CMakeFiles/RGBtest.elf.dir/Core/Src/stm32f1xx_hal_msp.c.obj
LOAD CMakeFiles/RGBtest.elf.dir/Core/Src/stm32f1xx_it.c.obj
LOAD CMakeFiles/RGBtest.elf.dir/Core/Src/syscalls.c.obj
LOAD CMakeFiles/RGBtest.elf.dir/Core/Src/system_stm32f1xx.c.obj
LOAD CMakeFiles/RGBtest.elf.dir/Core/Src/u_iic.c.obj
LOAD CMakeFiles/RGBtest.elf.dir/Core/Src/usart.c.obj
LOAD CMakeFiles/RGBtest.elf.dir/Drivers/STM32F1xx_HAL_Driver/Src/stm32f1xx_hal.c.obj
LOAD CMakeFiles/RGBtest.elf.dir/Drivers/STM32F1xx_HAL_Driver/Src/stm32f1xx_hal_cortex.c.obj
LOAD CMakeFiles/RGBtest.elf.dir/Drivers/STM32F1xx_HAL_Driver/Src/stm32f1xx_hal_dma.c.obj
LOAD CMakeFiles/RGBtest.elf.dir/Drivers/STM32F1xx_HAL_Driver/Src/stm32f1xx_hal_exti.c.obj
LOAD CMakeFiles/RGBtest.elf.dir/Drivers/STM32F1xx_HAL_Driver/Src/stm32f1xx_hal_flash.c.obj
LOAD CMakeFiles/RGBtest.elf.dir/Drivers/STM32F1xx_HAL_Driver/Src/stm32f1xx_hal_flash_ex.c.obj
LOAD CMakeFiles/RGBtest.elf.dir/Drivers/STM32F1xx_HAL_Driver/Src/stm32f1xx_hal_gpio.c.obj
LOAD CMakeFiles/RGBtest.elf.dir/Drivers/STM32F1xx_HAL_Driver/Src/stm32f1xx_hal_gpio_ex.c.obj
LOAD CMakeFiles/RGBtest.elf.dir/Drivers/STM32F1xx_HAL_Driver/Src/stm32f1xx_hal_pwr.c.obj
LOAD CMakeFiles/RGBtest.elf.dir/Drivers/STM32F1xx_HAL_Driver/Src/stm32f1xx_hal_rcc.c.obj
LOAD CMakeFiles/RGBtest.elf.dir/Drivers/STM32F1xx_HAL_Driver/Src/stm32f1xx_hal_rcc_ex.c.obj
LOAD CMakeFiles/RGBtest.elf.dir/Drivers/STM32F1xx_HAL_Driver/Src/stm32f1xx_hal_tim.c.obj
LOAD CMakeFiles/RGBtest.elf.dir/Drivers/STM32F1xx_HAL_Driver/Src/stm32f1xx_hal_tim_ex.c.obj
LOAD CMakeFiles/RGBtest.elf.dir/Drivers/STM32F1xx_HAL_Driver/Src/stm32f1xx_hal_uart.c.obj
LOAD CMakeFiles/RGBtest.elf.dir/startup/startup_stm32f103xb.s.obj
START GROUP
LOAD f:/gcc-arm-none-eabi/bin/../lib/gcc/arm-none-eabi/10.3.1/thumb/v7-m/nofp\libgcc.a
LOAD f:/gcc-arm-none-eabi/bin/../lib/gcc/arm-none-eabi/10.3.1/../../../../arm-none-eabi/lib/thumb/v7-m/nofp\libg.a
LOAD f:/gcc-arm-none-eabi/bin/../lib/gcc/arm-none-eabi/10.3.1/../../../../arm-none-eabi/lib/thumb/v7-m/nofp\libc.a
END GROUP
LOAD f:/gcc-arm-none-eabi/bin/../lib/gcc/arm-none-eabi/10.3.1/thumb/v7-m/nofp/crtend.o
LOAD f:/gcc-arm-none-eabi/bin/../lib/gcc/arm-none-eabi/10.3.1/thumb/v7-m/nofp/crtn.o
                0x20005000                _estack = (ORIGIN (RAM) + LENGTH (RAM))
                0x00000200                _Min_Heap_Size = 0x200
                0x00000400                _Min_Stack_Size = 0x400

.isr_vector     0x08000000      0x10c
                0x08000000                . = ALIGN (0x4)
 *(.isr_vector)
 .isr_vector    0x08000000      0x10c CMakeFiles/RGBtest.elf.dir/startup/startup_stm32f103xb.s.obj
                0x08000000                g_pfnVectors
                0x0800010c                . = ALIGN (0x4)

.text           0x08000110     0x2388
                0x08000110                . = ALIGN (0x4)
 *(.text)
 .text          0x08000110       0x40 f:/gcc-arm-none-eabi/bin/../lib/gcc/arm-none-eabi/10.3.1/thumb/v7-m/nofp/crtbegin.o
 .text          0x08000150      0x378 f:/gcc-arm-none-eabi/bin/../lib/gcc/arm-none-eabi/10.3.1/thumb/v7-m/nofp\libgcc.a(_arm_addsubdf3.o)
                0x08000150                __aeabi_drsub
                0x08000158                __aeabi_dsub
                0x08000158                __subdf3
                0x0800015c                __aeabi_dadd
                0x0800015c                __adddf3
                0x080003d4                __floatunsidf
                0x080003d4                __aeabi_ui2d
                0x080003f4                __floatsidf
                0x080003f4                __aeabi_i2d
                0x08000418                __aeabi_f2d
                0x08000418                __extendsfdf2
                0x0800045c                __floatundidf
                0x0800045c                __aeabi_ul2d
                0x0800046c                __floatdidf
                0x0800046c                __aeabi_l2d
 .text          0x080004c8      0x424 f:/gcc-arm-none-eabi/bin/../lib/gcc/arm-none-eabi/10.3.1/thumb/v7-m/nofp\libgcc.a(_arm_muldivdf3.o)
                0x080004c8                __aeabi_dmul
                0x080004c8                __muldf3
                0x0800071c                __divdf3
                0x0800071c                __aeabi_ddiv
 .text          0x080008ec       0xa0 f:/gcc-arm-none-eabi/bin/../lib/gcc/arm-none-eabi/10.3.1/thumb/v7-m/nofp\libgcc.a(_arm_truncdfsf2.o)
                0x080008ec                __truncdfsf2
                0x080008ec                __aeabi_d2f
 *(.text*)
 .text.MPU_Read_Len
                0x0800098c        0x8 CMakeFiles/RGBtest.elf.dir/Core/Src/MPU6050.c.obj
                0x0800098c                MPU_Read_Len
 .text.MPU_Get_Raw_data
                0x08000994       0x76 CMakeFiles/RGBtest.elf.dir/Core/Src/MPU6050.c.obj
                0x08000994                MPU_Get_Raw_data
 .text.MPU_Write_Byte
                0x08000a0a        0x8 CMakeFiles/RGBtest.elf.dir/Core/Src/MPU6050.c.obj
                0x08000a0a                MPU_Write_Byte
 .text.MPU_Set_Gyro_Fsr
                0x08000a12       0x12 CMakeFiles/RGBtest.elf.dir/Core/Src/MPU6050.c.obj
                0x08000a12                MPU_Set_Gyro_Fsr
 .text.MPU_Set_Accel_Fsr
                0x08000a24       0x12 CMakeFiles/RGBtest.elf.dir/Core/Src/MPU6050.c.obj
                0x08000a24                MPU_Set_Accel_Fsr
 .text.MPU_Set_LPF
                0x08000a36       0x36 CMakeFiles/RGBtest.elf.dir/Core/Src/MPU6050.c.obj
                0x08000a36                MPU_Set_LPF
 .text.MPU_Set_Rate
                0x08000a6c       0x34 CMakeFiles/RGBtest.elf.dir/Core/Src/MPU6050.c.obj
                0x08000a6c                MPU_Set_Rate
 .text.MPU_Read_Byte
                0x08000aa0       0x16 CMakeFiles/RGBtest.elf.dir/Core/Src/MPU6050.c.obj
                0x08000aa0                MPU_Read_Byte
 .text.MPU6050_Init
                0x08000ab6       0x94 CMakeFiles/RGBtest.elf.dir/Core/Src/MPU6050.c.obj
                0x08000ab6                MPU6050_Init
 *fill*         0x08000b4a        0x6 
 .text.Fetch_MPU6050
                0x08000b50      0x108 CMakeFiles/RGBtest.elf.dir/Core/Src/MPU6050.c.obj
                0x08000b50                Fetch_MPU6050
 .text.vcan_sendware
                0x08000c58       0x48 CMakeFiles/RGBtest.elf.dir/Core/Src/UART.c.obj
                0x08000c58                vcan_sendware
 .text.MX_GPIO_Init
                0x08000ca0       0xb8 CMakeFiles/RGBtest.elf.dir/Core/Src/gpio.c.obj
                0x08000ca0                MX_GPIO_Init
 .text.Error_Handler
                0x08000d58        0x4 CMakeFiles/RGBtest.elf.dir/Core/Src/main.c.obj
                0x08000d58                Error_Handler
 .text.SystemClock_Config
                0x08000d5c       0x68 CMakeFiles/RGBtest.elf.dir/Core/Src/main.c.obj
                0x08000d5c                SystemClock_Config
 .text.main     0x08000dc4       0x54 CMakeFiles/RGBtest.elf.dir/Core/Src/main.c.obj
                0x08000dc4                main
 .text.IIC_delay
                0x08000e18        0x4 CMakeFiles/RGBtest.elf.dir/Core/Src/oled.c.obj
                0x08000e18                IIC_delay
 .text.I2C_Start
                0x08000e1c       0x30 CMakeFiles/RGBtest.elf.dir/Core/Src/oled.c.obj
                0x08000e1c                I2C_Start
 .text.I2C_Stop
                0x08000e4c       0x20 CMakeFiles/RGBtest.elf.dir/Core/Src/oled.c.obj
                0x08000e4c                I2C_Stop
 .text.I2C_WaitAck
                0x08000e6c       0x28 CMakeFiles/RGBtest.elf.dir/Core/Src/oled.c.obj
                0x08000e6c                I2C_WaitAck
 .text.Send_Byte
                0x08000e94       0x48 CMakeFiles/RGBtest.elf.dir/Core/Src/oled.c.obj
                0x08000e94                Send_Byte
 .text.OLED_WR_Byte
                0x08000edc       0x38 CMakeFiles/RGBtest.elf.dir/Core/Src/oled.c.obj
                0x08000edc                OLED_WR_Byte
 .text.OLED_Refresh
                0x08000f14       0x6c CMakeFiles/RGBtest.elf.dir/Core/Src/oled.c.obj
                0x08000f14                OLED_Refresh
 .text.OLED_Clear
                0x08000f80       0x30 CMakeFiles/RGBtest.elf.dir/Core/Src/oled.c.obj
                0x08000f80                OLED_Clear
 .text.OLED_DrawPoint
                0x08000fb0       0x48 CMakeFiles/RGBtest.elf.dir/Core/Src/oled.c.obj
                0x08000fb0                OLED_DrawPoint
 .text.OLED_ShowPicture
                0x08000ff8       0xb0 CMakeFiles/RGBtest.elf.dir/Core/Src/oled.c.obj
                0x08000ff8                OLED_ShowPicture
 .text.OLED_Init
                0x080010a8       0xd8 CMakeFiles/RGBtest.elf.dir/Core/Src/oled.c.obj
                0x080010a8                OLED_Init
 .text.HAL_MspInit
                0x08001180       0x44 CMakeFiles/RGBtest.elf.dir/Core/Src/stm32f1xx_hal_msp.c.obj
                0x08001180                HAL_MspInit
 .text.NMI_Handler
                0x080011c4        0x8 CMakeFiles/RGBtest.elf.dir/Core/Src/stm32f1xx_it.c.obj
                0x080011c4                NMI_Handler
 .text.HardFault_Handler
                0x080011cc        0x2 CMakeFiles/RGBtest.elf.dir/Core/Src/stm32f1xx_it.c.obj
                0x080011cc                HardFault_Handler
 .text.MemManage_Handler
                0x080011ce        0x2 CMakeFiles/RGBtest.elf.dir/Core/Src/stm32f1xx_it.c.obj
                0x080011ce                MemManage_Handler
 .text.BusFault_Handler
                0x080011d0        0x2 CMakeFiles/RGBtest.elf.dir/Core/Src/stm32f1xx_it.c.obj
                0x080011d0                BusFault_Handler
 .text.UsageFault_Handler
                0x080011d2        0x2 CMakeFiles/RGBtest.elf.dir/Core/Src/stm32f1xx_it.c.obj
                0x080011d2                UsageFault_Handler
 .text.SVC_Handler
                0x080011d4        0x2 CMakeFiles/RGBtest.elf.dir/Core/Src/stm32f1xx_it.c.obj
                0x080011d4                SVC_Handler
 .text.DebugMon_Handler
                0x080011d6        0x2 CMakeFiles/RGBtest.elf.dir/Core/Src/stm32f1xx_it.c.obj
                0x080011d6                DebugMon_Handler
 .text.PendSV_Handler
                0x080011d8        0x2 CMakeFiles/RGBtest.elf.dir/Core/Src/stm32f1xx_it.c.obj
                0x080011d8                PendSV_Handler
 .text.SysTick_Handler
                0x080011da        0x8 CMakeFiles/RGBtest.elf.dir/Core/Src/stm32f1xx_it.c.obj
                0x080011da                SysTick_Handler
 .text.SystemInit
                0x080011e2        0x2 CMakeFiles/RGBtest.elf.dir/Core/Src/system_stm32f1xx.c.obj
                0x080011e2                SystemInit
 .text.MPU6050_SDA_IN
                0x080011e4       0x28 CMakeFiles/RGBtest.elf.dir/Core/Src/u_iic.c.obj
                0x080011e4                MPU6050_SDA_IN
 .text.MPU6050_SDA_OUT
                0x0800120c       0x2c CMakeFiles/RGBtest.elf.dir/Core/Src/u_iic.c.obj
                0x0800120c                MPU6050_SDA_OUT
 .text.MPU6050_IIC_Init
                0x08001238       0x20 CMakeFiles/RGBtest.elf.dir/Core/Src/u_iic.c.obj
                0x08001238                MPU6050_IIC_Init
 .text.MPU6050_IIC_Start
                0x08001258       0x38 CMakeFiles/RGBtest.elf.dir/Core/Src/u_iic.c.obj
                0x08001258                MPU6050_IIC_Start
 .text.MPU6050_IIC_Stop
                0x08001290       0x38 CMakeFiles/RGBtest.elf.dir/Core/Src/u_iic.c.obj
                0x08001290                MPU6050_IIC_Stop
 .text.MPU6050_IIC_WaitAck
                0x080012c8       0x4c CMakeFiles/RGBtest.elf.dir/Core/Src/u_iic.c.obj
                0x080012c8                MPU6050_IIC_WaitAck
 .text.IIC_Ack  0x08001314       0x38 CMakeFiles/RGBtest.elf.dir/Core/Src/u_iic.c.obj
                0x08001314                IIC_Ack
 .text.IIC_NAck
                0x0800134c       0x38 CMakeFiles/RGBtest.elf.dir/Core/Src/u_iic.c.obj
                0x0800134c                IIC_NAck
 .text.IIC_SendByte
                0x08001384       0x5c CMakeFiles/RGBtest.elf.dir/Core/Src/u_iic.c.obj
                0x08001384                IIC_SendByte
 .text.IIC_ReadByte
                0x080013e0       0x58 CMakeFiles/RGBtest.elf.dir/Core/Src/u_iic.c.obj
                0x080013e0                IIC_ReadByte
 .text.IIC_ReadByteFromSlave
                0x08001438       0x4c CMakeFiles/RGBtest.elf.dir/Core/Src/u_iic.c.obj
                0x08001438                IIC_ReadByteFromSlave
 .text.IIC_WriteByteToSlave
                0x08001484       0x48 CMakeFiles/RGBtest.elf.dir/Core/Src/u_iic.c.obj
                0x08001484                IIC_WriteByteToSlave
 .text.IIC_ReadMultByteFromSlave
                0x080014cc       0x6c CMakeFiles/RGBtest.elf.dir/Core/Src/u_iic.c.obj
                0x080014cc                IIC_ReadMultByteFromSlave
 .text.MX_USART3_UART_Init
                0x08001538       0x34 CMakeFiles/RGBtest.elf.dir/Core/Src/usart.c.obj
                0x08001538                MX_USART3_UART_Init
 .text.HAL_UART_MspInit
                0x0800156c       0x78 CMakeFiles/RGBtest.elf.dir/Core/Src/usart.c.obj
                0x0800156c                HAL_UART_MspInit
 .text.HAL_InitTick
                0x080015e4       0x4c CMakeFiles/RGBtest.elf.dir/Drivers/STM32F1xx_HAL_Driver/Src/stm32f1xx_hal.c.obj
                0x080015e4                HAL_InitTick
 .text.HAL_Init
                0x08001630       0x24 CMakeFiles/RGBtest.elf.dir/Drivers/STM32F1xx_HAL_Driver/Src/stm32f1xx_hal.c.obj
                0x08001630                HAL_Init
 .text.HAL_IncTick
                0x08001654       0x18 CMakeFiles/RGBtest.elf.dir/Drivers/STM32F1xx_HAL_Driver/Src/stm32f1xx_hal.c.obj
                0x08001654                HAL_IncTick
 .text.HAL_GetTick
                0x0800166c        0xc CMakeFiles/RGBtest.elf.dir/Drivers/STM32F1xx_HAL_Driver/Src/stm32f1xx_hal.c.obj
                0x0800166c                HAL_GetTick
 .text.HAL_Delay
                0x08001678       0x28 CMakeFiles/RGBtest.elf.dir/Drivers/STM32F1xx_HAL_Driver/Src/stm32f1xx_hal.c.obj
                0x08001678                HAL_Delay
 .text.HAL_NVIC_SetPriorityGrouping
                0x080016a0       0x24 CMakeFiles/RGBtest.elf.dir/Drivers/STM32F1xx_HAL_Driver/Src/stm32f1xx_hal_cortex.c.obj
                0x080016a0                HAL_NVIC_SetPriorityGrouping
 .text.HAL_NVIC_SetPriority
                0x080016c4       0x70 CMakeFiles/RGBtest.elf.dir/Drivers/STM32F1xx_HAL_Driver/Src/stm32f1xx_hal_cortex.c.obj
                0x080016c4                HAL_NVIC_SetPriority
 .text.HAL_SYSTICK_Config
                0x08001734       0x28 CMakeFiles/RGBtest.elf.dir/Drivers/STM32F1xx_HAL_Driver/Src/stm32f1xx_hal_cortex.c.obj
                0x08001734                HAL_SYSTICK_Config
 .text.HAL_GPIO_Init
                0x0800175c      0x224 CMakeFiles/RGBtest.elf.dir/Drivers/STM32F1xx_HAL_Driver/Src/stm32f1xx_hal_gpio.c.obj
                0x0800175c                HAL_GPIO_Init
 .text.HAL_GPIO_ReadPin
                0x08001980        0xe CMakeFiles/RGBtest.elf.dir/Drivers/STM32F1xx_HAL_Driver/Src/stm32f1xx_hal_gpio.c.obj
                0x08001980                HAL_GPIO_ReadPin
 .text.HAL_GPIO_WritePin
                0x0800198e        0xc CMakeFiles/RGBtest.elf.dir/Drivers/STM32F1xx_HAL_Driver/Src/stm32f1xx_hal_gpio.c.obj
                0x0800198e                HAL_GPIO_WritePin
 *fill*         0x0800199a        0x2 
 .text.RCC_Delay
                0x0800199c       0x2c CMakeFiles/RGBtest.elf.dir/Drivers/STM32F1xx_HAL_Driver/Src/stm32f1xx_hal_rcc.c.obj
 .text.HAL_RCC_OscConfig
                0x080019c8      0x410 CMakeFiles/RGBtest.elf.dir/Drivers/STM32F1xx_HAL_Driver/Src/stm32f1xx_hal_rcc.c.obj
                0x080019c8                HAL_RCC_OscConfig
 .text.HAL_RCC_EnableCSS
                0x08001dd8        0xc CMakeFiles/RGBtest.elf.dir/Drivers/STM32F1xx_HAL_Driver/Src/stm32f1xx_hal_rcc.c.obj
                0x08001dd8                HAL_RCC_EnableCSS
 .text.HAL_RCC_GetSysClockFreq
                0x08001de4       0x70 CMakeFiles/RGBtest.elf.dir/Drivers/STM32F1xx_HAL_Driver/Src/stm32f1xx_hal_rcc.c.obj
                0x08001de4                HAL_RCC_GetSysClockFreq
 .text.HAL_RCC_ClockConfig
                0x08001e54      0x16c CMakeFiles/RGBtest.elf.dir/Drivers/STM32F1xx_HAL_Driver/Src/stm32f1xx_hal_rcc.c.obj
                0x08001e54                HAL_RCC_ClockConfig
 .text.HAL_RCC_GetHCLKFreq
                0x08001fc0        0xc CMakeFiles/RGBtest.elf.dir/Drivers/STM32F1xx_HAL_Driver/Src/stm32f1xx_hal_rcc.c.obj
                0x08001fc0                HAL_RCC_GetHCLKFreq
 .text.HAL_RCC_GetPCLK1Freq
                0x08001fcc       0x20 CMakeFiles/RGBtest.elf.dir/Drivers/STM32F1xx_HAL_Driver/Src/stm32f1xx_hal_rcc.c.obj
                0x08001fcc                HAL_RCC_GetPCLK1Freq
 .text.HAL_RCC_GetPCLK2Freq
                0x08001fec       0x20 CMakeFiles/RGBtest.elf.dir/Drivers/STM32F1xx_HAL_Driver/Src/stm32f1xx_hal_rcc.c.obj
                0x08001fec                HAL_RCC_GetPCLK2Freq
 .text.HAL_RCC_CSSCallback
                0x0800200c        0x2 CMakeFiles/RGBtest.elf.dir/Drivers/STM32F1xx_HAL_Driver/Src/stm32f1xx_hal_rcc.c.obj
                0x0800200c                HAL_RCC_CSSCallback
 *fill*         0x0800200e        0x2 
 .text.HAL_RCC_NMI_IRQHandler
                0x08002010       0x20 CMakeFiles/RGBtest.elf.dir/Drivers/STM32F1xx_HAL_Driver/Src/stm32f1xx_hal_rcc.c.obj
                0x08002010                HAL_RCC_NMI_IRQHandler
 .text.UART_SetConfig
                0x08002030       0x94 CMakeFiles/RGBtest.elf.dir/Drivers/STM32F1xx_HAL_Driver/Src/stm32f1xx_hal_uart.c.obj
 .text.UART_WaitOnFlagUntilTimeout
                0x080020c4       0x6c CMakeFiles/RGBtest.elf.dir/Drivers/STM32F1xx_HAL_Driver/Src/stm32f1xx_hal_uart.c.obj
 .text.HAL_UART_Init
                0x08002130       0x5e CMakeFiles/RGBtest.elf.dir/Drivers/STM32F1xx_HAL_Driver/Src/stm32f1xx_hal_uart.c.obj
                0x08002130                HAL_UART_Init
 .text.HAL_UART_Transmit
                0x0800218e       0xd8 CMakeFiles/RGBtest.elf.dir/Drivers/STM32F1xx_HAL_Driver/Src/stm32f1xx_hal_uart.c.obj
                0x0800218e                HAL_UART_Transmit
 *fill*         0x08002266        0x2 
 .text.Reset_Handler
                0x08002268       0x48 CMakeFiles/RGBtest.elf.dir/startup/startup_stm32f103xb.s.obj
                0x08002268                Reset_Handler
 .text.Default_Handler
                0x080022b0        0x2 CMakeFiles/RGBtest.elf.dir/startup/startup_stm32f103xb.s.obj
                0x080022b0                RTC_Alarm_IRQHandler
                0x080022b0                EXTI2_IRQHandler
                0x080022b0                TIM1_CC_IRQHandler
                0x080022b0                PVD_IRQHandler
                0x080022b0                EXTI3_IRQHandler
                0x080022b0                EXTI0_IRQHandler
                0x080022b0                I2C2_EV_IRQHandler
                0x080022b0                ADC1_2_IRQHandler
                0x080022b0                SPI1_IRQHandler
                0x080022b0                TAMPER_IRQHandler
                0x080022b0                DMA1_Channel4_IRQHandler
                0x080022b0                USART3_IRQHandler
                0x080022b0                RTC_IRQHandler
                0x080022b0                DMA1_Channel7_IRQHandler
                0x080022b0                CAN1_RX1_IRQHandler
                0x080022b0                TIM4_IRQHandler
                0x080022b0                I2C1_EV_IRQHandler
                0x080022b0                DMA1_Channel6_IRQHandler
                0x080022b0                TIM3_IRQHandler
                0x080022b0                RCC_IRQHandler
                0x080022b0                TIM1_TRG_COM_IRQHandler
                0x080022b0                DMA1_Channel1_IRQHandler
                0x080022b0                Default_Handler
                0x080022b0                EXTI15_10_IRQHandler
                0x080022b0                EXTI9_5_IRQHandler
                0x080022b0                SPI2_IRQHandler
                0x080022b0                DMA1_Channel5_IRQHandler
                0x080022b0                EXTI4_IRQHandler
                0x080022b0                USB_LP_CAN1_RX0_IRQHandler
                0x080022b0                USB_HP_CAN1_TX_IRQHandler
                0x080022b0                DMA1_Channel3_IRQHandler
                0x080022b0                TIM1_UP_IRQHandler
                0x080022b0                WWDG_IRQHandler
                0x080022b0                TIM2_IRQHandler
                0x080022b0                TIM1_BRK_IRQHandler
                0x080022b0                EXTI1_IRQHandler
                0x080022b0                USART2_IRQHandler
                0x080022b0                I2C2_ER_IRQHandler
                0x080022b0                DMA1_Channel2_IRQHandler
                0x080022b0                CAN1_SCE_IRQHandler
                0x080022b0                FLASH_IRQHandler
                0x080022b0                USART1_IRQHandler
                0x080022b0                I2C1_ER_IRQHandler
                0x080022b0                USBWakeUp_IRQHandler
 *fill*         0x080022b2        0x2 
 .text.__libc_init_array
                0x080022b4       0x48 f:/gcc-arm-none-eabi/bin/../lib/gcc/arm-none-eabi/10.3.1/../../../../arm-none-eabi/lib/thumb/v7-m/nofp\libg.a(lib_a-init.o)
                0x080022b4                __libc_init_array
 .text.memset   0x080022fc       0xa4 f:/gcc-arm-none-eabi/bin/../lib/gcc/arm-none-eabi/10.3.1/../../../../arm-none-eabi/lib/thumb/v7-m/nofp\libg.a(lib_a-memset.o)
                0x080022fc                memset
 .text.startup.register_fini
                0x080023a0       0x14 f:/gcc-arm-none-eabi/bin/../lib/gcc/arm-none-eabi/10.3.1/../../../../arm-none-eabi/lib/thumb/v7-m/nofp\libg.a(lib_a-__call_atexit.o)
 .text.atexit   0x080023b4        0xc f:/gcc-arm-none-eabi/bin/../lib/gcc/arm-none-eabi/10.3.1/../../../../arm-none-eabi/lib/thumb/v7-m/nofp\libg.a(lib_a-atexit.o)
                0x080023b4                atexit
 .text.__libc_fini_array
                0x080023c0       0x2c f:/gcc-arm-none-eabi/bin/../lib/gcc/arm-none-eabi/10.3.1/../../../../arm-none-eabi/lib/thumb/v7-m/nofp\libg.a(lib_a-fini.o)
                0x080023c0                __libc_fini_array
 .text.__retarget_lock_acquire_recursive
                0x080023ec        0x4 f:/gcc-arm-none-eabi/bin/../lib/gcc/arm-none-eabi/10.3.1/../../../../arm-none-eabi/lib/thumb/v7-m/nofp\libg.a(lib_a-lock.o)
                0x080023ec                __retarget_lock_acquire_recursive
 .text.__retarget_lock_release_recursive
                0x080023f0        0x4 f:/gcc-arm-none-eabi/bin/../lib/gcc/arm-none-eabi/10.3.1/../../../../arm-none-eabi/lib/thumb/v7-m/nofp\libg.a(lib_a-lock.o)
                0x080023f0                __retarget_lock_release_recursive
 .text.__register_exitproc
                0x080023f4       0x8c f:/gcc-arm-none-eabi/bin/../lib/gcc/arm-none-eabi/10.3.1/../../../../arm-none-eabi/lib/thumb/v7-m/nofp\libg.a(lib_a-__atexit.o)
                0x080023f4                __register_exitproc
 *(.glue_7)
 .glue_7        0x08002480        0x0 linker stubs
 *(.glue_7t)
 .glue_7t       0x08002480        0x0 linker stubs
 *(.eh_frame)
 .eh_frame      0x08002480        0x0 f:/gcc-arm-none-eabi/bin/../lib/gcc/arm-none-eabi/10.3.1/thumb/v7-m/nofp/crtbegin.o
 *(.init)
 .init          0x08002480        0x4 f:/gcc-arm-none-eabi/bin/../lib/gcc/arm-none-eabi/10.3.1/thumb/v7-m/nofp/crti.o
                0x08002480                _init
 .init          0x08002484        0x8 f:/gcc-arm-none-eabi/bin/../lib/gcc/arm-none-eabi/10.3.1/thumb/v7-m/nofp/crtn.o
 *(.fini)
 .fini          0x0800248c        0x4 f:/gcc-arm-none-eabi/bin/../lib/gcc/arm-none-eabi/10.3.1/thumb/v7-m/nofp/crti.o
                0x0800248c                _fini
 .fini          0x08002490        0x8 f:/gcc-arm-none-eabi/bin/../lib/gcc/arm-none-eabi/10.3.1/thumb/v7-m/nofp/crtn.o
                0x08002498                . = ALIGN (0x4)
                0x08002498                _etext = .

.vfp11_veneer   0x08002498        0x0
 .vfp11_veneer  0x08002498        0x0 linker stubs

.v4_bx          0x08002498        0x0
 .v4_bx         0x08002498        0x0 linker stubs

.iplt           0x08002498        0x0
 .iplt          0x08002498        0x0 f:/gcc-arm-none-eabi/bin/../lib/gcc/arm-none-eabi/10.3.1/thumb/v7-m/nofp/crtbegin.o

.rodata         0x08002498       0x30
                0x08002498                . = ALIGN (0x4)
 *(.rodata)
 *(.rodata*)
 .rodata.AHBPrescTable
                0x08002498       0x10 CMakeFiles/RGBtest.elf.dir/Core/Src/system_stm32f1xx.c.obj
                0x08002498                AHBPrescTable
 .rodata.APBPrescTable
                0x080024a8        0x8 CMakeFiles/RGBtest.elf.dir/Core/Src/system_stm32f1xx.c.obj
                0x080024a8                APBPrescTable
 .rodata.HAL_RCC_GetSysClockFreq.str1.4
                0x080024b0       0x11 CMakeFiles/RGBtest.elf.dir/Drivers/STM32F1xx_HAL_Driver/Src/stm32f1xx_hal_rcc.c.obj
 *fill*         0x080024c1        0x3 
 .rodata._global_impure_ptr
                0x080024c4        0x4 f:/gcc-arm-none-eabi/bin/../lib/gcc/arm-none-eabi/10.3.1/../../../../arm-none-eabi/lib/thumb/v7-m/nofp\libg.a(lib_a-impure.o)
                0x080024c4                _global_impure_ptr
                0x080024c8                . = ALIGN (0x4)

.rel.dyn        0x080024c8        0x0
 .rel.iplt      0x080024c8        0x0 f:/gcc-arm-none-eabi/bin/../lib/gcc/arm-none-eabi/10.3.1/thumb/v7-m/nofp/crtbegin.o

.ARM.extab
 *(.ARM.extab* .gnu.linkonce.armextab.*)

.ARM            0x080024c8        0x0
                0x080024c8                __exidx_start = .
 *(.ARM.exidx*)
                0x080024c8                __exidx_end = .

.preinit_array  0x080024c8        0x0
                0x080024c8                PROVIDE (__preinit_array_start = .)
 *(.preinit_array*)
                0x080024c8                PROVIDE (__preinit_array_end = .)

.init_array     0x080024c8        0x8
                0x080024c8                PROVIDE (__init_array_start = .)
 *(SORT_BY_NAME(.init_array.*))
 .init_array.00000
                0x080024c8        0x4 f:/gcc-arm-none-eabi/bin/../lib/gcc/arm-none-eabi/10.3.1/../../../../arm-none-eabi/lib/thumb/v7-m/nofp\libg.a(lib_a-__call_atexit.o)
 *(.init_array*)
 .init_array    0x080024cc        0x4 f:/gcc-arm-none-eabi/bin/../lib/gcc/arm-none-eabi/10.3.1/thumb/v7-m/nofp/crtbegin.o
                0x080024d0                PROVIDE (__init_array_end = .)

.fini_array     0x080024d0        0x4
                0x080024d0                PROVIDE (__fini_array_start = .)
 *(SORT_BY_NAME(.fini_array.*))
 *(.fini_array*)
 .fini_array    0x080024d0        0x4 f:/gcc-arm-none-eabi/bin/../lib/gcc/arm-none-eabi/10.3.1/thumb/v7-m/nofp/crtbegin.o
                0x080024d4                PROVIDE (__fini_array_end = .)
                0x080024d4                _sidata = LOADADDR (.data)

.data           0x20000000      0x83c load address 0x080024d4
                0x20000000                . = ALIGN (0x4)
                0x20000000                _sdata = .
 *(.data)
 *(.data*)
 .data.BMP1     0x20000000      0x400 CMakeFiles/RGBtest.elf.dir/Core/Src/main.c.obj
                0x20000000                BMP1
 .data.SystemCoreClock
                0x20000400        0x4 CMakeFiles/RGBtest.elf.dir/Core/Src/system_stm32f1xx.c.obj
                0x20000400                SystemCoreClock
 .data.uwTickFreq
                0x20000404        0x1 CMakeFiles/RGBtest.elf.dir/Drivers/STM32F1xx_HAL_Driver/Src/stm32f1xx_hal.c.obj
                0x20000404                uwTickFreq
 *fill*         0x20000405        0x3 
 .data.uwTickPrio
                0x20000408        0x4 CMakeFiles/RGBtest.elf.dir/Drivers/STM32F1xx_HAL_Driver/Src/stm32f1xx_hal.c.obj
                0x20000408                uwTickPrio
 *fill*         0x2000040c        0x4 
 .data.impure_data
                0x20000410      0x428 f:/gcc-arm-none-eabi/bin/../lib/gcc/arm-none-eabi/10.3.1/../../../../arm-none-eabi/lib/thumb/v7-m/nofp\libg.a(lib_a-impure.o)
 .data.__atexit_recursive_mutex
                0x20000838        0x4 f:/gcc-arm-none-eabi/bin/../lib/gcc/arm-none-eabi/10.3.1/../../../../arm-none-eabi/lib/thumb/v7-m/nofp\libg.a(lib_a-__call_atexit.o)
                0x20000838                __atexit_recursive_mutex
                0x2000083c                . = ALIGN (0x4)
                0x2000083c                _edata = .

.igot.plt       0x2000083c        0x0 load address 0x08002d10
 .igot.plt      0x2000083c        0x0 f:/gcc-arm-none-eabi/bin/../lib/gcc/arm-none-eabi/10.3.1/thumb/v7-m/nofp/crtbegin.o
                0x2000083c                . = ALIGN (0x4)

.bss            0x2000083c      0x504 load address 0x08002d10
                0x2000083c                _sbss = .
                0x2000083c                __bss_start__ = _sbss
 *(.bss)
 .bss           0x2000083c       0x1c f:/gcc-arm-none-eabi/bin/../lib/gcc/arm-none-eabi/10.3.1/thumb/v7-m/nofp/crtbegin.o
 *(.bss*)
 .bss.var_MPU6050
                0x20000858       0x1c CMakeFiles/RGBtest.elf.dir/Core/Src/MPU6050.c.obj
                0x20000858                var_MPU6050
 .bss.OLED_GRAM
                0x20000874      0x480 CMakeFiles/RGBtest.elf.dir/Core/Src/oled.c.obj
                0x20000874                OLED_GRAM
 .bss.huart3    0x20000cf4       0x44 CMakeFiles/RGBtest.elf.dir/Core/Src/usart.c.obj
                0x20000cf4                huart3
 .bss.uwTick    0x20000d38        0x4 CMakeFiles/RGBtest.elf.dir/Drivers/STM32F1xx_HAL_Driver/Src/stm32f1xx_hal.c.obj
                0x20000d38                uwTick
 .bss.__lock___atexit_recursive_mutex
                0x20000d3c        0x1 f:/gcc-arm-none-eabi/bin/../lib/gcc/arm-none-eabi/10.3.1/../../../../arm-none-eabi/lib/thumb/v7-m/nofp\libg.a(lib_a-lock.o)
                0x20000d3c                __lock___atexit_recursive_mutex
 *(COMMON)
                0x20000d40                . = ALIGN (0x4)
 *fill*         0x20000d3d        0x3 
                0x20000d40                _ebss = .
                0x20000d40                __bss_end__ = _ebss

._user_heap_stack
                0x20000d40      0x600 load address 0x08002d10
                0x20000d40                . = ALIGN (0x8)
                0x20000d40                PROVIDE (end = .)
                [!provide]                PROVIDE (_end = .)
                0x20000f40                . = (. + _Min_Heap_Size)
 *fill*         0x20000d40      0x200 
                0x20001340                . = (. + _Min_Stack_Size)
 *fill*         0x20000f40      0x400 
                0x20001340                . = ALIGN (0x8)

/DISCARD/
 libc.a(*)
 libm.a(*)
 libgcc.a(*)

.ARM.attributes
                0x00000000       0x29
 *(.ARM.attributes)
 .ARM.attributes
                0x00000000       0x1d f:/gcc-arm-none-eabi/bin/../lib/gcc/arm-none-eabi/10.3.1/thumb/v7-m/nofp/crti.o
 .ARM.attributes
                0x0000001d       0x2d f:/gcc-arm-none-eabi/bin/../lib/gcc/arm-none-eabi/10.3.1/thumb/v7-m/nofp/crtbegin.o
 .ARM.attributes
                0x0000004a       0x2d CMakeFiles/RGBtest.elf.dir/Core/Src/MPU6050.c.obj
 .ARM.attributes
                0x00000077       0x2d CMakeFiles/RGBtest.elf.dir/Core/Src/UART.c.obj
 .ARM.attributes
                0x000000a4       0x2d CMakeFiles/RGBtest.elf.dir/Core/Src/gpio.c.obj
 .ARM.attributes
                0x000000d1       0x2d CMakeFiles/RGBtest.elf.dir/Core/Src/main.c.obj
 .ARM.attributes
                0x000000fe       0x2d CMakeFiles/RGBtest.elf.dir/Core/Src/oled.c.obj
 .ARM.attributes
                0x0000012b       0x2d CMakeFiles/RGBtest.elf.dir/Core/Src/stm32f1xx_hal_msp.c.obj
 .ARM.attributes
                0x00000158       0x2d CMakeFiles/RGBtest.elf.dir/Core/Src/stm32f1xx_it.c.obj
 .ARM.attributes
                0x00000185       0x2d CMakeFiles/RGBtest.elf.dir/Core/Src/system_stm32f1xx.c.obj
 .ARM.attributes
                0x000001b2       0x2d CMakeFiles/RGBtest.elf.dir/Core/Src/u_iic.c.obj
 .ARM.attributes
                0x000001df       0x2d CMakeFiles/RGBtest.elf.dir/Core/Src/usart.c.obj
 .ARM.attributes
                0x0000020c       0x2d CMakeFiles/RGBtest.elf.dir/Drivers/STM32F1xx_HAL_Driver/Src/stm32f1xx_hal.c.obj
 .ARM.attributes
                0x00000239       0x2d CMakeFiles/RGBtest.elf.dir/Drivers/STM32F1xx_HAL_Driver/Src/stm32f1xx_hal_cortex.c.obj
 .ARM.attributes
                0x00000266       0x2d CMakeFiles/RGBtest.elf.dir/Drivers/STM32F1xx_HAL_Driver/Src/stm32f1xx_hal_gpio.c.obj
 .ARM.attributes
                0x00000293       0x2d CMakeFiles/RGBtest.elf.dir/Drivers/STM32F1xx_HAL_Driver/Src/stm32f1xx_hal_rcc.c.obj
 .ARM.attributes
                0x000002c0       0x2d CMakeFiles/RGBtest.elf.dir/Drivers/STM32F1xx_HAL_Driver/Src/stm32f1xx_hal_uart.c.obj
 .ARM.attributes
                0x000002ed       0x21 CMakeFiles/RGBtest.elf.dir/startup/startup_stm32f103xb.s.obj
 .ARM.attributes
                0x0000030e       0x1d f:/gcc-arm-none-eabi/bin/../lib/gcc/arm-none-eabi/10.3.1/thumb/v7-m/nofp\libgcc.a(_arm_addsubdf3.o)
 .ARM.attributes
                0x0000032b       0x1d f:/gcc-arm-none-eabi/bin/../lib/gcc/arm-none-eabi/10.3.1/thumb/v7-m/nofp\libgcc.a(_arm_muldivdf3.o)
 .ARM.attributes
                0x00000348       0x1d f:/gcc-arm-none-eabi/bin/../lib/gcc/arm-none-eabi/10.3.1/thumb/v7-m/nofp\libgcc.a(_arm_truncdfsf2.o)
 .ARM.attributes
                0x00000365       0x2d f:/gcc-arm-none-eabi/bin/../lib/gcc/arm-none-eabi/10.3.1/../../../../arm-none-eabi/lib/thumb/v7-m/nofp\libg.a(lib_a-impure.o)
 .ARM.attributes
                0x00000392       0x2d f:/gcc-arm-none-eabi/bin/../lib/gcc/arm-none-eabi/10.3.1/../../../../arm-none-eabi/lib/thumb/v7-m/nofp\libg.a(lib_a-init.o)
 .ARM.attributes
                0x000003bf       0x2d f:/gcc-arm-none-eabi/bin/../lib/gcc/arm-none-eabi/10.3.1/../../../../arm-none-eabi/lib/thumb/v7-m/nofp\libg.a(lib_a-memset.o)
 .ARM.attributes
                0x000003ec       0x2d f:/gcc-arm-none-eabi/bin/../lib/gcc/arm-none-eabi/10.3.1/../../../../arm-none-eabi/lib/thumb/v7-m/nofp\libg.a(lib_a-__call_atexit.o)
 .ARM.attributes
                0x00000419       0x2d f:/gcc-arm-none-eabi/bin/../lib/gcc/arm-none-eabi/10.3.1/../../../../arm-none-eabi/lib/thumb/v7-m/nofp\libg.a(lib_a-atexit.o)
 .ARM.attributes
                0x00000446       0x2d f:/gcc-arm-none-eabi/bin/../lib/gcc/arm-none-eabi/10.3.1/../../../../arm-none-eabi/lib/thumb/v7-m/nofp\libg.a(lib_a-fini.o)
 .ARM.attributes
                0x00000473       0x2d f:/gcc-arm-none-eabi/bin/../lib/gcc/arm-none-eabi/10.3.1/../../../../arm-none-eabi/lib/thumb/v7-m/nofp\libg.a(lib_a-lock.o)
 .ARM.attributes
                0x000004a0       0x2d f:/gcc-arm-none-eabi/bin/../lib/gcc/arm-none-eabi/10.3.1/../../../../arm-none-eabi/lib/thumb/v7-m/nofp\libg.a(lib_a-__atexit.o)
 .ARM.attributes
                0x000004cd       0x1d f:/gcc-arm-none-eabi/bin/../lib/gcc/arm-none-eabi/10.3.1/thumb/v7-m/nofp/crtn.o
OUTPUT(RGBtest.elf elf32-littlearm)
LOAD linker stubs
LOAD f:/gcc-arm-none-eabi/bin/../lib/gcc/arm-none-eabi/10.3.1/../../../../arm-none-eabi/lib/thumb/v7-m/nofp\libc.a
LOAD f:/gcc-arm-none-eabi/bin/../lib/gcc/arm-none-eabi/10.3.1/../../../../arm-none-eabi/lib/thumb/v7-m/nofp\libm.a
LOAD f:/gcc-arm-none-eabi/bin/../lib/gcc/arm-none-eabi/10.3.1/thumb/v7-m/nofp\libgcc.a

.debug_info     0x00000000     0x974c
 .debug_info    0x00000000      0xce5 CMakeFiles/RGBtest.elf.dir/Core/Src/MPU6050.c.obj
 .debug_info    0x00000ce5     0x1268 CMakeFiles/RGBtest.elf.dir/Core/Src/UART.c.obj
 .debug_info    0x00001f4d      0x349 CMakeFiles/RGBtest.elf.dir/Core/Src/gpio.c.obj
 .debug_info    0x00002296      0x4d7 CMakeFiles/RGBtest.elf.dir/Core/Src/main.c.obj
 .debug_info    0x0000276d     0x142a CMakeFiles/RGBtest.elf.dir/Core/Src/oled.c.obj
 .debug_info    0x00003b97      0x211 CMakeFiles/RGBtest.elf.dir/Core/Src/stm32f1xx_hal_msp.c.obj
 .debug_info    0x00003da8      0x14b CMakeFiles/RGBtest.elf.dir/Core/Src/stm32f1xx_it.c.obj
 .debug_info    0x00003ef3      0x248 CMakeFiles/RGBtest.elf.dir/Core/Src/system_stm32f1xx.c.obj
 .debug_info    0x0000413b      0xb66 CMakeFiles/RGBtest.elf.dir/Core/Src/u_iic.c.obj
 .debug_info    0x00004ca1      0x827 CMakeFiles/RGBtest.elf.dir/Core/Src/usart.c.obj
 .debug_info    0x000054c8      0x7a8 CMakeFiles/RGBtest.elf.dir/Drivers/STM32F1xx_HAL_Driver/Src/stm32f1xx_hal.c.obj
 .debug_info    0x00005c70      0xd8a CMakeFiles/RGBtest.elf.dir/Drivers/STM32F1xx_HAL_Driver/Src/stm32f1xx_hal_cortex.c.obj
 .debug_info    0x000069fa      0x66f CMakeFiles/RGBtest.elf.dir/Drivers/STM32F1xx_HAL_Driver/Src/stm32f1xx_hal_gpio.c.obj
 .debug_info    0x00007069      0xa36 CMakeFiles/RGBtest.elf.dir/Drivers/STM32F1xx_HAL_Driver/Src/stm32f1xx_hal_rcc.c.obj
 .debug_info    0x00007a9f     0x1c8b CMakeFiles/RGBtest.elf.dir/Drivers/STM32F1xx_HAL_Driver/Src/stm32f1xx_hal_uart.c.obj
 .debug_info    0x0000972a       0x22 CMakeFiles/RGBtest.elf.dir/startup/startup_stm32f103xb.s.obj

.debug_abbrev   0x00000000     0x1c53
 .debug_abbrev  0x00000000      0x1af CMakeFiles/RGBtest.elf.dir/Core/Src/MPU6050.c.obj
 .debug_abbrev  0x000001af      0x2e8 CMakeFiles/RGBtest.elf.dir/Core/Src/UART.c.obj
 .debug_abbrev  0x00000497      0x13c CMakeFiles/RGBtest.elf.dir/Core/Src/gpio.c.obj
 .debug_abbrev  0x000005d3      0x1b9 CMakeFiles/RGBtest.elf.dir/Core/Src/main.c.obj
 .debug_abbrev  0x0000078c      0x25d CMakeFiles/RGBtest.elf.dir/Core/Src/oled.c.obj
 .debug_abbrev  0x000009e9       0xe5 CMakeFiles/RGBtest.elf.dir/Core/Src/stm32f1xx_hal_msp.c.obj
 .debug_abbrev  0x00000ace       0x7e CMakeFiles/RGBtest.elf.dir/Core/Src/stm32f1xx_it.c.obj
 .debug_abbrev  0x00000b4c      0x13e CMakeFiles/RGBtest.elf.dir/Core/Src/system_stm32f1xx.c.obj
 .debug_abbrev  0x00000c8a      0x20d CMakeFiles/RGBtest.elf.dir/Core/Src/u_iic.c.obj
 .debug_abbrev  0x00000e97      0x1c1 CMakeFiles/RGBtest.elf.dir/Core/Src/usart.c.obj
 .debug_abbrev  0x00001058      0x1f4 CMakeFiles/RGBtest.elf.dir/Drivers/STM32F1xx_HAL_Driver/Src/stm32f1xx_hal.c.obj
 .debug_abbrev  0x0000124c      0x341 CMakeFiles/RGBtest.elf.dir/Drivers/STM32F1xx_HAL_Driver/Src/stm32f1xx_hal_cortex.c.obj
 .debug_abbrev  0x0000158d      0x1e6 CMakeFiles/RGBtest.elf.dir/Drivers/STM32F1xx_HAL_Driver/Src/stm32f1xx_hal_gpio.c.obj
 .debug_abbrev  0x00001773      0x27a CMakeFiles/RGBtest.elf.dir/Drivers/STM32F1xx_HAL_Driver/Src/stm32f1xx_hal_rcc.c.obj
 .debug_abbrev  0x000019ed      0x254 CMakeFiles/RGBtest.elf.dir/Drivers/STM32F1xx_HAL_Driver/Src/stm32f1xx_hal_uart.c.obj
 .debug_abbrev  0x00001c41       0x12 CMakeFiles/RGBtest.elf.dir/startup/startup_stm32f103xb.s.obj

.debug_loc      0x00000000     0x5503
 .debug_loc     0x00000000      0x660 CMakeFiles/RGBtest.elf.dir/Core/Src/MPU6050.c.obj
 .debug_loc     0x00000660      0x36b CMakeFiles/RGBtest.elf.dir/Core/Src/UART.c.obj
 .debug_loc     0x000009cb     0x1215 CMakeFiles/RGBtest.elf.dir/Core/Src/oled.c.obj
 .debug_loc     0x00001be0       0x15 CMakeFiles/RGBtest.elf.dir/Core/Src/stm32f1xx_hal_msp.c.obj
 .debug_loc     0x00001bf5       0xff CMakeFiles/RGBtest.elf.dir/Core/Src/system_stm32f1xx.c.obj
 .debug_loc     0x00001cf4      0x439 CMakeFiles/RGBtest.elf.dir/Core/Src/u_iic.c.obj
 .debug_loc     0x0000212d       0x84 CMakeFiles/RGBtest.elf.dir/Core/Src/usart.c.obj
 .debug_loc     0x000021b1      0x141 CMakeFiles/RGBtest.elf.dir/Drivers/STM32F1xx_HAL_Driver/Src/stm32f1xx_hal.c.obj
 .debug_loc     0x000022f2      0x71f CMakeFiles/RGBtest.elf.dir/Drivers/STM32F1xx_HAL_Driver/Src/stm32f1xx_hal_cortex.c.obj
 .debug_loc     0x00002a11      0x47d CMakeFiles/RGBtest.elf.dir/Drivers/STM32F1xx_HAL_Driver/Src/stm32f1xx_hal_gpio.c.obj
 .debug_loc     0x00002e8e      0x63e CMakeFiles/RGBtest.elf.dir/Drivers/STM32F1xx_HAL_Driver/Src/stm32f1xx_hal_rcc.c.obj
 .debug_loc     0x000034cc     0x2037 CMakeFiles/RGBtest.elf.dir/Drivers/STM32F1xx_HAL_Driver/Src/stm32f1xx_hal_uart.c.obj

.debug_aranges  0x00000000      0x808
 .debug_aranges
                0x00000000       0x98 CMakeFiles/RGBtest.elf.dir/Core/Src/MPU6050.c.obj
 .debug_aranges
                0x00000098       0x68 CMakeFiles/RGBtest.elf.dir/Core/Src/UART.c.obj
 .debug_aranges
                0x00000100       0x20 CMakeFiles/RGBtest.elf.dir/Core/Src/gpio.c.obj
 .debug_aranges
                0x00000120       0x30 CMakeFiles/RGBtest.elf.dir/Core/Src/main.c.obj
 .debug_aranges
                0x00000150       0xd0 CMakeFiles/RGBtest.elf.dir/Core/Src/oled.c.obj
 .debug_aranges
                0x00000220       0x20 CMakeFiles/RGBtest.elf.dir/Core/Src/stm32f1xx_hal_msp.c.obj
 .debug_aranges
                0x00000240       0x60 CMakeFiles/RGBtest.elf.dir/Core/Src/stm32f1xx_it.c.obj
 .debug_aranges
                0x000002a0       0x28 CMakeFiles/RGBtest.elf.dir/Core/Src/system_stm32f1xx.c.obj
 .debug_aranges
                0x000002c8       0x90 CMakeFiles/RGBtest.elf.dir/Core/Src/u_iic.c.obj
 .debug_aranges
                0x00000358       0x30 CMakeFiles/RGBtest.elf.dir/Core/Src/usart.c.obj
 .debug_aranges
                0x00000388       0xe0 CMakeFiles/RGBtest.elf.dir/Drivers/STM32F1xx_HAL_Driver/Src/stm32f1xx_hal.c.obj
 .debug_aranges
                0x00000468       0x90 CMakeFiles/RGBtest.elf.dir/Drivers/STM32F1xx_HAL_Driver/Src/stm32f1xx_hal_cortex.c.obj
 .debug_aranges
                0x000004f8       0x58 CMakeFiles/RGBtest.elf.dir/Drivers/STM32F1xx_HAL_Driver/Src/stm32f1xx_hal_gpio.c.obj
 .debug_aranges
                0x00000550       0x90 CMakeFiles/RGBtest.elf.dir/Drivers/STM32F1xx_HAL_Driver/Src/stm32f1xx_hal_rcc.c.obj
 .debug_aranges
                0x000005e0      0x200 CMakeFiles/RGBtest.elf.dir/Drivers/STM32F1xx_HAL_Driver/Src/stm32f1xx_hal_uart.c.obj
 .debug_aranges
                0x000007e0       0x28 CMakeFiles/RGBtest.elf.dir/startup/startup_stm32f103xb.s.obj

.debug_ranges   0x00000000      0x790
 .debug_ranges  0x00000000       0x88 CMakeFiles/RGBtest.elf.dir/Core/Src/MPU6050.c.obj
 .debug_ranges  0x00000088       0x58 CMakeFiles/RGBtest.elf.dir/Core/Src/UART.c.obj
 .debug_ranges  0x000000e0       0x10 CMakeFiles/RGBtest.elf.dir/Core/Src/gpio.c.obj
 .debug_ranges  0x000000f0       0x20 CMakeFiles/RGBtest.elf.dir/Core/Src/main.c.obj
 .debug_ranges  0x00000110       0xc0 CMakeFiles/RGBtest.elf.dir/Core/Src/oled.c.obj
 .debug_ranges  0x000001d0       0x10 CMakeFiles/RGBtest.elf.dir/Core/Src/stm32f1xx_hal_msp.c.obj
 .debug_ranges  0x000001e0       0x50 CMakeFiles/RGBtest.elf.dir/Core/Src/stm32f1xx_it.c.obj
 .debug_ranges  0x00000230       0x18 CMakeFiles/RGBtest.elf.dir/Core/Src/system_stm32f1xx.c.obj
 .debug_ranges  0x00000248       0x80 CMakeFiles/RGBtest.elf.dir/Core/Src/u_iic.c.obj
 .debug_ranges  0x000002c8       0x20 CMakeFiles/RGBtest.elf.dir/Core/Src/usart.c.obj
 .debug_ranges  0x000002e8       0xd0 CMakeFiles/RGBtest.elf.dir/Drivers/STM32F1xx_HAL_Driver/Src/stm32f1xx_hal.c.obj
 .debug_ranges  0x000003b8       0xe0 CMakeFiles/RGBtest.elf.dir/Drivers/STM32F1xx_HAL_Driver/Src/stm32f1xx_hal_cortex.c.obj
 .debug_ranges  0x00000498       0x48 CMakeFiles/RGBtest.elf.dir/Drivers/STM32F1xx_HAL_Driver/Src/stm32f1xx_hal_gpio.c.obj
 .debug_ranges  0x000004e0       0xa0 CMakeFiles/RGBtest.elf.dir/Drivers/STM32F1xx_HAL_Driver/Src/stm32f1xx_hal_rcc.c.obj
 .debug_ranges  0x00000580      0x1f0 CMakeFiles/RGBtest.elf.dir/Drivers/STM32F1xx_HAL_Driver/Src/stm32f1xx_hal_uart.c.obj
 .debug_ranges  0x00000770       0x20 CMakeFiles/RGBtest.elf.dir/startup/startup_stm32f103xb.s.obj

.debug_line     0x00000000     0x6bab
 .debug_line    0x00000000      0x658 CMakeFiles/RGBtest.elf.dir/Core/Src/MPU6050.c.obj
 .debug_line    0x00000658      0x49e CMakeFiles/RGBtest.elf.dir/Core/Src/UART.c.obj
 .debug_line    0x00000af6      0x220 CMakeFiles/RGBtest.elf.dir/Core/Src/gpio.c.obj
 .debug_line    0x00000d16      0x3b1 CMakeFiles/RGBtest.elf.dir/Core/Src/main.c.obj
 .debug_line    0x000010c7      0xcf1 CMakeFiles/RGBtest.elf.dir/Core/Src/oled.c.obj
 .debug_line    0x00001db8      0x166 CMakeFiles/RGBtest.elf.dir/Core/Src/stm32f1xx_hal_msp.c.obj
 .debug_line    0x00001f1e      0x1d1 CMakeFiles/RGBtest.elf.dir/Core/Src/stm32f1xx_it.c.obj
 .debug_line    0x000020ef      0x230 CMakeFiles/RGBtest.elf.dir/Core/Src/system_stm32f1xx.c.obj
 .debug_line    0x0000231f      0x646 CMakeFiles/RGBtest.elf.dir/Core/Src/u_iic.c.obj
 .debug_line    0x00002965      0x31f CMakeFiles/RGBtest.elf.dir/Core/Src/usart.c.obj
 .debug_line    0x00002c84      0x55a CMakeFiles/RGBtest.elf.dir/Drivers/STM32F1xx_HAL_Driver/Src/stm32f1xx_hal.c.obj
 .debug_line    0x000031de      0x644 CMakeFiles/RGBtest.elf.dir/Drivers/STM32F1xx_HAL_Driver/Src/stm32f1xx_hal_cortex.c.obj
 .debug_line    0x00003822      0x5ee CMakeFiles/RGBtest.elf.dir/Drivers/STM32F1xx_HAL_Driver/Src/stm32f1xx_hal_gpio.c.obj
 .debug_line    0x00003e10      0xc37 CMakeFiles/RGBtest.elf.dir/Drivers/STM32F1xx_HAL_Driver/Src/stm32f1xx_hal_rcc.c.obj
 .debug_line    0x00004a47     0x20c6 CMakeFiles/RGBtest.elf.dir/Drivers/STM32F1xx_HAL_Driver/Src/stm32f1xx_hal_uart.c.obj
 .debug_line    0x00006b0d       0x9e CMakeFiles/RGBtest.elf.dir/startup/startup_stm32f103xb.s.obj

.debug_str      0x00000000     0x2819
 .debug_str     0x00000000      0x3fd CMakeFiles/RGBtest.elf.dir/Core/Src/MPU6050.c.obj
                                0x476 (size before relaxing)
 .debug_str     0x000003fd      0x865 CMakeFiles/RGBtest.elf.dir/Core/Src/UART.c.obj
                                0xa99 (size before relaxing)
 .debug_str     0x00000c62       0xfd CMakeFiles/RGBtest.elf.dir/Core/Src/gpio.c.obj
                                0x2b7 (size before relaxing)
 .debug_str     0x00000d5f      0x1f2 CMakeFiles/RGBtest.elf.dir/Core/Src/main.c.obj
                                0x453 (size before relaxing)
 .debug_str     0x00000f51      0x1fa CMakeFiles/RGBtest.elf.dir/Core/Src/oled.c.obj
                                0x3f9 (size before relaxing)
 .debug_str     0x0000114b       0x78 CMakeFiles/RGBtest.elf.dir/Core/Src/stm32f1xx_hal_msp.c.obj
                                0x259 (size before relaxing)
 .debug_str     0x000011c3       0xec CMakeFiles/RGBtest.elf.dir/Core/Src/stm32f1xx_it.c.obj
                                0x273 (size before relaxing)
 .debug_str     0x000012af       0x9c CMakeFiles/RGBtest.elf.dir/Core/Src/system_stm32f1xx.c.obj
                                0x28e (size before relaxing)
 .debug_str     0x0000134b       0xf4 CMakeFiles/RGBtest.elf.dir/Core/Src/u_iic.c.obj
                                0x3b8 (size before relaxing)
 .debug_str     0x0000143f       0x7f CMakeFiles/RGBtest.elf.dir/Core/Src/usart.c.obj
                                0x6d2 (size before relaxing)
 .debug_str     0x000014be      0x60c CMakeFiles/RGBtest.elf.dir/Drivers/STM32F1xx_HAL_Driver/Src/stm32f1xx_hal.c.obj
                                0x85e (size before relaxing)
 .debug_str     0x00001aca      0x3e3 CMakeFiles/RGBtest.elf.dir/Drivers/STM32F1xx_HAL_Driver/Src/stm32f1xx_hal_cortex.c.obj
                                0x90d (size before relaxing)
 .debug_str     0x00001ead      0x122 CMakeFiles/RGBtest.elf.dir/Drivers/STM32F1xx_HAL_Driver/Src/stm32f1xx_hal_gpio.c.obj
                                0x43a (size before relaxing)
 .debug_str     0x00001fcf      0x1e9 CMakeFiles/RGBtest.elf.dir/Drivers/STM32F1xx_HAL_Driver/Src/stm32f1xx_hal_rcc.c.obj
                                0x665 (size before relaxing)
 .debug_str     0x000021b8      0x614 CMakeFiles/RGBtest.elf.dir/Drivers/STM32F1xx_HAL_Driver/Src/stm32f1xx_hal_uart.c.obj
                                0xcc8 (size before relaxing)
 .debug_str     0x000027cc       0x4d CMakeFiles/RGBtest.elf.dir/startup/startup_stm32f103xb.s.obj
                                 0x80 (size before relaxing)

.comment        0x00000000       0x49
 .comment       0x00000000       0x49 CMakeFiles/RGBtest.elf.dir/Core/Src/MPU6050.c.obj
                                 0x4a (size before relaxing)
 .comment       0x00000049       0x4a CMakeFiles/RGBtest.elf.dir/Core/Src/UART.c.obj
 .comment       0x00000049       0x4a CMakeFiles/RGBtest.elf.dir/Core/Src/gpio.c.obj
 .comment       0x00000049       0x4a CMakeFiles/RGBtest.elf.dir/Core/Src/main.c.obj
 .comment       0x00000049       0x4a CMakeFiles/RGBtest.elf.dir/Core/Src/oled.c.obj
 .comment       0x00000049       0x4a CMakeFiles/RGBtest.elf.dir/Core/Src/stm32f1xx_hal_msp.c.obj
 .comment       0x00000049       0x4a CMakeFiles/RGBtest.elf.dir/Core/Src/stm32f1xx_it.c.obj
 .comment       0x00000049       0x4a CMakeFiles/RGBtest.elf.dir/Core/Src/system_stm32f1xx.c.obj
 .comment       0x00000049       0x4a CMakeFiles/RGBtest.elf.dir/Core/Src/u_iic.c.obj
 .comment       0x00000049       0x4a CMakeFiles/RGBtest.elf.dir/Core/Src/usart.c.obj
 .comment       0x00000049       0x4a CMakeFiles/RGBtest.elf.dir/Drivers/STM32F1xx_HAL_Driver/Src/stm32f1xx_hal.c.obj
 .comment       0x00000049       0x4a CMakeFiles/RGBtest.elf.dir/Drivers/STM32F1xx_HAL_Driver/Src/stm32f1xx_hal_cortex.c.obj
 .comment       0x00000049       0x4a CMakeFiles/RGBtest.elf.dir/Drivers/STM32F1xx_HAL_Driver/Src/stm32f1xx_hal_gpio.c.obj
 .comment       0x00000049       0x4a CMakeFiles/RGBtest.elf.dir/Drivers/STM32F1xx_HAL_Driver/Src/stm32f1xx_hal_rcc.c.obj
 .comment       0x00000049       0x4a CMakeFiles/RGBtest.elf.dir/Drivers/STM32F1xx_HAL_Driver/Src/stm32f1xx_hal_uart.c.obj

.debug_frame    0x00000000     0x1790
 .debug_frame   0x00000000      0x1dc CMakeFiles/RGBtest.elf.dir/Core/Src/MPU6050.c.obj
 .debug_frame   0x000001dc      0x130 CMakeFiles/RGBtest.elf.dir/Core/Src/UART.c.obj
 .debug_frame   0x0000030c       0x38 CMakeFiles/RGBtest.elf.dir/Core/Src/gpio.c.obj
 .debug_frame   0x00000344       0x58 CMakeFiles/RGBtest.elf.dir/Core/Src/main.c.obj
 .debug_frame   0x0000039c      0x2c0 CMakeFiles/RGBtest.elf.dir/Core/Src/oled.c.obj
 .debug_frame   0x0000065c       0x28 CMakeFiles/RGBtest.elf.dir/Core/Src/stm32f1xx_hal_msp.c.obj
 .debug_frame   0x00000684       0xb0 CMakeFiles/RGBtest.elf.dir/Core/Src/stm32f1xx_it.c.obj
 .debug_frame   0x00000734       0x30 CMakeFiles/RGBtest.elf.dir/Core/Src/system_stm32f1xx.c.obj
 .debug_frame   0x00000764      0x1a4 CMakeFiles/RGBtest.elf.dir/Core/Src/u_iic.c.obj
 .debug_frame   0x00000908       0x60 CMakeFiles/RGBtest.elf.dir/Core/Src/usart.c.obj
 .debug_frame   0x00000968      0x1cc CMakeFiles/RGBtest.elf.dir/Drivers/STM32F1xx_HAL_Driver/Src/stm32f1xx_hal.c.obj
 .debug_frame   0x00000b34      0x118 CMakeFiles/RGBtest.elf.dir/Drivers/STM32F1xx_HAL_Driver/Src/stm32f1xx_hal_cortex.c.obj
 .debug_frame   0x00000c4c       0xe4 CMakeFiles/RGBtest.elf.dir/Drivers/STM32F1xx_HAL_Driver/Src/stm32f1xx_hal_gpio.c.obj
 .debug_frame   0x00000d30      0x190 CMakeFiles/RGBtest.elf.dir/Drivers/STM32F1xx_HAL_Driver/Src/stm32f1xx_hal_rcc.c.obj
 .debug_frame   0x00000ec0      0x5c4 CMakeFiles/RGBtest.elf.dir/Drivers/STM32F1xx_HAL_Driver/Src/stm32f1xx_hal_uart.c.obj
 .debug_frame   0x00001484       0xac f:/gcc-arm-none-eabi/bin/../lib/gcc/arm-none-eabi/10.3.1/thumb/v7-m/nofp\libgcc.a(_arm_addsubdf3.o)
 .debug_frame   0x00001530       0x50 f:/gcc-arm-none-eabi/bin/../lib/gcc/arm-none-eabi/10.3.1/thumb/v7-m/nofp\libgcc.a(_arm_muldivdf3.o)
 .debug_frame   0x00001580       0x24 f:/gcc-arm-none-eabi/bin/../lib/gcc/arm-none-eabi/10.3.1/thumb/v7-m/nofp\libgcc.a(_arm_truncdfsf2.o)
 .debug_frame   0x000015a4       0x2c f:/gcc-arm-none-eabi/bin/../lib/gcc/arm-none-eabi/10.3.1/../../../../arm-none-eabi/lib/thumb/v7-m/nofp\libg.a(lib_a-init.o)
 .debug_frame   0x000015d0       0x2c f:/gcc-arm-none-eabi/bin/../lib/gcc/arm-none-eabi/10.3.1/../../../../arm-none-eabi/lib/thumb/v7-m/nofp\libg.a(lib_a-memset.o)
 .debug_frame   0x000015fc       0x5c f:/gcc-arm-none-eabi/bin/../lib/gcc/arm-none-eabi/10.3.1/../../../../arm-none-eabi/lib/thumb/v7-m/nofp\libg.a(lib_a-__call_atexit.o)
 .debug_frame   0x00001658       0x20 f:/gcc-arm-none-eabi/bin/../lib/gcc/arm-none-eabi/10.3.1/../../../../arm-none-eabi/lib/thumb/v7-m/nofp\libg.a(lib_a-atexit.o)
 .debug_frame   0x00001678       0x34 f:/gcc-arm-none-eabi/bin/../lib/gcc/arm-none-eabi/10.3.1/../../../../arm-none-eabi/lib/thumb/v7-m/nofp\libg.a(lib_a-fini.o)
 .debug_frame   0x000016ac       0xb0 f:/gcc-arm-none-eabi/bin/../lib/gcc/arm-none-eabi/10.3.1/../../../../arm-none-eabi/lib/thumb/v7-m/nofp\libg.a(lib_a-lock.o)
 .debug_frame   0x0000175c       0x34 f:/gcc-arm-none-eabi/bin/../lib/gcc/arm-none-eabi/10.3.1/../../../../arm-none-eabi/lib/thumb/v7-m/nofp\libg.a(lib_a-__atexit.o)
