Archive member included to satisfy reference by file (symbol)

f:/gcc-arm-none-eabi/bin/../lib/gcc/arm-none-eabi/10.3.1/thumb/v7-m/nofp\libgcc.a(_arm_muldf3.o)
                              CMakeFiles/RGBtest.elf.dir/Core/Src/MPU6050.c.obj (__aeabi_dmul)
f:/gcc-arm-none-eabi/bin/../lib/gcc/arm-none-eabi/10.3.1/thumb/v7-m/nofp\libgcc.a(_arm_mulsf3.o)
                              CMakeFiles/RGBtest.elf.dir/Core/Src/MPU6050.c.obj (__aeabi_fmul)
f:/gcc-arm-none-eabi/bin/../lib/gcc/arm-none-eabi/10.3.1/thumb/v7-m/nofp\libgcc.a(_arm_addsubdf3.o)
                              CMakeFiles/RGBtest.elf.dir/Core/Src/MPU6050.c.obj (__aeabi_dadd)
f:/gcc-arm-none-eabi/bin/../lib/gcc/arm-none-eabi/10.3.1/thumb/v7-m/nofp\libgcc.a(_arm_muldivdf3.o)
                              CMakeFiles/RGBtest.elf.dir/Core/Src/MPU6050.c.obj (__aeabi_ddiv)
f:/gcc-arm-none-eabi/bin/../lib/gcc/arm-none-eabi/10.3.1/thumb/v7-m/nofp\libgcc.a(_arm_truncdfsf2.o)
                              CMakeFiles/RGBtest.elf.dir/Core/Src/MPU6050.c.obj (__aeabi_d2f)
f:/gcc-arm-none-eabi/bin/../lib/gcc/arm-none-eabi/10.3.1/thumb/v7-m/nofp\libgcc.a(_arm_addsubsf3.o)
                              CMakeFiles/RGBtest.elf.dir/Core/Src/MPU6050.c.obj (__aeabi_fsub)
f:/gcc-arm-none-eabi/bin/../lib/gcc/arm-none-eabi/10.3.1/thumb/v7-m/nofp\libgcc.a(_arm_muldivsf3.o)
                              CMakeFiles/RGBtest.elf.dir/Core/eMPL/inv_mpu.c.obj (__aeabi_fdiv)
f:/gcc-arm-none-eabi/bin/../lib/gcc/arm-none-eabi/10.3.1/thumb/v7-m/nofp\libgcc.a(_arm_cmpsf2.o)
                              CMakeFiles/RGBtest.elf.dir/Core/eMPL/inv_mpu.c.obj (__aeabi_fcmpeq)
f:/gcc-arm-none-eabi/bin/../lib/gcc/arm-none-eabi/10.3.1/thumb/v7-m/nofp\libgcc.a(_arm_fixsfsi.o)
                              CMakeFiles/RGBtest.elf.dir/Core/eMPL/inv_mpu.c.obj (__aeabi_f2iz)
f:/gcc-arm-none-eabi/bin/../lib/gcc/arm-none-eabi/10.3.1/thumb/v7-m/nofp\libgcc.a(_arm_fixunssfsi.o)
                              CMakeFiles/RGBtest.elf.dir/Core/eMPL/inv_mpu_dmp_motion_driver.c.obj (__aeabi_f2uiz)
f:/gcc-arm-none-eabi/bin/../lib/gcc/arm-none-eabi/10.3.1/thumb/v7-m/nofp\libgcc.a(_aeabi_ldivmod.o)
                              CMakeFiles/RGBtest.elf.dir/Core/eMPL/inv_mpu.c.obj (__aeabi_ldivmod)
f:/gcc-arm-none-eabi/bin/../lib/gcc/arm-none-eabi/10.3.1/thumb/v7-m/nofp\libgcc.a(_udivmoddi4.o)
                              f:/gcc-arm-none-eabi/bin/../lib/gcc/arm-none-eabi/10.3.1/thumb/v7-m/nofp\libgcc.a(_aeabi_ldivmod.o) (__udivmoddi4)
f:/gcc-arm-none-eabi/bin/../lib/gcc/arm-none-eabi/10.3.1/thumb/v7-m/nofp\libgcc.a(_dvmd_tls.o)
                              f:/gcc-arm-none-eabi/bin/../lib/gcc/arm-none-eabi/10.3.1/thumb/v7-m/nofp\libgcc.a(_aeabi_ldivmod.o) (__aeabi_ldiv0)
f:/gcc-arm-none-eabi/bin/../lib/gcc/arm-none-eabi/10.3.1/../../../../arm-none-eabi/lib/thumb/v7-m/nofp\libg.a(lib_a-errno.o)
                              CMakeFiles/RGBtest.elf.dir/Core/Src/syscalls.c.obj (__errno)
f:/gcc-arm-none-eabi/bin/../lib/gcc/arm-none-eabi/10.3.1/../../../../arm-none-eabi/lib/thumb/v7-m/nofp\libg.a(lib_a-exit.o)
                              f:/gcc-arm-none-eabi/bin/../lib/gcc/arm-none-eabi/10.3.1/../../../../arm-none-eabi/lib/thumb/v7-m/nofp/crt0.o (exit)
f:/gcc-arm-none-eabi/bin/../lib/gcc/arm-none-eabi/10.3.1/../../../../arm-none-eabi/lib/thumb/v7-m/nofp\libg.a(lib_a-impure.o)
                              f:/gcc-arm-none-eabi/bin/../lib/gcc/arm-none-eabi/10.3.1/../../../../arm-none-eabi/lib/thumb/v7-m/nofp\libg.a(lib_a-exit.o) (_global_impure_ptr)
f:/gcc-arm-none-eabi/bin/../lib/gcc/arm-none-eabi/10.3.1/../../../../arm-none-eabi/lib/thumb/v7-m/nofp\libg.a(lib_a-init.o)
                              f:/gcc-arm-none-eabi/bin/../lib/gcc/arm-none-eabi/10.3.1/../../../../arm-none-eabi/lib/thumb/v7-m/nofp/crt0.o (__libc_init_array)
f:/gcc-arm-none-eabi/bin/../lib/gcc/arm-none-eabi/10.3.1/../../../../arm-none-eabi/lib/thumb/v7-m/nofp\libg.a(lib_a-memcmp.o)
                              CMakeFiles/RGBtest.elf.dir/Core/eMPL/inv_mpu.c.obj (memcmp)
f:/gcc-arm-none-eabi/bin/../lib/gcc/arm-none-eabi/10.3.1/../../../../arm-none-eabi/lib/thumb/v7-m/nofp\libg.a(lib_a-memset.o)
                              f:/gcc-arm-none-eabi/bin/../lib/gcc/arm-none-eabi/10.3.1/../../../../arm-none-eabi/lib/thumb/v7-m/nofp/crt0.o (memset)
f:/gcc-arm-none-eabi/bin/../lib/gcc/arm-none-eabi/10.3.1/../../../../arm-none-eabi/lib/thumb/v7-m/nofp\libg.a(lib_a-printf.o)
                              CMakeFiles/RGBtest.elf.dir/Core/eMPL/inv_mpu.c.obj (printf)
f:/gcc-arm-none-eabi/bin/../lib/gcc/arm-none-eabi/10.3.1/../../../../arm-none-eabi/lib/thumb/v7-m/nofp\libg.a(lib_a-puts.o)
                              CMakeFiles/RGBtest.elf.dir/Core/Src/UART.c.obj (puts)
f:/gcc-arm-none-eabi/bin/../lib/gcc/arm-none-eabi/10.3.1/../../../../arm-none-eabi/lib/thumb/v7-m/nofp\libg.a(lib_a-strlen-stub.o)
                              f:/gcc-arm-none-eabi/bin/../lib/gcc/arm-none-eabi/10.3.1/../../../../arm-none-eabi/lib/thumb/v7-m/nofp\libg.a(lib_a-puts.o) (strlen)
[...]
Memory Configuration

Name             Origin             Length             Attributes
RAM              0x20000000         0x00005000         xrw
FLASH            0x08000000         0x00010000         xr
*default*        0x00000000         0xffffffff

Linker script and memory map

LOAD f:/gcc-arm-none-eabi/bin/../lib/gcc/arm-none-eabi/10.3.1/thumb/v7-m/nofp/crti.o
LOAD f:/gcc-arm-none-eabi/bin/../lib/gcc/arm-none-eabi/10.3.1/thumb/v7-m/nofp/crtbegin.o
LOAD f:/gcc-arm-none-eabi/bin/../lib/gcc/arm-none-eabi/10.3.1/../../../../arm-none-eabi/lib/thumb/v7-m/nofp/crt0.o
LOAD CMakeFiles/RGBtest.elf.dir/Core/Src/MPU6050.c.obj
LOAD CMakeFiles/RGBtest.elf.dir/Core/Src/UART.c.obj
LOAD CMakeFiles/RGBtest.elf.dir/Core/Src/gpio.c.obj
LOAD CMakeFiles/RGBtest.elf.dir/Core/Src/main.c.obj
LOAD CMakeFiles/RGBtest.elf.dir/Core/Src/oled.c.obj
LOAD CMakeFiles/RGBtest.elf.dir/Core/Src/stm32f1xx_hal_msp.c.obj
LOAD CMakeFiles/RGBtest.elf.dir/Core/Src/stm32f1xx_it.c.obj
LOAD CMakeFiles/RGBtest.elf.dir/Core/Src/syscalls.c.obj
LOAD CMakeFiles/RGBtest.elf.dir/Core/Src/system_stm32f1xx.c.obj
LOAD CMakeFiles/RGBtest.elf.dir/Core/Src/u_iic.c.obj
LOAD CMakeFiles/RGBtest.elf.dir/Core/Src/usart.c.obj
LOAD CMakeFiles/RGBtest.elf.dir/Core/eMPL/inv_mpu.c.obj
LOAD CMakeFiles/RGBtest.elf.dir/Core/eMPL/inv_mpu_dmp_motion_driver.c.obj
LOAD CMakeFiles/RGBtest.elf.dir/Drivers/STM32F1xx_HAL_Driver/Src/stm32f1xx_hal.c.obj
LOAD CMakeFiles/RGBtest.elf.dir/Drivers/STM32F1xx_HAL_Driver/Src/stm32f1xx_hal_cortex.c.obj
LOAD CMakeFiles/RGBtest.elf.dir/Drivers/STM32F1xx_HAL_Driver/Src/stm32f1xx_hal_dma.c.obj
LOAD CMakeFiles/RGBtest.elf.dir/Drivers/STM32F1xx_HAL_Driver/Src/stm32f1xx_hal_exti.c.obj
LOAD CMakeFiles/RGBtest.elf.dir/Drivers/STM32F1xx_HAL_Driver/Src/stm32f1xx_hal_flash.c.obj
LOAD CMakeFiles/RGBtest.elf.dir/Drivers/STM32F1xx_HAL_Driver/Src/stm32f1xx_hal_flash_ex.c.obj
LOAD CMakeFiles/RGBtest.elf.dir/Drivers/STM32F1xx_HAL_Driver/Src/stm32f1xx_hal_gpio.c.obj
LOAD CMakeFiles/RGBtest.elf.dir/Drivers/STM32F1xx_HAL_Driver/Src/stm32f1xx_hal_gpio_ex.c.obj
LOAD CMakeFiles/RGBtest.elf.dir/Drivers/STM32F1xx_HAL_Driver/Src/stm32f1xx_hal_pwr.c.obj
LOAD CMakeFiles/RGBtest.elf.dir/Drivers/STM32F1xx_HAL_Driver/Src/stm32f1xx_hal_rcc.c.obj
LOAD CMakeFiles/RGBtest.elf.dir/Drivers/STM32F1xx_HAL_Driver/Src/stm32f1xx_hal_rcc_ex.c.obj
LOAD CMakeFiles/RGBtest.elf.dir/Drivers/STM32F1xx_HAL_Driver/Src/stm32f1xx_hal_tim.c.obj
LOAD CMakeFiles/RGBtest.elf.dir/Drivers/STM32F1xx_HAL_Driver/Src/stm32f1xx_hal_tim_ex.c.obj
LOAD CMakeFiles/RGBtest.elf.dir/Drivers/STM32F1xx_HAL_Driver/Src/stm32f1xx_hal_uart.c.obj
LOAD CMakeFiles/RGBtest.elf.dir/startup/startup_stm32f103xb.s.obj
START GROUP
LOAD f:/gcc-arm-none-eabi/bin/../lib/gcc/arm-none-eabi/10.3.1/thumb/v7-m/nofp\libgcc.a
LOAD f:/gcc-arm-none-eabi/bin/../lib/gcc/arm-none-eabi/10.3.1/../../../../arm-none-eabi/lib/thumb/v7-m/nofp\libg.a
LOAD f:/gcc-arm-none-eabi/bin/../lib/gcc/arm-none-eabi/10.3.1/../../../../arm-none-eabi/lib/thumb/v7-m/nofp\libc.a
END GROUP
LOAD f:/gcc-arm-none-eabi/bin/../lib/gcc/arm-none-eabi/10.3.1/thumb/v7-m/nofp/crtend.o
LOAD f:/gcc-arm-none-eabi/bin/../lib/gcc/arm-none-eabi/10.3.1/thumb/v7-m/nofp/crtn.o
                0x20005000                _estack = (ORIGIN (RAM) + LENGTH (RAM))
                0x00000200                _Min_Heap_Size = 0x200
                0x00000400                _Min_Stack_Size = 0x400

.isr_vector     0x08000000      0x10c
                0x08000000                . = ALIGN (0x4)
 *(.isr_vector)
 .isr_vector    0x08000000      0x10c CMakeFiles/RGBtest.elf.dir/startup/startup_stm32f103xb.s.obj
                0x08000000                g_pfnVectors
                0x0800010c                . = ALIGN (0x4)

.text           0x08000110     0xbfd8
                0x08000110                . = ALIGN (0x4)
 *(.text)
 .text          0x08000110       0x40 f:/gcc-arm-none-eabi/bin/../lib/gcc/arm-none-eabi/10.3.1/thumb/v7-m/nofp/crtbegin.o
 .text          0x08000150      0x378 f:/gcc-arm-none-eabi/bin/../lib/gcc/arm-none-eabi/10.3.1/thumb/v7-m/nofp\libgcc.a(_arm_addsubdf3.o)
                0x08000150                __aeabi_drsub
                0x08000158                __aeabi_dsub
                0x08000158                __subdf3
                0x0800015c                __aeabi_dadd
                0x0800015c                __adddf3
                0x080003d4                __floatunsidf
                0x080003d4                __aeabi_ui2d
                0x080003f4                __floatsidf
                0x080003f4                __aeabi_i2d
                0x08000418                __aeabi_f2d
                0x08000418                __extendsfdf2
                0x0800045c                __floatundidf
                0x0800045c                __aeabi_ul2d
                0x0800046c                __floatdidf
                0x0800046c                __aeabi_l2d
 .text          0x080004c8      0x424 f:/gcc-arm-none-eabi/bin/../lib/gcc/arm-none-eabi/10.3.1/thumb/v7-m/nofp\libgcc.a(_arm_muldivdf3.o)
                0x080004c8                __aeabi_dmul
                0x080004c8                __muldf3
                0x0800071c                __divdf3
                0x0800071c                __aeabi_ddiv
 .text          0x080008ec       0xa0 f:/gcc-arm-none-eabi/bin/../lib/gcc/arm-none-eabi/10.3.1/thumb/v7-m/nofp\libgcc.a(_arm_truncdfsf2.o)
                0x080008ec                __truncdfsf2
                0x080008ec                __aeabi_d2f
 .text          0x0800098c      0x21c f:/gcc-arm-none-eabi/bin/../lib/gcc/arm-none-eabi/10.3.1/thumb/v7-m/nofp\libgcc.a(_arm_addsubsf3.o)
                0x0800098c                __aeabi_frsub
                0x08000994                __subsf3
                0x08000994                __aeabi_fsub
                0x08000998                __aeabi_fadd
                0x08000998                __addsf3
                0x08000af8                __aeabi_ui2f
                0x08000af8                __floatunsisf
                0x08000b00                __aeabi_i2f
                0x08000b00                __floatsisf
                0x08000b1c                __aeabi_ul2f
                0x08000b1c                __floatundisf
                0x08000b2c                __aeabi_l2f
                0x08000b2c                __floatdisf
 .text          0x08000ba8      0x2a0 f:/gcc-arm-none-eabi/bin/../lib/gcc/arm-none-eabi/10.3.1/thumb/v7-m/nofp\libgcc.a(_arm_muldivsf3.o)
                0x08000ba8                __mulsf3
                0x08000ba8                __aeabi_fmul
                0x08000d10                __aeabi_fdiv
                0x08000d10                __divsf3
 .text          0x08000e48       0xec f:/gcc-arm-none-eabi/bin/../lib/gcc/arm-none-eabi/10.3.1/thumb/v7-m/nofp\libgcc.a(_arm_cmpsf2.o)
                0x08000e48                __gesf2
                0x08000e48                __gtsf2
                0x08000e50                __lesf2
                0x08000e50                __ltsf2
                0x08000e58                __nesf2
                0x08000e58                __eqsf2
                0x08000e58                __cmpsf2
                0x08000eb8                __aeabi_cfrcmple
                0x08000ec0                __aeabi_cfcmpeq
                0x08000ec0                __aeabi_cfcmple
                0x08000ed0                __aeabi_fcmpeq
                0x08000ee4                __aeabi_fcmplt
                0x08000ef8                __aeabi_fcmple
                0x08000f0c                __aeabi_fcmpge
                0x08000f20                __aeabi_fcmpgt
 .text          0x08000f34       0x4c f:/gcc-arm-none-eabi/bin/../lib/gcc/arm-none-eabi/10.3.1/thumb/v7-m/nofp\libgcc.a(_arm_fixsfsi.o)
                0x08000f34                __aeabi_f2iz
                0x08000f34                __fixsfsi
 .text          0x08000f80       0x40 f:/gcc-arm-none-eabi/bin/../lib/gcc/arm-none-eabi/10.3.1/thumb/v7-m/nofp\libgcc.a(_arm_fixunssfsi.o)
                0x08000f80                __fixunssfsi
                0x08000f80                __aeabi_f2uiz
 .text          0x08000fc0       0xa0 f:/gcc-arm-none-eabi/bin/../lib/gcc/arm-none-eabi/10.3.1/thumb/v7-m/nofp\libgcc.a(_aeabi_ldivmod.o)
                0x08000fc0                __aeabi_ldivmod
 .text          0x08001060      0x2d4 f:/gcc-arm-none-eabi/bin/../lib/gcc/arm-none-eabi/10.3.1/thumb/v7-m/nofp\libgcc.a(_udivmoddi4.o)
                0x08001060                __udivmoddi4
 .text          0x08001334        0x4 f:/gcc-arm-none-eabi/bin/../lib/gcc/arm-none-eabi/10.3.1/thumb/v7-m/nofp\libgcc.a(_dvmd_tls.o)
                0x08001334                __aeabi_idiv0
                0x08001334                __aeabi_ldiv0
 .text          0x08001338       0xec f:/gcc-arm-none-eabi/bin/../lib/gcc/arm-none-eabi/10.3.1/../../../../arm-none-eabi/lib/thumb/v7-m/nofp\libg.a(lib_a-memcpy.o)
                0x08001338                memcpy
 .text          0x08001424      0x110 f:/gcc-arm-none-eabi/bin/../lib/gcc/arm-none-eabi/10.3.1/thumb/v7-m/nofp\libgcc.a(_arm_cmpdf2.o)
                0x08001424                __gtdf2
                0x08001424                __gedf2
                0x0800142c                __ltdf2
                0x0800142c                __ledf2
                0x08001434                __nedf2
                0x08001434                __eqdf2
                0x08001434                __cmpdf2
                0x080014b0                __aeabi_cdrcmple
                0x080014c0                __aeabi_cdcmpeq
                0x080014c0                __aeabi_cdcmple
                0x080014d0                __aeabi_dcmpeq
                0x080014e4                __aeabi_dcmplt
                0x080014f8                __aeabi_dcmple
                0x0800150c                __aeabi_dcmpge
                0x08001520                __aeabi_dcmpgt
 .text          0x08001534       0x2c f:/gcc-arm-none-eabi/bin/../lib/gcc/arm-none-eabi/10.3.1/thumb/v7-m/nofp\libgcc.a(_arm_unorddf2.o)
                0x08001534                __unorddf2
                0x08001534                __aeabi_dcmpun
 .text          0x08001560       0x50 f:/gcc-arm-none-eabi/bin/../lib/gcc/arm-none-eabi/10.3.1/thumb/v7-m/nofp\libgcc.a(_arm_fixdfsi.o)
                0x08001560                __aeabi_d2iz
                0x08001560                __fixdfsi
 .text          0x080015b0       0x30 f:/gcc-arm-none-eabi/bin/../lib/gcc/arm-none-eabi/10.3.1/thumb/v7-m/nofp\libgcc.a(_aeabi_uldivmod.o)
                0x080015b0                __aeabi_uldivmod
 *(.text*)
 .text.MPU_Write_Len
                0x080015e0        0x8 CMakeFiles/RGBtest.elf.dir/Core/Src/MPU6050.c.obj
                0x080015e0                MPU_Write_Len
 .text.MPU_Read_Len
                0x080015e8        0x8 CMakeFiles/RGBtest.elf.dir/Core/Src/MPU6050.c.obj
                0x080015e8                MPU_Read_Len
 .text.vcan_sendware
                0x080015f0       0x48 CMakeFiles/RGBtest.elf.dir/Core/Src/UART.c.obj
                0x080015f0                vcan_sendware
 .text.MX_GPIO_Init
                0x08001638       0xb8 CMakeFiles/RGBtest.elf.dir/Core/Src/gpio.c.obj
                0x08001638                MX_GPIO_Init
 .text.Error_Handler
                0x080016f0        0x4 CMakeFiles/RGBtest.elf.dir/Core/Src/main.c.obj
                0x080016f0                Error_Handler
 .text.SystemClock_Config
                0x080016f4       0x68 CMakeFiles/RGBtest.elf.dir/Core/Src/main.c.obj
                0x080016f4                SystemClock_Config
 .text.main     0x0800175c       0xb8 CMakeFiles/RGBtest.elf.dir/Core/Src/main.c.obj
                0x0800175c                main
 .text.IIC_delay
                0x08001814        0x4 CMakeFiles/RGBtest.elf.dir/Core/Src/oled.c.obj
                0x08001814                IIC_delay
 .text.I2C_Start
                0x08001818       0x30 CMakeFiles/RGBtest.elf.dir/Core/Src/oled.c.obj
                0x08001818                I2C_Start
 .text.I2C_Stop
                0x08001848       0x20 CMakeFiles/RGBtest.elf.dir/Core/Src/oled.c.obj
                0x08001848                I2C_Stop
 .text.I2C_WaitAck
                0x08001868       0x28 CMakeFiles/RGBtest.elf.dir/Core/Src/oled.c.obj
                0x08001868                I2C_WaitAck
 .text.Send_Byte
                0x08001890       0x48 CMakeFiles/RGBtest.elf.dir/Core/Src/oled.c.obj
                0x08001890                Send_Byte
 .text.OLED_WR_Byte
                0x080018d8       0x38 CMakeFiles/RGBtest.elf.dir/Core/Src/oled.c.obj
                0x080018d8                OLED_WR_Byte
 .text.OLED_Refresh
                0x08001910       0x6c CMakeFiles/RGBtest.elf.dir/Core/Src/oled.c.obj
                0x08001910                OLED_Refresh
 .text.OLED_Clear
                0x0800197c       0x30 CMakeFiles/RGBtest.elf.dir/Core/Src/oled.c.obj
                0x0800197c                OLED_Clear
 .text.OLED_DrawPoint
                0x080019ac       0x48 CMakeFiles/RGBtest.elf.dir/Core/Src/oled.c.obj
                0x080019ac                OLED_DrawPoint
 .text.OLED_ShowChar
                0x080019f4      0x10c CMakeFiles/RGBtest.elf.dir/Core/Src/oled.c.obj
                0x080019f4                OLED_ShowChar
 .text.OLED_ShowString
                0x08001b00       0x4a CMakeFiles/RGBtest.elf.dir/Core/Src/oled.c.obj
                0x08001b00                OLED_ShowString
 .text.OLED_ShowPicture
                0x08001b4a       0xb0 CMakeFiles/RGBtest.elf.dir/Core/Src/oled.c.obj
                0x08001b4a                OLED_ShowPicture
 .text.OLED_Init
                0x08001bfa       0xd8 CMakeFiles/RGBtest.elf.dir/Core/Src/oled.c.obj
                0x08001bfa                OLED_Init
 *fill*         0x08001cd2        0x2 
 .text.HAL_MspInit
                0x08001cd4       0x44 CMakeFiles/RGBtest.elf.dir/Core/Src/stm32f1xx_hal_msp.c.obj
                0x08001cd4                HAL_MspInit
 .text.NMI_Handler
                0x08001d18        0x8 CMakeFiles/RGBtest.elf.dir/Core/Src/stm32f1xx_it.c.obj
                0x08001d18                NMI_Handler
 .text.HardFault_Handler
                0x08001d20        0x2 CMakeFiles/RGBtest.elf.dir/Core/Src/stm32f1xx_it.c.obj
                0x08001d20                HardFault_Handler
 .text.MemManage_Handler
                0x08001d22        0x2 CMakeFiles/RGBtest.elf.dir/Core/Src/stm32f1xx_it.c.obj
                0x08001d22                MemManage_Handler
 .text.BusFault_Handler
                0x08001d24        0x2 CMakeFiles/RGBtest.elf.dir/Core/Src/stm32f1xx_it.c.obj
                0x08001d24                BusFault_Handler
 .text.UsageFault_Handler
                0x08001d26        0x2 CMakeFiles/RGBtest.elf.dir/Core/Src/stm32f1xx_it.c.obj
                0x08001d26                UsageFault_Handler
 .text.SVC_Handler
                0x08001d28        0x2 CMakeFiles/RGBtest.elf.dir/Core/Src/stm32f1xx_it.c.obj
                0x08001d28                SVC_Handler
 .text.DebugMon_Handler
                0x08001d2a        0x2 CMakeFiles/RGBtest.elf.dir/Core/Src/stm32f1xx_it.c.obj
                0x08001d2a                DebugMon_Handler
 .text.PendSV_Handler
                0x08001d2c        0x2 CMakeFiles/RGBtest.elf.dir/Core/Src/stm32f1xx_it.c.obj
                0x08001d2c                PendSV_Handler
 .text.SysTick_Handler
                0x08001d2e        0x8 CMakeFiles/RGBtest.elf.dir/Core/Src/stm32f1xx_it.c.obj
                0x08001d2e                SysTick_Handler
 .text._getpid  0x08001d36        0x4 CMakeFiles/RGBtest.elf.dir/Core/Src/syscalls.c.obj
                0x08001d36                _getpid
 .text._kill    0x08001d3a       0x10 CMakeFiles/RGBtest.elf.dir/Core/Src/syscalls.c.obj
                0x08001d3a                _kill
 .text._exit    0x08001d4a        0xc CMakeFiles/RGBtest.elf.dir/Core/Src/syscalls.c.obj
                0x08001d4a                _exit
 .text._read    0x08001d56       0x20 CMakeFiles/RGBtest.elf.dir/Core/Src/syscalls.c.obj
                0x08001d56                _read
 .text._write   0x08001d76       0x1c CMakeFiles/RGBtest.elf.dir/Core/Src/syscalls.c.obj
                0x08001d76                _write
 *fill*         0x08001d92        0x2 
 .text._sbrk    0x08001d94       0x3c CMakeFiles/RGBtest.elf.dir/Core/Src/syscalls.c.obj
                0x08001d94                _sbrk
 .text._close   0x08001dd0        0x6 CMakeFiles/RGBtest.elf.dir/Core/Src/syscalls.c.obj
                0x08001dd0                _close
 .text._fstat   0x08001dd6        0xa CMakeFiles/RGBtest.elf.dir/Core/Src/syscalls.c.obj
                0x08001dd6                _fstat
 .text._isatty  0x08001de0        0x4 CMakeFiles/RGBtest.elf.dir/Core/Src/syscalls.c.obj
                0x08001de0                _isatty
 .text._lseek   0x08001de4        0x4 CMakeFiles/RGBtest.elf.dir/Core/Src/syscalls.c.obj
                0x08001de4                _lseek
 .text.SystemInit
                0x08001de8        0x2 CMakeFiles/RGBtest.elf.dir/Core/Src/system_stm32f1xx.c.obj
                0x08001de8                SystemInit
 *fill*         0x08001dea        0x2 
 .text.MPU6050_SDA_IN
                0x08001dec       0x28 CMakeFiles/RGBtest.elf.dir/Core/Src/u_iic.c.obj
                0x08001dec                MPU6050_SDA_IN
 .text.MPU6050_SDA_OUT
                0x08001e14       0x2c CMakeFiles/RGBtest.elf.dir/Core/Src/u_iic.c.obj
                0x08001e14                MPU6050_SDA_OUT
 .text.MPU6050_IIC_Start
                0x08001e40       0x38 CMakeFiles/RGBtest.elf.dir/Core/Src/u_iic.c.obj
                0x08001e40                MPU6050_IIC_Start
 .text.MPU6050_IIC_Stop
                0x08001e78       0x38 CMakeFiles/RGBtest.elf.dir/Core/Src/u_iic.c.obj
                0x08001e78                MPU6050_IIC_Stop
 .text.MPU6050_IIC_WaitAck
                0x08001eb0       0x4c CMakeFiles/RGBtest.elf.dir/Core/Src/u_iic.c.obj
                0x08001eb0                MPU6050_IIC_WaitAck
 .text.IIC_Ack  0x08001efc       0x38 CMakeFiles/RGBtest.elf.dir/Core/Src/u_iic.c.obj
                0x08001efc                IIC_Ack
 .text.IIC_NAck
                0x08001f34       0x38 CMakeFiles/RGBtest.elf.dir/Core/Src/u_iic.c.obj
                0x08001f34                IIC_NAck
 .text.IIC_SendByte
                0x08001f6c       0x5c CMakeFiles/RGBtest.elf.dir/Core/Src/u_iic.c.obj
                0x08001f6c                IIC_SendByte
 .text.IIC_ReadByte
                0x08001fc8       0x58 CMakeFiles/RGBtest.elf.dir/Core/Src/u_iic.c.obj
                0x08001fc8                IIC_ReadByte
 .text.IIC_ReadMultByteFromSlave
                0x08002020       0x6c CMakeFiles/RGBtest.elf.dir/Core/Src/u_iic.c.obj
                0x08002020                IIC_ReadMultByteFromSlave
 .text.IIC_WriteMultByteToSlave
                0x0800208c       0x5e CMakeFiles/RGBtest.elf.dir/Core/Src/u_iic.c.obj
                0x0800208c                IIC_WriteMultByteToSlave
 *fill*         0x080020ea        0x2 
 .text.MX_USART3_UART_Init
                0x080020ec       0x34 CMakeFiles/RGBtest.elf.dir/Core/Src/usart.c.obj
                0x080020ec                MX_USART3_UART_Init
 .text.HAL_UART_MspInit
                0x08002120       0x78 CMakeFiles/RGBtest.elf.dir/Core/Src/usart.c.obj
                0x08002120                HAL_UART_MspInit
 .text.get_accel_prod_shift
                0x08002198       0xc4 CMakeFiles/RGBtest.elf.dir/Core/eMPL/inv_mpu.c.obj
 .text.accel_self_test
                0x0800225c       0xa8 CMakeFiles/RGBtest.elf.dir/Core/eMPL/inv_mpu.c.obj
 .text.gyro_self_test
                0x08002304      0x100 CMakeFiles/RGBtest.elf.dir/Core/eMPL/inv_mpu.c.obj
 .text.set_int_enable
                0x08002404       0x98 CMakeFiles/RGBtest.elf.dir/Core/eMPL/inv_mpu.c.obj
 .text.get_st_biases
                0x0800249c      0x428 CMakeFiles/RGBtest.elf.dir/Core/eMPL/inv_mpu.c.obj
 .text.mpu_reset_fifo
                0x080028c4      0x1f8 CMakeFiles/RGBtest.elf.dir/Core/eMPL/inv_mpu.c.obj
                0x080028c4                mpu_reset_fifo
 .text.mpu_get_gyro_fsr
                0x08002abc       0x3c CMakeFiles/RGBtest.elf.dir/Core/eMPL/inv_mpu.c.obj
                0x08002abc                mpu_get_gyro_fsr
 .text.mpu_set_gyro_fsr
                0x08002af8       0x98 CMakeFiles/RGBtest.elf.dir/Core/eMPL/inv_mpu.c.obj
                0x08002af8                mpu_set_gyro_fsr
 .text.mpu_get_accel_fsr
                0x08002b90       0x44 CMakeFiles/RGBtest.elf.dir/Core/eMPL/inv_mpu.c.obj
                0x08002b90                mpu_get_accel_fsr
 .text.mpu_set_accel_fsr
                0x08002bd4       0x94 CMakeFiles/RGBtest.elf.dir/Core/eMPL/inv_mpu.c.obj
                0x08002bd4                mpu_set_accel_fsr
 .text.mpu_get_lpf
                0x08002c68       0x44 CMakeFiles/RGBtest.elf.dir/Core/eMPL/inv_mpu.c.obj
                0x08002c68                mpu_get_lpf
 .text.mpu_set_lpf
                0x08002cac       0x94 CMakeFiles/RGBtest.elf.dir/Core/eMPL/inv_mpu.c.obj
                0x08002cac                mpu_set_lpf
 .text.mpu_get_sample_rate
                0x08002d40       0x1c CMakeFiles/RGBtest.elf.dir/Core/eMPL/inv_mpu.c.obj
                0x08002d40                mpu_get_sample_rate
 .text.mpu_get_gyro_sens
                0x08002d5c       0x4c CMakeFiles/RGBtest.elf.dir/Core/eMPL/inv_mpu.c.obj
                0x08002d5c                mpu_get_gyro_sens
 .text.mpu_get_accel_sens
                0x08002da8       0x4c CMakeFiles/RGBtest.elf.dir/Core/eMPL/inv_mpu.c.obj
                0x08002da8                mpu_get_accel_sens
 .text.mpu_get_fifo_config
                0x08002df4       0x10 CMakeFiles/RGBtest.elf.dir/Core/eMPL/inv_mpu.c.obj
                0x08002df4                mpu_get_fifo_config
 .text.mpu_configure_fifo
                0x08002e04       0x64 CMakeFiles/RGBtest.elf.dir/Core/eMPL/inv_mpu.c.obj
                0x08002e04                mpu_configure_fifo
 .text.mpu_read_fifo_stream
                0x08002e68       0xc0 CMakeFiles/RGBtest.elf.dir/Core/eMPL/inv_mpu.c.obj
                0x08002e68                mpu_read_fifo_stream
 .text.mpu_set_bypass
                0x08002f28      0x168 CMakeFiles/RGBtest.elf.dir/Core/eMPL/inv_mpu.c.obj
                0x08002f28                mpu_set_bypass
 .text.mpu_set_int_latched
                0x08003090       0x74 CMakeFiles/RGBtest.elf.dir/Core/eMPL/inv_mpu.c.obj
                0x08003090                mpu_set_int_latched
 .text.mpu_lp_accel_mode
                0x08003104       0xdc CMakeFiles/RGBtest.elf.dir/Core/eMPL/inv_mpu.c.obj
                0x08003104                mpu_lp_accel_mode
 .text.mpu_set_sample_rate
                0x080031e0       0xa0 CMakeFiles/RGBtest.elf.dir/Core/eMPL/inv_mpu.c.obj
                0x080031e0                mpu_set_sample_rate
 .text.mpu_set_sensors
                0x08003280       0xe4 CMakeFiles/RGBtest.elf.dir/Core/eMPL/inv_mpu.c.obj
                0x08003280                mpu_set_sensors
 .text.mpu_init
                0x08003364      0x1b8 CMakeFiles/RGBtest.elf.dir/Core/eMPL/inv_mpu.c.obj
                0x08003364                mpu_init
 .text.mpu_write_mem
                0x0800351c       0x74 CMakeFiles/RGBtest.elf.dir/Core/eMPL/inv_mpu.c.obj
                0x0800351c                mpu_write_mem
 .text.mpu_read_mem
                0x08003590       0x74 CMakeFiles/RGBtest.elf.dir/Core/eMPL/inv_mpu.c.obj
                0x08003590                mpu_read_mem
 .text.mpu_load_firmware
                0x08003604       0xb4 CMakeFiles/RGBtest.elf.dir/Core/eMPL/inv_mpu.c.obj
                0x08003604                mpu_load_firmware
 .text.mpu_set_dmp_state
                0x080036b8       0x94 CMakeFiles/RGBtest.elf.dir/Core/eMPL/inv_mpu.c.obj
                0x080036b8                mpu_set_dmp_state
 .text.mpu_run_self_test
                0x0800374c      0x104 CMakeFiles/RGBtest.elf.dir/Core/eMPL/inv_mpu.c.obj
                0x0800374c                mpu_run_self_test
 .text.run_self_test
                0x08003850       0x88 CMakeFiles/RGBtest.elf.dir/Core/eMPL/inv_mpu.c.obj
                0x08003850                run_self_test
 .text.inv_row_2_scale
                0x080038d8       0x3a CMakeFiles/RGBtest.elf.dir/Core/eMPL/inv_mpu.c.obj
                0x080038d8                inv_row_2_scale
 .text.inv_orientation_matrix_to_scalar
                0x08003912       0x24 CMakeFiles/RGBtest.elf.dir/Core/eMPL/inv_mpu.c.obj
                0x08003912                inv_orientation_matrix_to_scalar
 .text.mget_ms  0x08003936        0x2 CMakeFiles/RGBtest.elf.dir/Core/eMPL/inv_mpu.c.obj
                0x08003936                mget_ms
 .text.mpu_dmp_init
                0x08003938       0x98 CMakeFiles/RGBtest.elf.dir/Core/eMPL/inv_mpu.c.obj
                0x08003938                mpu_dmp_init
 .text.mpu_dmp_get_data
                0x080039d0      0x1c8 CMakeFiles/RGBtest.elf.dir/Core/eMPL/inv_mpu.c.obj
                0x080039d0                mpu_dmp_get_data
 .text.decode_gesture
                0x08003b98       0x3c CMakeFiles/RGBtest.elf.dir/Core/eMPL/inv_mpu_dmp_motion_driver.c.obj
 .text.dmp_load_motion_driver_firmware
                0x08003bd4       0x18 CMakeFiles/RGBtest.elf.dir/Core/eMPL/inv_mpu_dmp_motion_driver.c.obj
                0x08003bd4                dmp_load_motion_driver_firmware
 .text.dmp_set_orientation
                0x08003bec      0x14c CMakeFiles/RGBtest.elf.dir/Core/eMPL/inv_mpu_dmp_motion_driver.c.obj
                0x08003bec                dmp_set_orientation
 .text.dmp_set_gyro_bias
                0x08003d38      0x110 CMakeFiles/RGBtest.elf.dir/Core/eMPL/inv_mpu_dmp_motion_driver.c.obj
                0x08003d38                dmp_set_gyro_bias
 .text.dmp_set_accel_bias
                0x08003e48       0xf4 CMakeFiles/RGBtest.elf.dir/Core/eMPL/inv_mpu_dmp_motion_driver.c.obj
                0x08003e48                dmp_set_accel_bias
 .text.dmp_set_fifo_rate
                0x08003f3c       0x68 CMakeFiles/RGBtest.elf.dir/Core/eMPL/inv_mpu_dmp_motion_driver.c.obj
                0x08003f3c                dmp_set_fifo_rate
 .text.dmp_set_tap_thresh
                0x08003fa4      0x1a0 CMakeFiles/RGBtest.elf.dir/Core/eMPL/inv_mpu_dmp_motion_driver.c.obj
                0x08003fa4                dmp_set_tap_thresh
 .text.dmp_set_tap_axes
                0x08004144       0x4e CMakeFiles/RGBtest.elf.dir/Core/eMPL/inv_mpu_dmp_motion_driver.c.obj
                0x08004144                dmp_set_tap_axes
 .text.dmp_set_tap_count
                0x08004192       0x2c CMakeFiles/RGBtest.elf.dir/Core/eMPL/inv_mpu_dmp_motion_driver.c.obj
                0x08004192                dmp_set_tap_count
 *fill*         0x080041be        0x2 
 .text.dmp_set_tap_time
                0x080041c0       0x30 CMakeFiles/RGBtest.elf.dir/Core/eMPL/inv_mpu_dmp_motion_driver.c.obj
                0x080041c0                dmp_set_tap_time
 .text.dmp_set_tap_time_multi
                0x080041f0       0x30 CMakeFiles/RGBtest.elf.dir/Core/eMPL/inv_mpu_dmp_motion_driver.c.obj
                0x080041f0                dmp_set_tap_time_multi
 .text.dmp_set_shake_reject_thresh
                0x08004220       0x44 CMakeFiles/RGBtest.elf.dir/Core/eMPL/inv_mpu_dmp_motion_driver.c.obj
                0x08004220                dmp_set_shake_reject_thresh
 .text.dmp_set_shake_reject_time
                0x08004264       0x2c CMakeFiles/RGBtest.elf.dir/Core/eMPL/inv_mpu_dmp_motion_driver.c.obj
                0x08004264                dmp_set_shake_reject_time
 .text.dmp_set_shake_reject_timeout
                0x08004290       0x2c CMakeFiles/RGBtest.elf.dir/Core/eMPL/inv_mpu_dmp_motion_driver.c.obj
                0x08004290                dmp_set_shake_reject_timeout
 .text.dmp_enable_gyro_cal
                0x080042bc       0x44 CMakeFiles/RGBtest.elf.dir/Core/eMPL/inv_mpu_dmp_motion_driver.c.obj
                0x080042bc                dmp_enable_gyro_cal
 .text.dmp_enable_lp_quat
                0x08004300       0x3c CMakeFiles/RGBtest.elf.dir/Core/eMPL/inv_mpu_dmp_motion_driver.c.obj
                0x08004300                dmp_enable_lp_quat
 .text.dmp_enable_6x_lp_quat
                0x0800433c       0x3c CMakeFiles/RGBtest.elf.dir/Core/eMPL/inv_mpu_dmp_motion_driver.c.obj
                0x0800433c                dmp_enable_6x_lp_quat
 .text.dmp_enable_feature
                0x08004378      0x218 CMakeFiles/RGBtest.elf.dir/Core/eMPL/inv_mpu_dmp_motion_driver.c.obj
                0x08004378                dmp_enable_feature
 .text.dmp_read_fifo
                0x08004590      0x1f4 CMakeFiles/RGBtest.elf.dir/Core/eMPL/inv_mpu_dmp_motion_driver.c.obj
                0x08004590                dmp_read_fifo
 .text.HAL_InitTick
                0x08004784       0x4c CMakeFiles/RGBtest.elf.dir/Drivers/STM32F1xx_HAL_Driver/Src/stm32f1xx_hal.c.obj
                0x08004784                HAL_InitTick
 .text.HAL_Init
                0x080047d0       0x24 CMakeFiles/RGBtest.elf.dir/Drivers/STM32F1xx_HAL_Driver/Src/stm32f1xx_hal.c.obj
                0x080047d0                HAL_Init
 .text.HAL_IncTick
                0x080047f4       0x18 CMakeFiles/RGBtest.elf.dir/Drivers/STM32F1xx_HAL_Driver/Src/stm32f1xx_hal.c.obj
                0x080047f4                HAL_IncTick
 .text.HAL_GetTick
                0x0800480c        0xc CMakeFiles/RGBtest.elf.dir/Drivers/STM32F1xx_HAL_Driver/Src/stm32f1xx_hal.c.obj
                0x0800480c                HAL_GetTick
 .text.HAL_Delay
                0x08004818       0x28 CMakeFiles/RGBtest.elf.dir/Drivers/STM32F1xx_HAL_Driver/Src/stm32f1xx_hal.c.obj
                0x08004818                HAL_Delay
 .text.HAL_NVIC_SetPriorityGrouping
                0x08004840       0x24 CMakeFiles/RGBtest.elf.dir/Drivers/STM32F1xx_HAL_Driver/Src/stm32f1xx_hal_cortex.c.obj
                0x08004840                HAL_NVIC_SetPriorityGrouping
 .text.HAL_NVIC_SetPriority
                0x08004864       0x70 CMakeFiles/RGBtest.elf.dir/Drivers/STM32F1xx_HAL_Driver/Src/stm32f1xx_hal_cortex.c.obj
                0x08004864                HAL_NVIC_SetPriority
 .text.HAL_SYSTICK_Config
                0x080048d4       0x28 CMakeFiles/RGBtest.elf.dir/Drivers/STM32F1xx_HAL_Driver/Src/stm32f1xx_hal_cortex.c.obj
                0x080048d4                HAL_SYSTICK_Config
 .text.HAL_GPIO_Init
                0x080048fc      0x224 CMakeFiles/RGBtest.elf.dir/Drivers/STM32F1xx_HAL_Driver/Src/stm32f1xx_hal_gpio.c.obj
                0x080048fc                HAL_GPIO_Init
 .text.HAL_GPIO_ReadPin
                0x08004b20        0xe CMakeFiles/RGBtest.elf.dir/Drivers/STM32F1xx_HAL_Driver/Src/stm32f1xx_hal_gpio.c.obj
                0x08004b20                HAL_GPIO_ReadPin
 .text.HAL_GPIO_WritePin
                0x08004b2e        0xc CMakeFiles/RGBtest.elf.dir/Drivers/STM32F1xx_HAL_Driver/Src/stm32f1xx_hal_gpio.c.obj
                0x08004b2e                HAL_GPIO_WritePin
 *fill*         0x08004b3a        0x2 
 .text.RCC_Delay
                0x08004b3c       0x2c CMakeFiles/RGBtest.elf.dir/Drivers/STM32F1xx_HAL_Driver/Src/stm32f1xx_hal_rcc.c.obj
 .text.HAL_RCC_OscConfig
                0x08004b68      0x410 CMakeFiles/RGBtest.elf.dir/Drivers/STM32F1xx_HAL_Driver/Src/stm32f1xx_hal_rcc.c.obj
                0x08004b68                HAL_RCC_OscConfig
 .text.HAL_RCC_EnableCSS
                0x08004f78        0xc CMakeFiles/RGBtest.elf.dir/Drivers/STM32F1xx_HAL_Driver/Src/stm32f1xx_hal_rcc.c.obj
                0x08004f78                HAL_RCC_EnableCSS
 .text.HAL_RCC_GetSysClockFreq
                0x08004f84       0x70 CMakeFiles/RGBtest.elf.dir/Drivers/STM32F1xx_HAL_Driver/Src/stm32f1xx_hal_rcc.c.obj
                0x08004f84                HAL_RCC_GetSysClockFreq
 .text.HAL_RCC_ClockConfig
                0x08004ff4      0x16c CMakeFiles/RGBtest.elf.dir/Drivers/STM32F1xx_HAL_Driver/Src/stm32f1xx_hal_rcc.c.obj
                0x08004ff4                HAL_RCC_ClockConfig
 .text.HAL_RCC_GetHCLKFreq
                0x08005160        0xc CMakeFiles/RGBtest.elf.dir/Drivers/STM32F1xx_HAL_Driver/Src/stm32f1xx_hal_rcc.c.obj
                0x08005160                HAL_RCC_GetHCLKFreq
 .text.HAL_RCC_GetPCLK1Freq
                0x0800516c       0x20 CMakeFiles/RGBtest.elf.dir/Drivers/STM32F1xx_HAL_Driver/Src/stm32f1xx_hal_rcc.c.obj
                0x0800516c                HAL_RCC_GetPCLK1Freq
 .text.HAL_RCC_GetPCLK2Freq
                0x0800518c       0x20 CMakeFiles/RGBtest.elf.dir/Drivers/STM32F1xx_HAL_Driver/Src/stm32f1xx_hal_rcc.c.obj
                0x0800518c                HAL_RCC_GetPCLK2Freq
 .text.HAL_RCC_CSSCallback
                0x080051ac        0x2 CMakeFiles/RGBtest.elf.dir/Drivers/STM32F1xx_HAL_Driver/Src/stm32f1xx_hal_rcc.c.obj
                0x080051ac                HAL_RCC_CSSCallback
 *fill*         0x080051ae        0x2 
 .text.HAL_RCC_NMI_IRQHandler
                0x080051b0       0x20 CMakeFiles/RGBtest.elf.dir/Drivers/STM32F1xx_HAL_Driver/Src/stm32f1xx_hal_rcc.c.obj
                0x080051b0                HAL_RCC_NMI_IRQHandler
 .text.UART_SetConfig
                0x080051d0       0x94 CMakeFiles/RGBtest.elf.dir/Drivers/STM32F1xx_HAL_Driver/Src/stm32f1xx_hal_uart.c.obj
 .text.UART_WaitOnFlagUntilTimeout
                0x08005264       0x6c CMakeFiles/RGBtest.elf.dir/Drivers/STM32F1xx_HAL_Driver/Src/stm32f1xx_hal_uart.c.obj
 .text.HAL_UART_Init
                0x080052d0       0x5e CMakeFiles/RGBtest.elf.dir/Drivers/STM32F1xx_HAL_Driver/Src/stm32f1xx_hal_uart.c.obj
                0x080052d0                HAL_UART_Init
 .text.HAL_UART_Transmit
                0x0800532e       0xd8 CMakeFiles/RGBtest.elf.dir/Drivers/STM32F1xx_HAL_Driver/Src/stm32f1xx_hal_uart.c.obj
                0x0800532e                HAL_UART_Transmit
 *fill*         0x08005406        0x2 
 .text.Reset_Handler
                0x08005408       0x48 CMakeFiles/RGBtest.elf.dir/startup/startup_stm32f103xb.s.obj
                0x08005408                Reset_Handler
 .text.Default_Handler
                0x08005450        0x2 CMakeFiles/RGBtest.elf.dir/startup/startup_stm32f103xb.s.obj
                0x08005450                RTC_Alarm_IRQHandler
                0x08005450                EXTI2_IRQHandler
                0x08005450                TIM1_CC_IRQHandler
                0x08005450                PVD_IRQHandler
                0x08005450                EXTI3_IRQHandler
                0x08005450                EXTI0_IRQHandler
                0x08005450                I2C2_EV_IRQHandler
                0x08005450                ADC1_2_IRQHandler
                0x08005450                SPI1_IRQHandler
                0x08005450                TAMPER_IRQHandler
                0x08005450                DMA1_Channel4_IRQHandler
                0x08005450                USART3_IRQHandler
                0x08005450                RTC_IRQHandler
                0x08005450                DMA1_Channel7_IRQHandler
                0x08005450                CAN1_RX1_IRQHandler
                0x08005450                TIM4_IRQHandler
                0x08005450                I2C1_EV_IRQHandler
                0x08005450                DMA1_Channel6_IRQHandler
                0x08005450                TIM3_IRQHandler
                0x08005450                RCC_IRQHandler
                0x08005450                TIM1_TRG_COM_IRQHandler
                0x08005450                DMA1_Channel1_IRQHandler
                0x08005450                Default_Handler
                0x08005450                EXTI15_10_IRQHandler
                0x08005450                EXTI9_5_IRQHandler
                0x08005450                SPI2_IRQHandler
                0x08005450                DMA1_Channel5_IRQHandler
                0x08005450                EXTI4_IRQHandler
                0x08005450                USB_LP_CAN1_RX0_IRQHandler
                0x08005450                USB_HP_CAN1_TX_IRQHandler
                0x08005450                DMA1_Channel3_IRQHandler
                0x08005450                TIM1_UP_IRQHandler
                0x08005450                WWDG_IRQHandler
                0x08005450                TIM2_IRQHandler
                0x08005450                TIM1_BRK_IRQHandler
                0x08005450                EXTI1_IRQHandler
                0x08005450                USART2_IRQHandler
                0x08005450                I2C2_ER_IRQHandler
                0x08005450                DMA1_Channel2_IRQHandler
                0x08005450                CAN1_SCE_IRQHandler
                0x08005450                FLASH_IRQHandler
                0x08005450                USART1_IRQHandler
                0x08005450                I2C1_ER_IRQHandler
                0x08005450                USBWakeUp_IRQHandler
 *fill*         0x08005452        0x2 
 .text.__errno  0x08005454        0xc f:/gcc-arm-none-eabi/bin/../lib/gcc/arm-none-eabi/10.3.1/../../../../arm-none-eabi/lib/thumb/v7-m/nofp\libg.a(lib_a-errno.o)
                0x08005454                __errno
 .text.__libc_init_array
                0x08005460       0x48 f:/gcc-arm-none-eabi/bin/../lib/gcc/arm-none-eabi/10.3.1/../../../../arm-none-eabi/lib/thumb/v7-m/nofp\libg.a(lib_a-init.o)
                0x08005460                __libc_init_array
 .text.memcmp   0x080054a8       0x68 f:/gcc-arm-none-eabi/bin/../lib/gcc/arm-none-eabi/10.3.1/../../../../arm-none-eabi/lib/thumb/v7-m/nofp\libg.a(lib_a-memcmp.o)
                0x080054a8                memcmp
 .text.memset   0x08005510       0xa4 f:/gcc-arm-none-eabi/bin/../lib/gcc/arm-none-eabi/10.3.1/../../../../arm-none-eabi/lib/thumb/v7-m/nofp\libg.a(lib_a-memset.o)
                0x08005510                memset
 .text.printf   0x080055b4       0x28 f:/gcc-arm-none-eabi/bin/../lib/gcc/arm-none-eabi/10.3.1/../../../../arm-none-eabi/lib/thumb/v7-m/nofp\libg.a(lib_a-printf.o)
                0x080055b4                printf
 .text._puts_r  0x080055dc       0x9c f:/gcc-arm-none-eabi/bin/../lib/gcc/arm-none-eabi/10.3.1/../../../../arm-none-eabi/lib/thumb/v7-m/nofp\libg.a(lib_a-puts.o)
                0x080055dc                _puts_r
 .text.puts     0x08005678       0x10 f:/gcc-arm-none-eabi/bin/../lib/gcc/arm-none-eabi/10.3.1/../../../../arm-none-eabi/lib/thumb/v7-m/nofp\libg.a(lib_a-puts.o)
                0x08005678                puts
 .text.strlen   0x08005688       0x5c f:/gcc-arm-none-eabi/bin/../lib/gcc/arm-none-eabi/10.3.1/../../../../arm-none-eabi/lib/thumb/v7-m/nofp\libg.a(lib_a-strlen-stub.o)
                0x08005688                strlen
 .text._vfprintf_r
                0x080056e4     0x1b58 f:/gcc-arm-none-eabi/bin/../lib/gcc/arm-none-eabi/10.3.1/../../../../arm-none-eabi/lib/thumb/v7-m/nofp\libg.a(lib_a-vfprintf.o)
                0x080056e4                _vfprintf_r
 .text.__sbprintf
                0x0800723c       0x84 f:/gcc-arm-none-eabi/bin/../lib/gcc/arm-none-eabi/10.3.1/../../../../arm-none-eabi/lib/thumb/v7-m/nofp\libg.a(lib_a-vfprintf.o)
 .text.__swsetup_r
                0x080072c0       0xd4 f:/gcc-arm-none-eabi/bin/../lib/gcc/arm-none-eabi/10.3.1/../../../../arm-none-eabi/lib/thumb/v7-m/nofp\libg.a(lib_a-wsetup.o)
                0x080072c0                __swsetup_r
 .text.startup.register_fini
                0x08007394       0x14 f:/gcc-arm-none-eabi/bin/../lib/gcc/arm-none-eabi/10.3.1/../../../../arm-none-eabi/lib/thumb/v7-m/nofp\libg.a(lib_a-__call_atexit.o)
 .text.atexit   0x080073a8        0xc f:/gcc-arm-none-eabi/bin/../lib/gcc/arm-none-eabi/10.3.1/../../../../arm-none-eabi/lib/thumb/v7-m/nofp\libg.a(lib_a-atexit.o)
                0x080073a8                atexit
 .text.quorem   0x080073b4      0x12c f:/gcc-arm-none-eabi/bin/../lib/gcc/arm-none-eabi/10.3.1/../../../../arm-none-eabi/lib/thumb/v7-m/nofp\libg.a(lib_a-dtoa.o)
 .text._dtoa_r  0x080074e0      0xecc f:/gcc-arm-none-eabi/bin/../lib/gcc/arm-none-eabi/10.3.1/../../../../arm-none-eabi/lib/thumb/v7-m/nofp\libg.a(lib_a-dtoa.o)
                0x080074e0                _dtoa_r
 .text.__sflush_r
                0x080083ac      0x124 f:/gcc-arm-none-eabi/bin/../lib/gcc/arm-none-eabi/10.3.1/../../../../arm-none-eabi/lib/thumb/v7-m/nofp\libg.a(lib_a-fflush.o)
                0x080083ac                __sflush_r
 .text._fflush_r
                0x080084d0       0x5c f:/gcc-arm-none-eabi/bin/../lib/gcc/arm-none-eabi/10.3.1/../../../../arm-none-eabi/lib/thumb/v7-m/nofp\libg.a(lib_a-fflush.o)
                0x080084d0                _fflush_r
 .text._cleanup_r
                0x0800852c        0xc f:/gcc-arm-none-eabi/bin/../lib/gcc/arm-none-eabi/10.3.1/../../../../arm-none-eabi/lib/thumb/v7-m/nofp\libg.a(lib_a-findfp.o)
                0x0800852c                _cleanup_r
 .text.__sinit  0x08008538      0x10c f:/gcc-arm-none-eabi/bin/../lib/gcc/arm-none-eabi/10.3.1/../../../../arm-none-eabi/lib/thumb/v7-m/nofp\libg.a(lib_a-findfp.o)
                0x08008538                __sinit
 .text.__sfp_lock_acquire
                0x08008644        0xc f:/gcc-arm-none-eabi/bin/../lib/gcc/arm-none-eabi/10.3.1/../../../../arm-none-eabi/lib/thumb/v7-m/nofp\libg.a(lib_a-findfp.o)
                0x08008644                __sfp_lock_acquire
 .text.__sfp_lock_release
                0x08008650        0xc f:/gcc-arm-none-eabi/bin/../lib/gcc/arm-none-eabi/10.3.1/../../../../arm-none-eabi/lib/thumb/v7-m/nofp\libg.a(lib_a-findfp.o)
                0x08008650                __sfp_lock_release
 .text.__libc_fini_array
                0x0800865c       0x2c f:/gcc-arm-none-eabi/bin/../lib/gcc/arm-none-eabi/10.3.1/../../../../arm-none-eabi/lib/thumb/v7-m/nofp\libg.a(lib_a-fini.o)
                0x0800865c                __libc_fini_array
 .text._malloc_trim_r
                0x08008688       0xa0 f:/gcc-arm-none-eabi/bin/../lib/gcc/arm-none-eabi/10.3.1/../../../../arm-none-eabi/lib/thumb/v7-m/nofp\libg.a(lib_a-freer.o)
                0x08008688                _malloc_trim_r
 .text._free_r  0x08008728      0x200 f:/gcc-arm-none-eabi/bin/../lib/gcc/arm-none-eabi/10.3.1/../../../../arm-none-eabi/lib/thumb/v7-m/nofp\libg.a(lib_a-freer.o)
                0x08008728                _free_r
 .text.__sfvwrite_r
                0x08008928      0x2f0 f:/gcc-arm-none-eabi/bin/../lib/gcc/arm-none-eabi/10.3.1/../../../../arm-none-eabi/lib/thumb/v7-m/nofp\libg.a(lib_a-fvwrite.o)
                0x08008928                __sfvwrite_r
 .text._fwalk_reent
                0x08008c18       0x48 f:/gcc-arm-none-eabi/bin/../lib/gcc/arm-none-eabi/10.3.1/../../../../arm-none-eabi/lib/thumb/v7-m/nofp\libg.a(lib_a-fwalk.o)
                0x08008c18                _fwalk_reent
 .text._localeconv_r
                0x08008c60        0x8 f:/gcc-arm-none-eabi/bin/../lib/gcc/arm-none-eabi/10.3.1/../../../../arm-none-eabi/lib/thumb/v7-m/nofp\libg.a(lib_a-localeconv.o)
                0x08008c60                _localeconv_r
 .text.__retarget_lock_init_recursive
                0x08008c68        0x4 f:/gcc-arm-none-eabi/bin/../lib/gcc/arm-none-eabi/10.3.1/../../../../arm-none-eabi/lib/thumb/v7-m/nofp\libg.a(lib_a-lock.o)
                0x08008c68                __retarget_lock_init_recursive
 .text.__retarget_lock_close_recursive
                0x08008c6c        0x4 f:/gcc-arm-none-eabi/bin/../lib/gcc/arm-none-eabi/10.3.1/../../../../arm-none-eabi/lib/thumb/v7-m/nofp\libg.a(lib_a-lock.o)
                0x08008c6c                __retarget_lock_close_recursive
 .text.__retarget_lock_acquire_recursive
                0x08008c70        0x4 f:/gcc-arm-none-eabi/bin/../lib/gcc/arm-none-eabi/10.3.1/../../../../arm-none-eabi/lib/thumb/v7-m/nofp\libg.a(lib_a-lock.o)
                0x08008c70                __retarget_lock_acquire_recursive
 .text.__retarget_lock_release_recursive
                0x08008c74        0x4 f:/gcc-arm-none-eabi/bin/../lib/gcc/arm-none-eabi/10.3.1/../../../../arm-none-eabi/lib/thumb/v7-m/nofp\libg.a(lib_a-lock.o)
                0x08008c74                __retarget_lock_release_recursive
 .text.__smakebuf_r
                0x08008c78       0xe0 f:/gcc-arm-none-eabi/bin/../lib/gcc/arm-none-eabi/10.3.1/../../../../arm-none-eabi/lib/thumb/v7-m/nofp\libg.a(lib_a-makebuf.o)
                0x08008c78                __smakebuf_r
 .text._malloc_r
                0x08008d58      0x558 f:/gcc-arm-none-eabi/bin/../lib/gcc/arm-none-eabi/10.3.1/../../../../arm-none-eabi/lib/thumb/v7-m/nofp\libg.a(lib_a-mallocr.o)
                0x08008d58                _malloc_r
 .text.memchr   0x080092b0       0x90 f:/gcc-arm-none-eabi/bin/../lib/gcc/arm-none-eabi/10.3.1/../../../../arm-none-eabi/lib/thumb/v7-m/nofp\libg.a(lib_a-memchr-stub.o)
                0x080092b0                memchr
 .text.memmove  0x08009340       0xf8 f:/gcc-arm-none-eabi/bin/../lib/gcc/arm-none-eabi/10.3.1/../../../../arm-none-eabi/lib/thumb/v7-m/nofp\libg.a(lib_a-memmove.o)
                0x08009340                memmove
 .text.__malloc_lock
                0x08009438        0xc f:/gcc-arm-none-eabi/bin/../lib/gcc/arm-none-eabi/10.3.1/../../../../arm-none-eabi/lib/thumb/v7-m/nofp\libg.a(lib_a-mlock.o)
                0x08009438                __malloc_lock
 .text.__malloc_unlock
                0x08009444        0xc f:/gcc-arm-none-eabi/bin/../lib/gcc/arm-none-eabi/10.3.1/../../../../arm-none-eabi/lib/thumb/v7-m/nofp\libg.a(lib_a-mlock.o)
                0x08009444                __malloc_unlock
 .text._Balloc  0x08009450       0x4c f:/gcc-arm-none-eabi/bin/../lib/gcc/arm-none-eabi/10.3.1/../../../../arm-none-eabi/lib/thumb/v7-m/nofp\libg.a(lib_a-mprec.o)
                0x08009450                _Balloc
 .text._Bfree   0x0800949c       0x14 f:/gcc-arm-none-eabi/bin/../lib/gcc/arm-none-eabi/10.3.1/../../../../arm-none-eabi/lib/thumb/v7-m/nofp\libg.a(lib_a-mprec.o)
                0x0800949c                _Bfree
 .text.__multadd
                0x080094b0       0xa4 f:/gcc-arm-none-eabi/bin/../lib/gcc/arm-none-eabi/10.3.1/../../../../arm-none-eabi/lib/thumb/v7-m/nofp\libg.a(lib_a-mprec.o)
                0x080094b0                __multadd
 .text.__hi0bits
                0x08009554       0x40 f:/gcc-arm-none-eabi/bin/../lib/gcc/arm-none-eabi/10.3.1/../../../../arm-none-eabi/lib/thumb/v7-m/nofp\libg.a(lib_a-mprec.o)
                0x08009554                __hi0bits
 .text.__lo0bits
                0x08009594       0x58 f:/gcc-arm-none-eabi/bin/../lib/gcc/arm-none-eabi/10.3.1/../../../../arm-none-eabi/lib/thumb/v7-m/nofp\libg.a(lib_a-mprec.o)
                0x08009594                __lo0bits
 .text.__i2b    0x080095ec       0x5c f:/gcc-arm-none-eabi/bin/../lib/gcc/arm-none-eabi/10.3.1/../../../../arm-none-eabi/lib/thumb/v7-m/nofp\libg.a(lib_a-mprec.o)
                0x080095ec                __i2b
 .text.__multiply
                0x08009648      0x15c f:/gcc-arm-none-eabi/bin/../lib/gcc/arm-none-eabi/10.3.1/../../../../arm-none-eabi/lib/thumb/v7-m/nofp\libg.a(lib_a-mprec.o)
                0x08009648                __multiply
 .text.__pow5mult
                0x080097a4       0xb8 f:/gcc-arm-none-eabi/bin/../lib/gcc/arm-none-eabi/10.3.1/../../../../arm-none-eabi/lib/thumb/v7-m/nofp\libg.a(lib_a-mprec.o)
                0x080097a4                __pow5mult
 .text.__lshift
                0x0800985c       0xec f:/gcc-arm-none-eabi/bin/../lib/gcc/arm-none-eabi/10.3.1/../../../../arm-none-eabi/lib/thumb/v7-m/nofp\libg.a(lib_a-mprec.o)
                0x0800985c                __lshift
 .text.__mcmp   0x08009948       0x40 f:/gcc-arm-none-eabi/bin/../lib/gcc/arm-none-eabi/10.3.1/../../../../arm-none-eabi/lib/thumb/v7-m/nofp\libg.a(lib_a-mprec.o)
                0x08009948                __mcmp
 .text.__mdiff  0x08009988      0x14c f:/gcc-arm-none-eabi/bin/../lib/gcc/arm-none-eabi/10.3.1/../../../../arm-none-eabi/lib/thumb/v7-m/nofp\libg.a(lib_a-mprec.o)
                0x08009988                __mdiff
 .text.__d2b    0x08009ad4       0xc4 f:/gcc-arm-none-eabi/bin/../lib/gcc/arm-none-eabi/10.3.1/../../../../arm-none-eabi/lib/thumb/v7-m/nofp\libg.a(lib_a-mprec.o)
                0x08009ad4                __d2b
 .text._realloc_r
                0x08009b98      0x3dc f:/gcc-arm-none-eabi/bin/../lib/gcc/arm-none-eabi/10.3.1/../../../../arm-none-eabi/lib/thumb/v7-m/nofp\libg.a(lib_a-reallocr.o)
                0x08009b98                _realloc_r
 .text.frexp    0x08009f74       0x70 f:/gcc-arm-none-eabi/bin/../lib/gcc/arm-none-eabi/10.3.1/../../../../arm-none-eabi/lib/thumb/v7-m/nofp\libg.a(lib_a-s_frexp.o)
                0x08009f74                frexp
 .text._sbrk_r  0x08009fe4       0x24 f:/gcc-arm-none-eabi/bin/../lib/gcc/arm-none-eabi/10.3.1/../../../../arm-none-eabi/lib/thumb/v7-m/nofp\libg.a(lib_a-sbrkr.o)
                0x08009fe4                _sbrk_r
 .text.__sread  0x0800a008       0x24 f:/gcc-arm-none-eabi/bin/../lib/gcc/arm-none-eabi/10.3.1/../../../../arm-none-eabi/lib/thumb/v7-m/nofp\libg.a(lib_a-stdio.o)
                0x0800a008                __sread
 .text.__swrite
                0x0800a02c       0x40 f:/gcc-arm-none-eabi/bin/../lib/gcc/arm-none-eabi/10.3.1/../../../../arm-none-eabi/lib/thumb/v7-m/nofp\libg.a(lib_a-stdio.o)
                0x0800a02c                __swrite
 .text.__sseek  0x0800a06c       0x20 f:/gcc-arm-none-eabi/bin/../lib/gcc/arm-none-eabi/10.3.1/../../../../arm-none-eabi/lib/thumb/v7-m/nofp\libg.a(lib_a-stdio.o)
                0x0800a06c                __sseek
 .text.__sclose
                0x0800a08c        0x8 f:/gcc-arm-none-eabi/bin/../lib/gcc/arm-none-eabi/10.3.1/../../../../arm-none-eabi/lib/thumb/v7-m/nofp\libg.a(lib_a-stdio.o)
                0x0800a08c                __sclose
 .text.strncpy  0x0800a094       0x68 f:/gcc-arm-none-eabi/bin/../lib/gcc/arm-none-eabi/10.3.1/../../../../arm-none-eabi/lib/thumb/v7-m/nofp\libg.a(lib_a-strncpy.o)
                0x0800a094                strncpy
 .text.__sprint_r.part.0
                0x0800a0fc       0x78 f:/gcc-arm-none-eabi/bin/../lib/gcc/arm-none-eabi/10.3.1/../../../../arm-none-eabi/lib/thumb/v7-m/nofp\libg.a(lib_a-vfiprintf.o)
 .text.__sprint_r
                0x0800a174       0x14 f:/gcc-arm-none-eabi/bin/../lib/gcc/arm-none-eabi/10.3.1/../../../../arm-none-eabi/lib/thumb/v7-m/nofp\libg.a(lib_a-vfiprintf.o)
                0x0800a174                __sprint_r
 .text._vfiprintf_r
                0x0800a188      0xd98 f:/gcc-arm-none-eabi/bin/../lib/gcc/arm-none-eabi/10.3.1/../../../../arm-none-eabi/lib/thumb/v7-m/nofp\libg.a(lib_a-vfiprintf.o)
                0x0800a188                _vfiprintf_r
 .text.__sbprintf
                0x0800af20       0x84 f:/gcc-arm-none-eabi/bin/../lib/gcc/arm-none-eabi/10.3.1/../../../../arm-none-eabi/lib/thumb/v7-m/nofp\libg.a(lib_a-vfiprintf.o)
 .text._write_r
                0x0800afa4       0x2c f:/gcc-arm-none-eabi/bin/../lib/gcc/arm-none-eabi/10.3.1/../../../../arm-none-eabi/lib/thumb/v7-m/nofp\libg.a(lib_a-writer.o)
                0x0800afa4                _write_r
 .text.__register_exitproc
                0x0800afd0       0x8c f:/gcc-arm-none-eabi/bin/../lib/gcc/arm-none-eabi/10.3.1/../../../../arm-none-eabi/lib/thumb/v7-m/nofp\libg.a(lib_a-__atexit.o)
                0x0800afd0                __register_exitproc
 .text.__assert_func
                0x0800b05c       0x40 f:/gcc-arm-none-eabi/bin/../lib/gcc/arm-none-eabi/10.3.1/../../../../arm-none-eabi/lib/thumb/v7-m/nofp\libg.a(lib_a-assert.o)
                0x0800b05c                __assert_func
 .text._calloc_r
                0x0800b09c       0x78 f:/gcc-arm-none-eabi/bin/../lib/gcc/arm-none-eabi/10.3.1/../../../../arm-none-eabi/lib/thumb/v7-m/nofp\libg.a(lib_a-callocr.o)
                0x0800b09c                _calloc_r
 .text._close_r
                0x0800b114       0x24 f:/gcc-arm-none-eabi/bin/../lib/gcc/arm-none-eabi/10.3.1/../../../../arm-none-eabi/lib/thumb/v7-m/nofp\libg.a(lib_a-closer.o)
                0x0800b114                _close_r
 .text._fclose_r
                0x0800b138       0xcc f:/gcc-arm-none-eabi/bin/../lib/gcc/arm-none-eabi/10.3.1/../../../../arm-none-eabi/lib/thumb/v7-m/nofp\libg.a(lib_a-fclose.o)
                0x0800b138                _fclose_r
 .text.fiprintf
                0x0800b204       0x28 f:/gcc-arm-none-eabi/bin/../lib/gcc/arm-none-eabi/10.3.1/../../../../arm-none-eabi/lib/thumb/v7-m/nofp\libg.a(lib_a-fiprintf.o)
                0x0800b204                fiprintf
 .text.__fputwc
                0x0800b22c       0xa0 f:/gcc-arm-none-eabi/bin/../lib/gcc/arm-none-eabi/10.3.1/../../../../arm-none-eabi/lib/thumb/v7-m/nofp\libg.a(lib_a-fputwc.o)
                0x0800b22c                __fputwc
 .text._fputwc_r
                0x0800b2cc       0x68 f:/gcc-arm-none-eabi/bin/../lib/gcc/arm-none-eabi/10.3.1/../../../../arm-none-eabi/lib/thumb/v7-m/nofp\libg.a(lib_a-fputwc.o)
                0x0800b2cc                _fputwc_r
 .text._fstat_r
                0x0800b334       0x28 f:/gcc-arm-none-eabi/bin/../lib/gcc/arm-none-eabi/10.3.1/../../../../arm-none-eabi/lib/thumb/v7-m/nofp\libg.a(lib_a-fstatr.o)
                0x0800b334                _fstat_r
 .text._isatty_r
                0x0800b35c       0x24 f:/gcc-arm-none-eabi/bin/../lib/gcc/arm-none-eabi/10.3.1/../../../../arm-none-eabi/lib/thumb/v7-m/nofp\libg.a(lib_a-isattyr.o)
                0x0800b35c                _isatty_r
 .text.__locale_mb_cur_max
                0x0800b380        0xc f:/gcc-arm-none-eabi/bin/../lib/gcc/arm-none-eabi/10.3.1/../../../../arm-none-eabi/lib/thumb/v7-m/nofp\libg.a(lib_a-locale.o)
                0x0800b380                __locale_mb_cur_max
 .text._lseek_r
                0x0800b38c       0x2c f:/gcc-arm-none-eabi/bin/../lib/gcc/arm-none-eabi/10.3.1/../../../../arm-none-eabi/lib/thumb/v7-m/nofp\libg.a(lib_a-lseekr.o)
                0x0800b38c                _lseek_r
 .text.__ascii_mbtowc
                0x0800b3b8       0x2c f:/gcc-arm-none-eabi/bin/../lib/gcc/arm-none-eabi/10.3.1/../../../../arm-none-eabi/lib/thumb/v7-m/nofp\libg.a(lib_a-mbtowc_r.o)
                0x0800b3b8                __ascii_mbtowc
 .text._read_r  0x0800b3e4       0x2c f:/gcc-arm-none-eabi/bin/../lib/gcc/arm-none-eabi/10.3.1/../../../../arm-none-eabi/lib/thumb/v7-m/nofp\libg.a(lib_a-readr.o)
                0x0800b3e4                _read_r
 .text.__swbuf_r
                0x0800b410       0xb0 f:/gcc-arm-none-eabi/bin/../lib/gcc/arm-none-eabi/10.3.1/../../../../arm-none-eabi/lib/thumb/v7-m/nofp\libg.a(lib_a-wbuf.o)
                0x0800b410                __swbuf_r
 .text._wcrtomb_r
                0x0800b4c0       0x3c f:/gcc-arm-none-eabi/bin/../lib/gcc/arm-none-eabi/10.3.1/../../../../arm-none-eabi/lib/thumb/v7-m/nofp\libg.a(lib_a-wcrtomb.o)
                0x0800b4c0                _wcrtomb_r
 .text.__ascii_wctomb
                0x0800b4fc       0x1c f:/gcc-arm-none-eabi/bin/../lib/gcc/arm-none-eabi/10.3.1/../../../../arm-none-eabi/lib/thumb/v7-m/nofp\libg.a(lib_a-wctomb_r.o)
                0x0800b4fc                __ascii_wctomb
 .text.abort    0x0800b518       0x10 f:/gcc-arm-none-eabi/bin/../lib/gcc/arm-none-eabi/10.3.1/../../../../arm-none-eabi/lib/thumb/v7-m/nofp\libg.a(lib_a-abort.o)
                0x0800b518                abort
 .text.raise    0x0800b528       0x5c f:/gcc-arm-none-eabi/bin/../lib/gcc/arm-none-eabi/10.3.1/../../../../arm-none-eabi/lib/thumb/v7-m/nofp\libg.a(lib_a-signal.o)
                0x0800b528                raise
 .text._kill_r  0x0800b584       0x28 f:/gcc-arm-none-eabi/bin/../lib/gcc/arm-none-eabi/10.3.1/../../../../arm-none-eabi/lib/thumb/v7-m/nofp\libg.a(lib_a-signalr.o)
                0x0800b584                _kill_r
 .text._getpid_r
                0x0800b5ac        0x4 f:/gcc-arm-none-eabi/bin/../lib/gcc/arm-none-eabi/10.3.1/../../../../arm-none-eabi/lib/thumb/v7-m/nofp\libg.a(lib_a-signalr.o)
                0x0800b5ac                _getpid_r
 .text.asin     0x0800b5b0       0x50 f:/gcc-arm-none-eabi/bin/../lib/gcc/arm-none-eabi/10.3.1/../../../../arm-none-eabi/lib/thumb/v7-m/nofp\libm.a(lib_a-w_asin.o)
                0x0800b5b0                asin
 .text.atan2    0x0800b600        0x4 f:/gcc-arm-none-eabi/bin/../lib/gcc/arm-none-eabi/10.3.1/../../../../arm-none-eabi/lib/thumb/v7-m/nofp\libm.a(lib_a-w_atan2.o)
                0x0800b600                atan2
 *fill*         0x0800b604        0x4 
 .text.__ieee754_asin
                0x0800b608      0x474 f:/gcc-arm-none-eabi/bin/../lib/gcc/arm-none-eabi/10.3.1/../../../../arm-none-eabi/lib/thumb/v7-m/nofp\libm.a(lib_a-e_asin.o)
                0x0800b608                __ieee754_asin
 *fill*         0x0800ba7c        0x4 
 .text.__ieee754_atan2
                0x0800ba80      0x194 f:/gcc-arm-none-eabi/bin/../lib/gcc/arm-none-eabi/10.3.1/../../../../arm-none-eabi/lib/thumb/v7-m/nofp\libm.a(lib_a-e_atan2.o)
                0x0800ba80                __ieee754_atan2
 .text.__ieee754_sqrt
                0x0800bc14      0x18c f:/gcc-arm-none-eabi/bin/../lib/gcc/arm-none-eabi/10.3.1/../../../../arm-none-eabi/lib/thumb/v7-m/nofp\libm.a(lib_a-e_sqrt.o)
                0x0800bc14                __ieee754_sqrt
 .text.atan     0x0800bda0      0x31c f:/gcc-arm-none-eabi/bin/../lib/gcc/arm-none-eabi/10.3.1/../../../../arm-none-eabi/lib/thumb/v7-m/nofp\libm.a(lib_a-s_atan.o)
                0x0800bda0                atan
 .text.fabs     0x0800c0bc        0x8 f:/gcc-arm-none-eabi/bin/../lib/gcc/arm-none-eabi/10.3.1/../../../../arm-none-eabi/lib/thumb/v7-m/nofp\libm.a(lib_a-s_fabs.o)
                0x0800c0bc                fabs
 .text.nan      0x0800c0c4        0xc f:/gcc-arm-none-eabi/bin/../lib/gcc/arm-none-eabi/10.3.1/../../../../arm-none-eabi/lib/thumb/v7-m/nofp\libm.a(lib_a-s_nan.o)
                0x0800c0c4                nan
 *(.glue_7)
 .glue_7        0x0800c0d0        0x0 linker stubs
 *(.glue_7t)
 .glue_7t       0x0800c0d0        0x0 linker stubs
 *(.eh_frame)
 .eh_frame      0x0800c0d0        0x0 f:/gcc-arm-none-eabi/bin/../lib/gcc/arm-none-eabi/10.3.1/thumb/v7-m/nofp/crtbegin.o
 *(.init)
 .init          0x0800c0d0        0x4 f:/gcc-arm-none-eabi/bin/../lib/gcc/arm-none-eabi/10.3.1/thumb/v7-m/nofp/crti.o
                0x0800c0d0                _init
 .init          0x0800c0d4        0x8 f:/gcc-arm-none-eabi/bin/../lib/gcc/arm-none-eabi/10.3.1/thumb/v7-m/nofp/crtn.o
 *(.fini)
 .fini          0x0800c0dc        0x4 f:/gcc-arm-none-eabi/bin/../lib/gcc/arm-none-eabi/10.3.1/thumb/v7-m/nofp/crti.o
                0x0800c0dc                _fini
 .fini          0x0800c0e0        0x8 f:/gcc-arm-none-eabi/bin/../lib/gcc/arm-none-eabi/10.3.1/thumb/v7-m/nofp/crtn.o
                0x0800c0e8                . = ALIGN (0x4)
                0x0800c0e8                _etext = .

.vfp11_veneer   0x0800c0e8        0x0
 .vfp11_veneer  0x0800c0e8        0x0 linker stubs

.v4_bx          0x0800c0e8        0x0
 .v4_bx         0x0800c0e8        0x0 linker stubs

.iplt           0x0800c0e8        0x0
 .iplt          0x0800c0e8        0x0 f:/gcc-arm-none-eabi/bin/../lib/gcc/arm-none-eabi/10.3.1/thumb/v7-m/nofp/crtbegin.o

.rodata         0x0800c0e8     0x2bb8
                0x0800c0e8                . = ALIGN (0x4)
 *(.rodata)
 *(.rodata*)
 .rodata.main.str1.4
                0x0800c0e8       0x1f CMakeFiles/RGBtest.elf.dir/Core/Src/main.c.obj
 *fill*         0x0800c107        0x1 
 .rodata.asc2_0806
                0x0800c108      0x228 CMakeFiles/RGBtest.elf.dir/Core/Src/oled.c.obj
                0x0800c108                asc2_0806
 .rodata.asc2_1206
                0x0800c330      0x474 CMakeFiles/RGBtest.elf.dir/Core/Src/oled.c.obj
                0x0800c330                asc2_1206
 .rodata.asc2_1608
                0x0800c7a4      0x5f0 CMakeFiles/RGBtest.elf.dir/Core/Src/oled.c.obj
                0x0800c7a4                asc2_1608
 .rodata.asc2_2412
                0x0800cd94      0xd5c CMakeFiles/RGBtest.elf.dir/Core/Src/oled.c.obj
                0x0800cd94                asc2_2412
 .rodata.AHBPrescTable
                0x0800daf0       0x10 CMakeFiles/RGBtest.elf.dir/Core/Src/system_stm32f1xx.c.obj
                0x0800daf0                AHBPrescTable
 .rodata.APBPrescTable
                0x0800db00        0x8 CMakeFiles/RGBtest.elf.dir/Core/Src/system_stm32f1xx.c.obj
                0x0800db00                APBPrescTable
 .rodata.mpu_init.str1.4
                0x0800db08       0x91 CMakeFiles/RGBtest.elf.dir/Core/eMPL/inv_mpu.c.obj
 *fill*         0x0800db99        0x3 
 .rodata.hw     0x0800db9c        0xc CMakeFiles/RGBtest.elf.dir/Core/eMPL/inv_mpu.c.obj
                0x0800db9c                hw
 .rodata.reg    0x0800dba8       0x1b CMakeFiles/RGBtest.elf.dir/Core/eMPL/inv_mpu.c.obj
                0x0800dba8                reg
 *fill*         0x0800dbc3        0x1 
 .rodata.test   0x0800dbc4       0x28 CMakeFiles/RGBtest.elf.dir/Core/eMPL/inv_mpu.c.obj
                0x0800dbc4                test
 .rodata.dmp_set_orientation.str1.4
                0x0800dbec       0x10 CMakeFiles/RGBtest.elf.dir/Core/eMPL/inv_mpu_dmp_motion_driver.c.obj
 .rodata.dmp_set_fifo_rate.str1.4
                0x0800dbfc        0xd CMakeFiles/RGBtest.elf.dir/Core/eMPL/inv_mpu_dmp_motion_driver.c.obj
 *fill*         0x0800dc09        0x3 
 .rodata.dmp_enable_gyro_cal.str1.4
                0x0800dc0c       0x16 CMakeFiles/RGBtest.elf.dir/Core/eMPL/inv_mpu_dmp_motion_driver.c.obj
 *fill*         0x0800dc22        0x2 
 .rodata.dmp_memory
                0x0800dc24      0xbf6 CMakeFiles/RGBtest.elf.dir/Core/eMPL/inv_mpu_dmp_motion_driver.c.obj
 *fill*         0x0800e81a        0x2 
 .rodata.HAL_RCC_GetSysClockFreq.str1.4
                0x0800e81c       0x11 CMakeFiles/RGBtest.elf.dir/Drivers/STM32F1xx_HAL_Driver/Src/stm32f1xx_hal_rcc.c.obj
 *fill*         0x0800e82d        0x3 
 .rodata._global_impure_ptr
                0x0800e830        0x4 f:/gcc-arm-none-eabi/bin/../lib/gcc/arm-none-eabi/10.3.1/../../../../arm-none-eabi/lib/thumb/v7-m/nofp\libg.a(lib_a-impure.o)
                0x0800e830                _global_impure_ptr
 .rodata._puts_r.str1.4
                0x0800e834       0x11 f:/gcc-arm-none-eabi/bin/../lib/gcc/arm-none-eabi/10.3.1/../../../../arm-none-eabi/lib/thumb/v7-m/nofp\libg.a(lib_a-puts.o)
                                  0x2 (size before relaxing)
 .rodata._vfprintf_r.str1.4
                0x0800e834       0x42 f:/gcc-arm-none-eabi/bin/../lib/gcc/arm-none-eabi/10.3.1/../../../../arm-none-eabi/lib/thumb/v7-m/nofp\libg.a(lib_a-vfprintf.o)
 *fill*         0x0800e876        0x2 
 .rodata.blanks.1
                0x0800e878       0x10 f:/gcc-arm-none-eabi/bin/../lib/gcc/arm-none-eabi/10.3.1/../../../../arm-none-eabi/lib/thumb/v7-m/nofp\libg.a(lib_a-vfprintf.o)
 .rodata.zeroes.0
                0x0800e888       0x10 f:/gcc-arm-none-eabi/bin/../lib/gcc/arm-none-eabi/10.3.1/../../../../arm-none-eabi/lib/thumb/v7-m/nofp\libg.a(lib_a-vfprintf.o)
 .rodata._dtoa_r.str1.4
                0x0800e898       0xa2 f:/gcc-arm-none-eabi/bin/../lib/gcc/arm-none-eabi/10.3.1/../../../../arm-none-eabi/lib/thumb/v7-m/nofp\libg.a(lib_a-dtoa.o)
                                 0xa6 (size before relaxing)
 *fill*         0x0800e93a        0x2 
 .rodata.__multadd.str1.4
                0x0800e93c       0x7f f:/gcc-arm-none-eabi/bin/../lib/gcc/arm-none-eabi/10.3.1/../../../../arm-none-eabi/lib/thumb/v7-m/nofp\libg.a(lib_a-mprec.o)
                                 0x93 (size before relaxing)
 *fill*         0x0800e9bb        0x5 
 .rodata.__mprec_bigtens
                0x0800e9c0       0x28 f:/gcc-arm-none-eabi/bin/../lib/gcc/arm-none-eabi/10.3.1/../../../../arm-none-eabi/lib/thumb/v7-m/nofp\libg.a(lib_a-mprec.o)
                0x0800e9c0                __mprec_bigtens
 .rodata.__mprec_tens
                0x0800e9e8       0xc8 f:/gcc-arm-none-eabi/bin/../lib/gcc/arm-none-eabi/10.3.1/../../../../arm-none-eabi/lib/thumb/v7-m/nofp\libg.a(lib_a-mprec.o)
                0x0800e9e8                __mprec_tens
 .rodata.p05.0  0x0800eab0        0xc f:/gcc-arm-none-eabi/bin/../lib/gcc/arm-none-eabi/10.3.1/../../../../arm-none-eabi/lib/thumb/v7-m/nofp\libg.a(lib_a-mprec.o)
 .rodata._vfiprintf_r.str1.4
                0x0800eabc       0x2f f:/gcc-arm-none-eabi/bin/../lib/gcc/arm-none-eabi/10.3.1/../../../../arm-none-eabi/lib/thumb/v7-m/nofp\libg.a(lib_a-vfiprintf.o)
 .rodata.blanks.1
                0x0800eabc       0x10 f:/gcc-arm-none-eabi/bin/../lib/gcc/arm-none-eabi/10.3.1/../../../../arm-none-eabi/lib/thumb/v7-m/nofp\libg.a(lib_a-vfiprintf.o)
 .rodata.zeroes.0
                0x0800eacc       0x10 f:/gcc-arm-none-eabi/bin/../lib/gcc/arm-none-eabi/10.3.1/../../../../arm-none-eabi/lib/thumb/v7-m/nofp\libg.a(lib_a-vfiprintf.o)
 .rodata.__assert_func.str1.4
                0x0800eadc       0x3f f:/gcc-arm-none-eabi/bin/../lib/gcc/arm-none-eabi/10.3.1/../../../../arm-none-eabi/lib/thumb/v7-m/nofp\libg.a(lib_a-assert.o)
                                 0x43 (size before relaxing)
 *fill*         0x0800eb1b        0x1 
 .rodata._setlocale_r.str1.4
                0x0800eb1c        0xa f:/gcc-arm-none-eabi/bin/../lib/gcc/arm-none-eabi/10.3.1/../../../../arm-none-eabi/lib/thumb/v7-m/nofp\libg.a(lib_a-locale.o)
                                  0xd (size before relaxing)
 *fill*         0x0800eb26        0x2 
 .rodata.str1.4
                0x0800eb28        0x2 f:/gcc-arm-none-eabi/bin/../lib/gcc/arm-none-eabi/10.3.1/../../../../arm-none-eabi/lib/thumb/v7-m/nofp\libg.a(lib_a-locale.o)
 *fill*         0x0800eb2a        0x2 
 .rodata._ctype_
                0x0800eb2c      0x101 f:/gcc-arm-none-eabi/bin/../lib/gcc/arm-none-eabi/10.3.1/../../../../arm-none-eabi/lib/thumb/v7-m/nofp\libg.a(lib_a-ctype_.o)
                0x0800eb2c                _ctype_
 .rodata.asin.str1.4
                0x0800ec2d        0x1 f:/gcc-arm-none-eabi/bin/../lib/gcc/arm-none-eabi/10.3.1/../../../../arm-none-eabi/lib/thumb/v7-m/nofp\libm.a(lib_a-w_asin.o)
 *fill*         0x0800ec2d        0x3 
 .rodata.CSWTCH.8
                0x0800ec30       0x18 f:/gcc-arm-none-eabi/bin/../lib/gcc/arm-none-eabi/10.3.1/../../../../arm-none-eabi/lib/thumb/v7-m/nofp\libm.a(lib_a-e_atan2.o)
 .rodata.CSWTCH.9
                0x0800ec48       0x18 f:/gcc-arm-none-eabi/bin/../lib/gcc/arm-none-eabi/10.3.1/../../../../arm-none-eabi/lib/thumb/v7-m/nofp\libm.a(lib_a-e_atan2.o)
 .rodata.atanhi
                0x0800ec60       0x20 f:/gcc-arm-none-eabi/bin/../lib/gcc/arm-none-eabi/10.3.1/../../../../arm-none-eabi/lib/thumb/v7-m/nofp\libm.a(lib_a-s_atan.o)
 .rodata.atanlo
                0x0800ec80       0x20 f:/gcc-arm-none-eabi/bin/../lib/gcc/arm-none-eabi/10.3.1/../../../../arm-none-eabi/lib/thumb/v7-m/nofp\libm.a(lib_a-s_atan.o)
                0x0800eca0                . = ALIGN (0x4)

.ARM.extab
 *(.ARM.extab* .gnu.linkonce.armextab.*)

.ARM            0x0800eca0        0x8
                0x0800eca0                __exidx_start = .
 *(.ARM.exidx*)
 .ARM.exidx     0x0800eca0        0x8 f:/gcc-arm-none-eabi/bin/../lib/gcc/arm-none-eabi/10.3.1/thumb/v7-m/nofp\libgcc.a(_udivmoddi4.o)
                0x0800eca8                __exidx_end = .

.rel.dyn        0x0800eca8        0x0
 .rel.iplt      0x0800eca8        0x0 f:/gcc-arm-none-eabi/bin/../lib/gcc/arm-none-eabi/10.3.1/thumb/v7-m/nofp/crtbegin.o

.preinit_array  0x0800eca8        0x0
                0x0800eca8                PROVIDE (__preinit_array_start = .)
 *(.preinit_array*)
                0x0800eca8                PROVIDE (__preinit_array_end = .)

.init_array     0x0800eca8        0x8
                0x0800eca8                PROVIDE (__init_array_start = .)
 *(SORT_BY_NAME(.init_array.*))
 .init_array.00000
                0x0800eca8        0x4 f:/gcc-arm-none-eabi/bin/../lib/gcc/arm-none-eabi/10.3.1/../../../../arm-none-eabi/lib/thumb/v7-m/nofp\libg.a(lib_a-__call_atexit.o)
 *(.init_array*)
 .init_array    0x0800ecac        0x4 f:/gcc-arm-none-eabi/bin/../lib/gcc/arm-none-eabi/10.3.1/thumb/v7-m/nofp/crtbegin.o
                0x0800ecb0                PROVIDE (__init_array_end = .)

.fini_array     0x0800ecb0        0x4
                0x0800ecb0                PROVIDE (__fini_array_start = .)
 *(SORT_BY_NAME(.fini_array.*))
 *(.fini_array*)
 .fini_array    0x0800ecb0        0x4 f:/gcc-arm-none-eabi/bin/../lib/gcc/arm-none-eabi/10.3.1/thumb/v7-m/nofp/crtbegin.o
                0x0800ecb4                PROVIDE (__fini_array_end = .)
                0x0800ecb4                _sidata = LOADADDR (.data)

.data           0x20000000      0xdf0 load address 0x0800ecb4
                0x20000000                . = ALIGN (0x4)
                0x20000000                _sdata = .
 *(.data)
 *(.data*)
 .data.BMP1     0x20000000      0x400 CMakeFiles/RGBtest.elf.dir/Core/Src/main.c.obj
                0x20000000                BMP1
 .data.SystemCoreClock
                0x20000400        0x4 CMakeFiles/RGBtest.elf.dir/Core/Src/system_stm32f1xx.c.obj
                0x20000400                SystemCoreClock
 .data.gyro_orientation
                0x20000404        0x9 CMakeFiles/RGBtest.elf.dir/Core/eMPL/inv_mpu.c.obj
 *fill*         0x2000040d        0x3 
 .data.st       0x20000410       0x2c CMakeFiles/RGBtest.elf.dir/Core/eMPL/inv_mpu.c.obj
 .data.uwTickFreq
                0x2000043c        0x1 CMakeFiles/RGBtest.elf.dir/Drivers/STM32F1xx_HAL_Driver/Src/stm32f1xx_hal.c.obj
                0x2000043c                uwTickFreq
 *fill*         0x2000043d        0x3 
 .data.uwTickPrio
                0x20000440        0x4 CMakeFiles/RGBtest.elf.dir/Drivers/STM32F1xx_HAL_Driver/Src/stm32f1xx_hal.c.obj
                0x20000440                uwTickPrio
 .data._impure_ptr
                0x20000444        0x4 f:/gcc-arm-none-eabi/bin/../lib/gcc/arm-none-eabi/10.3.1/../../../../arm-none-eabi/lib/thumb/v7-m/nofp\libg.a(lib_a-impure.o)
                0x20000444                _impure_ptr
 .data.impure_data
                0x20000448      0x428 f:/gcc-arm-none-eabi/bin/../lib/gcc/arm-none-eabi/10.3.1/../../../../arm-none-eabi/lib/thumb/v7-m/nofp\libg.a(lib_a-impure.o)
 .data.__atexit_recursive_mutex
                0x20000870        0x4 f:/gcc-arm-none-eabi/bin/../lib/gcc/arm-none-eabi/10.3.1/../../../../arm-none-eabi/lib/thumb/v7-m/nofp\libg.a(lib_a-__call_atexit.o)
                0x20000870                __atexit_recursive_mutex
 .data.__malloc_av_
                0x20000874      0x408 f:/gcc-arm-none-eabi/bin/../lib/gcc/arm-none-eabi/10.3.1/../../../../arm-none-eabi/lib/thumb/v7-m/nofp\libg.a(lib_a-mallocr.o)
                0x20000874                __malloc_av_
 .data.__malloc_sbrk_base
                0x20000c7c        0x4 f:/gcc-arm-none-eabi/bin/../lib/gcc/arm-none-eabi/10.3.1/../../../../arm-none-eabi/lib/thumb/v7-m/nofp\libg.a(lib_a-mallocr.o)
                0x20000c7c                __malloc_sbrk_base
 .data.__malloc_trim_threshold
                0x20000c80        0x4 f:/gcc-arm-none-eabi/bin/../lib/gcc/arm-none-eabi/10.3.1/../../../../arm-none-eabi/lib/thumb/v7-m/nofp\libg.a(lib_a-mallocr.o)
                0x20000c80                __malloc_trim_threshold
 .data.__global_locale
                0x20000c84      0x16c f:/gcc-arm-none-eabi/bin/../lib/gcc/arm-none-eabi/10.3.1/../../../../arm-none-eabi/lib/thumb/v7-m/nofp\libg.a(lib_a-locale.o)
                0x20000c84                __global_locale
                0x20000df0                . = ALIGN (0x4)
                0x20000df0                _edata = .

.igot.plt       0x20000df0        0x0 load address 0x0800faa4
 .igot.plt      0x20000df0        0x0 f:/gcc-arm-none-eabi/bin/../lib/gcc/arm-none-eabi/10.3.1/thumb/v7-m/nofp/crtbegin.o
                0x20000df0                . = ALIGN (0x4)

.bss            0x20000df0      0x540 load address 0x0800faa4
                0x20000df0                _sbss = .
                0x20000df0                __bss_start__ = _sbss
 *(.bss)
 .bss           0x20000df0       0x1c f:/gcc-arm-none-eabi/bin/../lib/gcc/arm-none-eabi/10.3.1/thumb/v7-m/nofp/crtbegin.o
 *(.bss*)
 .bss.OLED_GRAM
                0x20000e0c      0x480 CMakeFiles/RGBtest.elf.dir/Core/Src/oled.c.obj
                0x20000e0c                OLED_GRAM
 .bss.heap_end.0
                0x2000128c        0x4 CMakeFiles/RGBtest.elf.dir/Core/Src/syscalls.c.obj
 .bss.huart3    0x20001290       0x44 CMakeFiles/RGBtest.elf.dir/Core/Src/usart.c.obj
                0x20001290                huart3
 .bss.dmp       0x200012d4       0x10 CMakeFiles/RGBtest.elf.dir/Core/eMPL/inv_mpu_dmp_motion_driver.c.obj
 .bss.uwTick    0x200012e4        0x4 CMakeFiles/RGBtest.elf.dir/Drivers/STM32F1xx_HAL_Driver/Src/stm32f1xx_hal.c.obj
                0x200012e4                uwTick
 .bss.__lock___atexit_recursive_mutex
                0x200012e8        0x1 f:/gcc-arm-none-eabi/bin/../lib/gcc/arm-none-eabi/10.3.1/../../../../arm-none-eabi/lib/thumb/v7-m/nofp\libg.a(lib_a-lock.o)
                0x200012e8                __lock___atexit_recursive_mutex
 *fill*         0x200012e9        0x3 
 .bss.__lock___malloc_recursive_mutex
                0x200012ec        0x1 f:/gcc-arm-none-eabi/bin/../lib/gcc/arm-none-eabi/10.3.1/../../../../arm-none-eabi/lib/thumb/v7-m/nofp\libg.a(lib_a-lock.o)
                0x200012ec                __lock___malloc_recursive_mutex
 *fill*         0x200012ed        0x3 
 .bss.__lock___sfp_recursive_mutex
                0x200012f0        0x1 f:/gcc-arm-none-eabi/bin/../lib/gcc/arm-none-eabi/10.3.1/../../../../arm-none-eabi/lib/thumb/v7-m/nofp\libg.a(lib_a-lock.o)
                0x200012f0                __lock___sfp_recursive_mutex
 *fill*         0x200012f1        0x3 
 .bss.__lock___sinit_recursive_mutex
                0x200012f4        0x1 f:/gcc-arm-none-eabi/bin/../lib/gcc/arm-none-eabi/10.3.1/../../../../arm-none-eabi/lib/thumb/v7-m/nofp\libg.a(lib_a-lock.o)
                0x200012f4                __lock___sinit_recursive_mutex
 *fill*         0x200012f5        0x3 
 .bss.__malloc_current_mallinfo
                0x200012f8       0x28 f:/gcc-arm-none-eabi/bin/../lib/gcc/arm-none-eabi/10.3.1/../../../../arm-none-eabi/lib/thumb/v7-m/nofp\libg.a(lib_a-mallocr.o)
                0x200012f8                __malloc_current_mallinfo
 .bss.__malloc_max_sbrked_mem
                0x20001320        0x4 f:/gcc-arm-none-eabi/bin/../lib/gcc/arm-none-eabi/10.3.1/../../../../arm-none-eabi/lib/thumb/v7-m/nofp\libg.a(lib_a-mallocr.o)
                0x20001320                __malloc_max_sbrked_mem
 .bss.__malloc_max_total_mem
                0x20001324        0x4 f:/gcc-arm-none-eabi/bin/../lib/gcc/arm-none-eabi/10.3.1/../../../../arm-none-eabi/lib/thumb/v7-m/nofp\libg.a(lib_a-mallocr.o)
                0x20001324                __malloc_max_total_mem
 .bss.__malloc_top_pad
                0x20001328        0x4 f:/gcc-arm-none-eabi/bin/../lib/gcc/arm-none-eabi/10.3.1/../../../../arm-none-eabi/lib/thumb/v7-m/nofp\libg.a(lib_a-mallocr.o)
                0x20001328                __malloc_top_pad
 .bss.errno     0x2000132c        0x4 f:/gcc-arm-none-eabi/bin/../lib/gcc/arm-none-eabi/10.3.1/../../../../arm-none-eabi/lib/thumb/v7-m/nofp\libg.a(lib_a-reent.o)
                0x2000132c                errno
 *(COMMON)
                0x20001330                . = ALIGN (0x4)
                0x20001330                _ebss = .
                0x20001330                __bss_end__ = _ebss

._user_heap_stack
                0x20001330      0x600 load address 0x0800faa4
                0x20001330                . = ALIGN (0x8)
                0x20001330                PROVIDE (end = .)
                [!provide]                PROVIDE (_end = .)
                0x20001530                . = (. + _Min_Heap_Size)
 *fill*         0x20001330      0x200 
                0x20001930                . = (. + _Min_Stack_Size)
 *fill*         0x20001530      0x400 
                0x20001930                . = ALIGN (0x8)

/DISCARD/
 libc.a(*)
 libm.a(*)
 libgcc.a(*)

.ARM.attributes
                0x00000000       0x29
 *(.ARM.attributes)
 .ARM.attributes
                0x00000000       0x1d f:/gcc-arm-none-eabi/bin/../lib/gcc/arm-none-eabi/10.3.1/thumb/v7-m/nofp/crti.o
 .ARM.attributes
                0x0000001d       0x2d f:/gcc-arm-none-eabi/bin/../lib/gcc/arm-none-eabi/10.3.1/thumb/v7-m/nofp/crtbegin.o
 .ARM.attributes
                0x0000004a       0x2d CMakeFiles/RGBtest.elf.dir/Core/Src/MPU6050.c.obj
 .ARM.attributes
                0x00000077       0x2d CMakeFiles/RGBtest.elf.dir/Core/Src/UART.c.obj
 .ARM.attributes
                0x000000a4       0x2d CMakeFiles/RGBtest.elf.dir/Core/Src/gpio.c.obj
 .ARM.attributes
                0x000000d1       0x2d CMakeFiles/RGBtest.elf.dir/Core/Src/main.c.obj
 .ARM.attributes
                0x000000fe       0x2d CMakeFiles/RGBtest.elf.dir/Core/Src/oled.c.obj
 .ARM.attributes
                0x0000012b       0x2d CMakeFiles/RGBtest.elf.dir/Core/Src/stm32f1xx_hal_msp.c.obj
 .ARM.attributes
                0x00000158       0x2d CMakeFiles/RGBtest.elf.dir/Core/Src/stm32f1xx_it.c.obj
 .ARM.attributes
                0x00000185       0x2d CMakeFiles/RGBtest.elf.dir/Core/Src/syscalls.c.obj
 .ARM.attributes
                0x000001b2       0x2d CMakeFiles/RGBtest.elf.dir/Core/Src/system_stm32f1xx.c.obj
 .ARM.attributes
                0x000001df       0x2d CMakeFiles/RGBtest.elf.dir/Core/Src/u_iic.c.obj
 .ARM.attributes
                0x0000020c       0x2d CMakeFiles/RGBtest.elf.dir/Core/Src/usart.c.obj
 .ARM.attributes
                0x00000239       0x2d CMakeFiles/RGBtest.elf.dir/Core/eMPL/inv_mpu.c.obj
 .ARM.attributes
                0x00000266       0x2d CMakeFiles/RGBtest.elf.dir/Core/eMPL/inv_mpu_dmp_motion_driver.c.obj
 .ARM.attributes
                0x00000293       0x2d CMakeFiles/RGBtest.elf.dir/Drivers/STM32F1xx_HAL_Driver/Src/stm32f1xx_hal.c.obj
 .ARM.attributes
                0x000002c0       0x2d CMakeFiles/RGBtest.elf.dir/Drivers/STM32F1xx_HAL_Driver/Src/stm32f1xx_hal_cortex.c.obj
 .ARM.attributes
                0x000002ed       0x2d CMakeFiles/RGBtest.elf.dir/Drivers/STM32F1xx_HAL_Driver/Src/stm32f1xx_hal_gpio.c.obj
 .ARM.attributes
                0x0000031a       0x2d CMakeFiles/RGBtest.elf.dir/Drivers/STM32F1xx_HAL_Driver/Src/stm32f1xx_hal_rcc.c.obj
 .ARM.attributes
                0x00000347       0x2d CMakeFiles/RGBtest.elf.dir/Drivers/STM32F1xx_HAL_Driver/Src/stm32f1xx_hal_uart.c.obj
 .ARM.attributes
                0x00000374       0x21 CMakeFiles/RGBtest.elf.dir/startup/startup_stm32f103xb.s.obj
 .ARM.attributes
                0x00000395       0x1d f:/gcc-arm-none-eabi/bin/../lib/gcc/arm-none-eabi/10.3.1/thumb/v7-m/nofp\libgcc.a(_arm_addsubdf3.o)
 .ARM.attributes
                0x000003b2       0x1d f:/gcc-arm-none-eabi/bin/../lib/gcc/arm-none-eabi/10.3.1/thumb/v7-m/nofp\libgcc.a(_arm_muldivdf3.o)
 .ARM.attributes
                0x000003cf       0x1d f:/gcc-arm-none-eabi/bin/../lib/gcc/arm-none-eabi/10.3.1/thumb/v7-m/nofp\libgcc.a(_arm_truncdfsf2.o)
 .ARM.attributes
                0x000003ec       0x1d f:/gcc-arm-none-eabi/bin/../lib/gcc/arm-none-eabi/10.3.1/thumb/v7-m/nofp\libgcc.a(_arm_addsubsf3.o)
 .ARM.attributes
                0x00000409       0x1d f:/gcc-arm-none-eabi/bin/../lib/gcc/arm-none-eabi/10.3.1/thumb/v7-m/nofp\libgcc.a(_arm_muldivsf3.o)
 .ARM.attributes
                0x00000426       0x1d f:/gcc-arm-none-eabi/bin/../lib/gcc/arm-none-eabi/10.3.1/thumb/v7-m/nofp\libgcc.a(_arm_cmpsf2.o)
 .ARM.attributes
                0x00000443       0x1d f:/gcc-arm-none-eabi/bin/../lib/gcc/arm-none-eabi/10.3.1/thumb/v7-m/nofp\libgcc.a(_arm_fixsfsi.o)
 .ARM.attributes
                0x00000460       0x1d f:/gcc-arm-none-eabi/bin/../lib/gcc/arm-none-eabi/10.3.1/thumb/v7-m/nofp\libgcc.a(_arm_fixunssfsi.o)
 .ARM.attributes
                0x0000047d       0x1d f:/gcc-arm-none-eabi/bin/../lib/gcc/arm-none-eabi/10.3.1/thumb/v7-m/nofp\libgcc.a(_aeabi_ldivmod.o)
 .ARM.attributes
                0x0000049a       0x2d f:/gcc-arm-none-eabi/bin/../lib/gcc/arm-none-eabi/10.3.1/thumb/v7-m/nofp\libgcc.a(_udivmoddi4.o)
 .ARM.attributes
                0x000004c7       0x1d f:/gcc-arm-none-eabi/bin/../lib/gcc/arm-none-eabi/10.3.1/thumb/v7-m/nofp\libgcc.a(_dvmd_tls.o)
 .ARM.attributes
                0x000004e4       0x2d f:/gcc-arm-none-eabi/bin/../lib/gcc/arm-none-eabi/10.3.1/../../../../arm-none-eabi/lib/thumb/v7-m/nofp\libg.a(lib_a-errno.o)
 .ARM.attributes
                0x00000511       0x2d f:/gcc-arm-none-eabi/bin/../lib/gcc/arm-none-eabi/10.3.1/../../../../arm-none-eabi/lib/thumb/v7-m/nofp\libg.a(lib_a-impure.o)
 .ARM.attributes
                0x0000053e       0x2d f:/gcc-arm-none-eabi/bin/../lib/gcc/arm-none-eabi/10.3.1/../../../../arm-none-eabi/lib/thumb/v7-m/nofp\libg.a(lib_a-init.o)
 .ARM.attributes
                0x0000056b       0x2d f:/gcc-arm-none-eabi/bin/../lib/gcc/arm-none-eabi/10.3.1/../../../../arm-none-eabi/lib/thumb/v7-m/nofp\libg.a(lib_a-memcmp.o)
 .ARM.attributes
                0x00000598       0x2d f:/gcc-arm-none-eabi/bin/../lib/gcc/arm-none-eabi/10.3.1/../../../../arm-none-eabi/lib/thumb/v7-m/nofp\libg.a(lib_a-memset.o)
 .ARM.attributes
                0x000005c5       0x2d f:/gcc-arm-none-eabi/bin/../lib/gcc/arm-none-eabi/10.3.1/../../../../arm-none-eabi/lib/thumb/v7-m/nofp\libg.a(lib_a-printf.o)
 .ARM.attributes
                0x000005f2       0x2d f:/gcc-arm-none-eabi/bin/../lib/gcc/arm-none-eabi/10.3.1/../../../../arm-none-eabi/lib/thumb/v7-m/nofp\libg.a(lib_a-puts.o)
 .ARM.attributes
                0x0000061f       0x2d f:/gcc-arm-none-eabi/bin/../lib/gcc/arm-none-eabi/10.3.1/../../../../arm-none-eabi/lib/thumb/v7-m/nofp\libg.a(lib_a-strlen-stub.o)
 .ARM.attributes
                0x0000064c       0x2d f:/gcc-arm-none-eabi/bin/../lib/gcc/arm-none-eabi/10.3.1/../../../../arm-none-eabi/lib/thumb/v7-m/nofp\libg.a(lib_a-vfprintf.o)
 .ARM.attributes
                0x00000679       0x2d f:/gcc-arm-none-eabi/bin/../lib/gcc/arm-none-eabi/10.3.1/../../../../arm-none-eabi/lib/thumb/v7-m/nofp\libg.a(lib_a-wsetup.o)
 .ARM.attributes
                0x000006a6       0x2d f:/gcc-arm-none-eabi/bin/../lib/gcc/arm-none-eabi/10.3.1/../../../../arm-none-eabi/lib/thumb/v7-m/nofp\libg.a(lib_a-__call_atexit.o)
 .ARM.attributes
                0x000006d3       0x2d f:/gcc-arm-none-eabi/bin/../lib/gcc/arm-none-eabi/10.3.1/../../../../arm-none-eabi/lib/thumb/v7-m/nofp\libg.a(lib_a-atexit.o)
 .ARM.attributes
                0x00000700       0x2d f:/gcc-arm-none-eabi/bin/../lib/gcc/arm-none-eabi/10.3.1/../../../../arm-none-eabi/lib/thumb/v7-m/nofp\libg.a(lib_a-dtoa.o)
 .ARM.attributes
                0x0000072d       0x2d f:/gcc-arm-none-eabi/bin/../lib/gcc/arm-none-eabi/10.3.1/../../../../arm-none-eabi/lib/thumb/v7-m/nofp\libg.a(lib_a-fflush.o)
 .ARM.attributes
                0x0000075a       0x2d f:/gcc-arm-none-eabi/bin/../lib/gcc/arm-none-eabi/10.3.1/../../../../arm-none-eabi/lib/thumb/v7-m/nofp\libg.a(lib_a-findfp.o)
 .ARM.attributes
                0x00000787       0x2d f:/gcc-arm-none-eabi/bin/../lib/gcc/arm-none-eabi/10.3.1/../../../../arm-none-eabi/lib/thumb/v7-m/nofp\libg.a(lib_a-fini.o)
 .ARM.attributes
                0x000007b4       0x2d f:/gcc-arm-none-eabi/bin/../lib/gcc/arm-none-eabi/10.3.1/../../../../arm-none-eabi/lib/thumb/v7-m/nofp\libg.a(lib_a-freer.o)
 .ARM.attributes
                0x000007e1       0x2d f:/gcc-arm-none-eabi/bin/../lib/gcc/arm-none-eabi/10.3.1/../../../../arm-none-eabi/lib/thumb/v7-m/nofp\libg.a(lib_a-fvwrite.o)
 .ARM.attributes
                0x0000080e       0x2d f:/gcc-arm-none-eabi/bin/../lib/gcc/arm-none-eabi/10.3.1/../../../../arm-none-eabi/lib/thumb/v7-m/nofp\libg.a(lib_a-fwalk.o)
 .ARM.attributes
                0x0000083b       0x2d f:/gcc-arm-none-eabi/bin/../lib/gcc/arm-none-eabi/10.3.1/../../../../arm-none-eabi/lib/thumb/v7-m/nofp\libg.a(lib_a-localeconv.o)
 .ARM.attributes
                0x00000868       0x2d f:/gcc-arm-none-eabi/bin/../lib/gcc/arm-none-eabi/10.3.1/../../../../arm-none-eabi/lib/thumb/v7-m/nofp\libg.a(lib_a-lock.o)
 .ARM.attributes
                0x00000895       0x2d f:/gcc-arm-none-eabi/bin/../lib/gcc/arm-none-eabi/10.3.1/../../../../arm-none-eabi/lib/thumb/v7-m/nofp\libg.a(lib_a-makebuf.o)
 .ARM.attributes
                0x000008c2       0x2d f:/gcc-arm-none-eabi/bin/../lib/gcc/arm-none-eabi/10.3.1/../../../../arm-none-eabi/lib/thumb/v7-m/nofp\libg.a(lib_a-mallocr.o)
 .ARM.attributes
                0x000008ef       0x2d f:/gcc-arm-none-eabi/bin/../lib/gcc/arm-none-eabi/10.3.1/../../../../arm-none-eabi/lib/thumb/v7-m/nofp\libg.a(lib_a-memchr-stub.o)
 .ARM.attributes
                0x0000091c       0x1b f:/gcc-arm-none-eabi/bin/../lib/gcc/arm-none-eabi/10.3.1/../../../../arm-none-eabi/lib/thumb/v7-m/nofp\libg.a(lib_a-memcpy.o)
 .ARM.attributes
                0x00000937       0x2d f:/gcc-arm-none-eabi/bin/../lib/gcc/arm-none-eabi/10.3.1/../../../../arm-none-eabi/lib/thumb/v7-m/nofp\libg.a(lib_a-memmove.o)
 .ARM.attributes
                0x00000964       0x2d f:/gcc-arm-none-eabi/bin/../lib/gcc/arm-none-eabi/10.3.1/../../../../arm-none-eabi/lib/thumb/v7-m/nofp\libg.a(lib_a-mlock.o)
 .ARM.attributes
                0x00000991       0x2d f:/gcc-arm-none-eabi/bin/../lib/gcc/arm-none-eabi/10.3.1/../../../../arm-none-eabi/lib/thumb/v7-m/nofp\libg.a(lib_a-mprec.o)
 .ARM.attributes
                0x000009be       0x2d f:/gcc-arm-none-eabi/bin/../lib/gcc/arm-none-eabi/10.3.1/../../../../arm-none-eabi/lib/thumb/v7-m/nofp\libg.a(lib_a-reallocr.o)
 .ARM.attributes
                0x000009eb       0x2d f:/gcc-arm-none-eabi/bin/../lib/gcc/arm-none-eabi/10.3.1/../../../../arm-none-eabi/lib/thumb/v7-m/nofp\libg.a(lib_a-s_frexp.o)
 .ARM.attributes
                0x00000a18       0x2d f:/gcc-arm-none-eabi/bin/../lib/gcc/arm-none-eabi/10.3.1/../../../../arm-none-eabi/lib/thumb/v7-m/nofp\libg.a(lib_a-sbrkr.o)
 .ARM.attributes
                0x00000a45       0x2d f:/gcc-arm-none-eabi/bin/../lib/gcc/arm-none-eabi/10.3.1/../../../../arm-none-eabi/lib/thumb/v7-m/nofp\libg.a(lib_a-stdio.o)
 .ARM.attributes
                0x00000a72       0x2d f:/gcc-arm-none-eabi/bin/../lib/gcc/arm-none-eabi/10.3.1/../../../../arm-none-eabi/lib/thumb/v7-m/nofp\libg.a(lib_a-strncpy.o)
 .ARM.attributes
                0x00000a9f       0x2d f:/gcc-arm-none-eabi/bin/../lib/gcc/arm-none-eabi/10.3.1/../../../../arm-none-eabi/lib/thumb/v7-m/nofp\libg.a(lib_a-vfiprintf.o)
 .ARM.attributes
                0x00000acc       0x2d f:/gcc-arm-none-eabi/bin/../lib/gcc/arm-none-eabi/10.3.1/../../../../arm-none-eabi/lib/thumb/v7-m/nofp\libg.a(lib_a-writer.o)
 .ARM.attributes
                0x00000af9       0x2d f:/gcc-arm-none-eabi/bin/../lib/gcc/arm-none-eabi/10.3.1/../../../../arm-none-eabi/lib/thumb/v7-m/nofp\libg.a(lib_a-__atexit.o)
 .ARM.attributes
                0x00000b26       0x2d f:/gcc-arm-none-eabi/bin/../lib/gcc/arm-none-eabi/10.3.1/../../../../arm-none-eabi/lib/thumb/v7-m/nofp\libg.a(lib_a-assert.o)
 .ARM.attributes
                0x00000b53       0x2d f:/gcc-arm-none-eabi/bin/../lib/gcc/arm-none-eabi/10.3.1/../../../../arm-none-eabi/lib/thumb/v7-m/nofp\libg.a(lib_a-callocr.o)
 .ARM.attributes
                0x00000b80       0x2d f:/gcc-arm-none-eabi/bin/../lib/gcc/arm-none-eabi/10.3.1/../../../../arm-none-eabi/lib/thumb/v7-m/nofp\libg.a(lib_a-closer.o)
 .ARM.attributes
                0x00000bad       0x2d f:/gcc-arm-none-eabi/bin/../lib/gcc/arm-none-eabi/10.3.1/../../../../arm-none-eabi/lib/thumb/v7-m/nofp\libg.a(lib_a-fclose.o)
 .ARM.attributes
                0x00000bda       0x2d f:/gcc-arm-none-eabi/bin/../lib/gcc/arm-none-eabi/10.3.1/../../../../arm-none-eabi/lib/thumb/v7-m/nofp\libg.a(lib_a-fiprintf.o)
 .ARM.attributes
                0x00000c07       0x2d f:/gcc-arm-none-eabi/bin/../lib/gcc/arm-none-eabi/10.3.1/../../../../arm-none-eabi/lib/thumb/v7-m/nofp\libg.a(lib_a-fputwc.o)
 .ARM.attributes
                0x00000c34       0x2d f:/gcc-arm-none-eabi/bin/../lib/gcc/arm-none-eabi/10.3.1/../../../../arm-none-eabi/lib/thumb/v7-m/nofp\libg.a(lib_a-fstatr.o)
 .ARM.attributes
                0x00000c61       0x2d f:/gcc-arm-none-eabi/bin/../lib/gcc/arm-none-eabi/10.3.1/../../../../arm-none-eabi/lib/thumb/v7-m/nofp\libg.a(lib_a-isattyr.o)
 .ARM.attributes
                0x00000c8e       0x2d f:/gcc-arm-none-eabi/bin/../lib/gcc/arm-none-eabi/10.3.1/../../../../arm-none-eabi/lib/thumb/v7-m/nofp\libg.a(lib_a-locale.o)
 .ARM.attributes
                0x00000cbb       0x2d f:/gcc-arm-none-eabi/bin/../lib/gcc/arm-none-eabi/10.3.1/../../../../arm-none-eabi/lib/thumb/v7-m/nofp\libg.a(lib_a-lseekr.o)
 .ARM.attributes
                0x00000ce8       0x2d f:/gcc-arm-none-eabi/bin/../lib/gcc/arm-none-eabi/10.3.1/../../../../arm-none-eabi/lib/thumb/v7-m/nofp\libg.a(lib_a-mbtowc_r.o)
 .ARM.attributes
                0x00000d15       0x2d f:/gcc-arm-none-eabi/bin/../lib/gcc/arm-none-eabi/10.3.1/../../../../arm-none-eabi/lib/thumb/v7-m/nofp\libg.a(lib_a-readr.o)
 .ARM.attributes
                0x00000d42       0x2d f:/gcc-arm-none-eabi/bin/../lib/gcc/arm-none-eabi/10.3.1/../../../../arm-none-eabi/lib/thumb/v7-m/nofp\libg.a(lib_a-reent.o)
 .ARM.attributes
                0x00000d6f       0x2d f:/gcc-arm-none-eabi/bin/../lib/gcc/arm-none-eabi/10.3.1/../../../../arm-none-eabi/lib/thumb/v7-m/nofp\libg.a(lib_a-wbuf.o)
 .ARM.attributes
                0x00000d9c       0x2d f:/gcc-arm-none-eabi/bin/../lib/gcc/arm-none-eabi/10.3.1/../../../../arm-none-eabi/lib/thumb/v7-m/nofp\libg.a(lib_a-wcrtomb.o)
 .ARM.attributes
                0x00000dc9       0x2d f:/gcc-arm-none-eabi/bin/../lib/gcc/arm-none-eabi/10.3.1/../../../../arm-none-eabi/lib/thumb/v7-m/nofp\libg.a(lib_a-wctomb_r.o)
 .ARM.attributes
                0x00000df6       0x2d f:/gcc-arm-none-eabi/bin/../lib/gcc/arm-none-eabi/10.3.1/../../../../arm-none-eabi/lib/thumb/v7-m/nofp\libg.a(lib_a-abort.o)
 .ARM.attributes
                0x00000e23       0x2d f:/gcc-arm-none-eabi/bin/../lib/gcc/arm-none-eabi/10.3.1/../../../../arm-none-eabi/lib/thumb/v7-m/nofp\libg.a(lib_a-ctype_.o)
 .ARM.attributes
                0x00000e50       0x2d f:/gcc-arm-none-eabi/bin/../lib/gcc/arm-none-eabi/10.3.1/../../../../arm-none-eabi/lib/thumb/v7-m/nofp\libg.a(lib_a-signal.o)
 .ARM.attributes
                0x00000e7d       0x2d f:/gcc-arm-none-eabi/bin/../lib/gcc/arm-none-eabi/10.3.1/../../../../arm-none-eabi/lib/thumb/v7-m/nofp\libg.a(lib_a-signalr.o)
 .ARM.attributes
                0x00000eaa       0x1d f:/gcc-arm-none-eabi/bin/../lib/gcc/arm-none-eabi/10.3.1/thumb/v7-m/nofp\libgcc.a(_arm_cmpdf2.o)
 .ARM.attributes
                0x00000ec7       0x1d f:/gcc-arm-none-eabi/bin/../lib/gcc/arm-none-eabi/10.3.1/thumb/v7-m/nofp\libgcc.a(_arm_unorddf2.o)
 .ARM.attributes
                0x00000ee4       0x1d f:/gcc-arm-none-eabi/bin/../lib/gcc/arm-none-eabi/10.3.1/thumb/v7-m/nofp\libgcc.a(_arm_fixdfsi.o)
 .ARM.attributes
                0x00000f01       0x1d f:/gcc-arm-none-eabi/bin/../lib/gcc/arm-none-eabi/10.3.1/thumb/v7-m/nofp\libgcc.a(_aeabi_uldivmod.o)
 .ARM.attributes
                0x00000f1e       0x1d f:/gcc-arm-none-eabi/bin/../lib/gcc/arm-none-eabi/10.3.1/thumb/v7-m/nofp/crtn.o
OUTPUT(RGBtest.elf elf32-littlearm)
LOAD linker stubs
LOAD f:/gcc-arm-none-eabi/bin/../lib/gcc/arm-none-eabi/10.3.1/../../../../arm-none-eabi/lib/thumb/v7-m/nofp\libc.a
LOAD f:/gcc-arm-none-eabi/bin/../lib/gcc/arm-none-eabi/10.3.1/../../../../arm-none-eabi/lib/thumb/v7-m/nofp\libm.a
LOAD f:/gcc-arm-none-eabi/bin/../lib/gcc/arm-none-eabi/10.3.1/thumb/v7-m/nofp\libgcc.a

.debug_info     0x00000000     0xe11e
 .debug_info    0x00000000      0xcc8 CMakeFiles/RGBtest.elf.dir/Core/Src/MPU6050.c.obj
 .debug_info    0x00000cc8     0x1268 CMakeFiles/RGBtest.elf.dir/Core/Src/UART.c.obj
 .debug_info    0x00001f30      0x349 CMakeFiles/RGBtest.elf.dir/Core/Src/gpio.c.obj
 .debug_info    0x00002279      0x652 CMakeFiles/RGBtest.elf.dir/Core/Src/main.c.obj
 .debug_info    0x000028cb     0x1437 CMakeFiles/RGBtest.elf.dir/Core/Src/oled.c.obj
 .debug_info    0x00003d02      0x211 CMakeFiles/RGBtest.elf.dir/Core/Src/stm32f1xx_hal_msp.c.obj
 .debug_info    0x00003f13      0x14b CMakeFiles/RGBtest.elf.dir/Core/Src/stm32f1xx_it.c.obj
 .debug_info    0x0000405e      0x835 CMakeFiles/RGBtest.elf.dir/Core/Src/syscalls.c.obj
 .debug_info    0x00004893      0x248 CMakeFiles/RGBtest.elf.dir/Core/Src/system_stm32f1xx.c.obj
 .debug_info    0x00004adb      0xb66 CMakeFiles/RGBtest.elf.dir/Core/Src/u_iic.c.obj
 .debug_info    0x00005641      0x827 CMakeFiles/RGBtest.elf.dir/Core/Src/usart.c.obj
 .debug_info    0x00005e68     0x2cad CMakeFiles/RGBtest.elf.dir/Core/eMPL/inv_mpu.c.obj
 .debug_info    0x00008b15     0x1385 CMakeFiles/RGBtest.elf.dir/Core/eMPL/inv_mpu_dmp_motion_driver.c.obj
 .debug_info    0x00009e9a      0x7a8 CMakeFiles/RGBtest.elf.dir/Drivers/STM32F1xx_HAL_Driver/Src/stm32f1xx_hal.c.obj
 .debug_info    0x0000a642      0xd8a CMakeFiles/RGBtest.elf.dir/Drivers/STM32F1xx_HAL_Driver/Src/stm32f1xx_hal_cortex.c.obj
 .debug_info    0x0000b3cc      0x66f CMakeFiles/RGBtest.elf.dir/Drivers/STM32F1xx_HAL_Driver/Src/stm32f1xx_hal_gpio.c.obj
 .debug_info    0x0000ba3b      0xa36 CMakeFiles/RGBtest.elf.dir/Drivers/STM32F1xx_HAL_Driver/Src/stm32f1xx_hal_rcc.c.obj
 .debug_info    0x0000c471     0x1c8b CMakeFiles/RGBtest.elf.dir/Drivers/STM32F1xx_HAL_Driver/Src/stm32f1xx_hal_uart.c.obj
 .debug_info    0x0000e0fc       0x22 CMakeFiles/RGBtest.elf.dir/startup/startup_stm32f103xb.s.obj

.debug_abbrev   0x00000000     0x22c3
 .debug_abbrev  0x00000000      0x1af CMakeFiles/RGBtest.elf.dir/Core/Src/MPU6050.c.obj
 .debug_abbrev  0x000001af      0x2e8 CMakeFiles/RGBtest.elf.dir/Core/Src/UART.c.obj
 .debug_abbrev  0x00000497      0x13c CMakeFiles/RGBtest.elf.dir/Core/Src/gpio.c.obj
 .debug_abbrev  0x000005d3      0x1cf CMakeFiles/RGBtest.elf.dir/Core/Src/main.c.obj
 .debug_abbrev  0x000007a2      0x25d CMakeFiles/RGBtest.elf.dir/Core/Src/oled.c.obj
 .debug_abbrev  0x000009ff       0xe5 CMakeFiles/RGBtest.elf.dir/Core/Src/stm32f1xx_hal_msp.c.obj
 .debug_abbrev  0x00000ae4       0x7e CMakeFiles/RGBtest.elf.dir/Core/Src/stm32f1xx_it.c.obj
 .debug_abbrev  0x00000b62      0x1da CMakeFiles/RGBtest.elf.dir/Core/Src/syscalls.c.obj
 .debug_abbrev  0x00000d3c      0x13e CMakeFiles/RGBtest.elf.dir/Core/Src/system_stm32f1xx.c.obj
 .debug_abbrev  0x00000e7a      0x20d CMakeFiles/RGBtest.elf.dir/Core/Src/u_iic.c.obj
 .debug_abbrev  0x00001087      0x1c1 CMakeFiles/RGBtest.elf.dir/Core/Src/usart.c.obj
 .debug_abbrev  0x00001248      0x2b0 CMakeFiles/RGBtest.elf.dir/Core/eMPL/inv_mpu.c.obj
 .debug_abbrev  0x000014f8      0x1d0 CMakeFiles/RGBtest.elf.dir/Core/eMPL/inv_mpu_dmp_motion_driver.c.obj
 .debug_abbrev  0x000016c8      0x1f4 CMakeFiles/RGBtest.elf.dir/Drivers/STM32F1xx_HAL_Driver/Src/stm32f1xx_hal.c.obj
 .debug_abbrev  0x000018bc      0x341 CMakeFiles/RGBtest.elf.dir/Drivers/STM32F1xx_HAL_Driver/Src/stm32f1xx_hal_cortex.c.obj
 .debug_abbrev  0x00001bfd      0x1e6 CMakeFiles/RGBtest.elf.dir/Drivers/STM32F1xx_HAL_Driver/Src/stm32f1xx_hal_gpio.c.obj