Archive member included to satisfy reference by file (symbol)

f:/gcc-arm-none-eabi/bin/../lib/gcc/arm-none-eabi/10.3.1/../../../../arm-none-eabi/lib/thumb/v7-m/nofp\libg.a(lib_a-errno.o)
                              CMakeFiles/RGBtest.elf.dir/Core/Src/syscalls.c.obj (__errno)
f:/gcc-arm-none-eabi/bin/../lib/gcc/arm-none-eabi/10.3.1/../../../../arm-none-eabi/lib/thumb/v7-m/nofp\libg.a(lib_a-exit.o)
                              f:/gcc-arm-none-eabi/bin/../lib/gcc/arm-none-eabi/10.3.1/../../../../arm-none-eabi/lib/thumb/v7-m/nofp/crt0.o (exit)
f:/gcc-arm-none-eabi/bin/../lib/gcc/arm-none-eabi/10.3.1/../../../../arm-none-eabi/lib/thumb/v7-m/nofp\libg.a(lib_a-impure.o)
                              f:/gcc-arm-none-eabi/bin/../lib/gcc/arm-none-eabi/10.3.1/../../../../arm-none-eabi/lib/thumb/v7-m/nofp\libg.a(lib_a-exit.o) (_global_impure_ptr)
f:/gcc-arm-none-eabi/bin/../lib/gcc/arm-none-eabi/10.3.1/../../../../arm-none-eabi/lib/thumb/v7-m/nofp\libg.a(lib_a-init.o)
                              f:/gcc-arm-none-eabi/bin/../lib/gcc/arm-none-eabi/10.3.1/../../../../arm-none-eabi/lib/thumb/v7-m/nofp/crt0.o (__libc_init_array)
f:/gcc-arm-none-eabi/bin/../lib/gcc/arm-none-eabi/10.3.1/../../../../arm-none-eabi/lib/thumb/v7-m/nofp\libg.a(lib_a-memset.o)
                              f:/gcc-arm-none-eabi/bin/../lib/gcc/arm-none-eabi/10.3.1/../../../../arm-none-eabi/lib/thumb/v7-m/nofp/crt0.o (memset)
f:/gcc-arm-none-eabi/bin/../lib/gcc/arm-none-eabi/10.3.1/../../../../arm-none-eabi/lib/thumb/v7-m/nofp\libg.a(lib_a-__call_atexit.o)
                              f:/gcc-arm-none-eabi/bin/../lib/gcc/arm-none-eabi/10.3.1/../../../../arm-none-eabi/lib/thumb/v7-m/nofp\libg.a(lib_a-exit.o) (__call_exitprocs)
f:/gcc-arm-none-eabi/bin/../lib/gcc/arm-none-eabi/10.3.1/../../../../arm-none-eabi/lib/thumb/v7-m/nofp\libg.a(lib_a-atexit.o)
                              f:/gcc-arm-none-eabi/bin/../lib/gcc/arm-none-eabi/10.3.1/../../../../arm-none-eabi/lib/thumb/v7-m/nofp\libg.a(lib_a-__call_atexit.o) (atexit)
f:/gcc-arm-none-eabi/bin/../lib/gcc/arm-none-eabi/10.3.1/../../../../arm-none-eabi/lib/thumb/v7-m/nofp\libg.a(lib_a-fini.o)
                              f:/gcc-arm-none-eabi/bin/../lib/gcc/arm-none-eabi/10.3.1/../../../../arm-none-eabi/lib/thumb/v7-m/nofp\libg.a(lib_a-__call_atexit.o) (__libc_fini_array)
f:/gcc-arm-none-eabi/bin/../lib/gcc/arm-none-eabi/10.3.1/../../../../arm-none-eabi/lib/thumb/v7-m/nofp\libg.a(lib_a-lock.o)
                              f:/gcc-arm-none-eabi/bin/../lib/gcc/arm-none-eabi/10.3.1/../../../../arm-none-eabi/lib/thumb/v7-m/nofp\libg.a(lib_a-__call_atexit.o) (__retarget_lock_acquire_recursive)
f:/gcc-arm-none-eabi/bin/../lib/gcc/arm-none-eabi/10.3.1/../../../../arm-none-eabi/lib/thumb/v7-m/nofp\libg.a(lib_a-__atexit.o)
                              f:/gcc-arm-none-eabi/bin/../lib/gcc/arm-none-eabi/10.3.1/../../../../arm-none-eabi/lib/thumb/v7-m/nofp\libg.a(lib_a-atexit.o) (__register_exitproc)

Discarded input sections

 .text          0x00000000        0x0 f:/gcc-arm-none-eabi/bin/../lib/gcc/arm-none-eabi/10.3.1/thumb/v7-m/nofp/crti.o
 .data          0x00000000        0x0 f:/gcc-arm-none-eabi/bin/../lib/gcc/arm-none-eabi/10.3.1/thumb/v7-m/nofp/crti.o
 .bss           0x00000000        0x0 f:/gcc-arm-none-eabi/bin/../lib/gcc/arm-none-eabi/10.3.1/thumb/v7-m/nofp/crti.o
 .data          0x00000000        0x4 f:/gcc-arm-none-eabi/bin/../lib/gcc/arm-none-eabi/10.3.1/thumb/v7-m/nofp/crtbegin.o
 .rodata        0x00000000       0x24 f:/gcc-arm-none-eabi/bin/../lib/gcc/arm-none-eabi/10.3.1/thumb/v7-m/nofp/crtbegin.o
 .text          0x00000000       0x7c f:/gcc-arm-none-eabi/bin/../lib/gcc/arm-none-eabi/10.3.1/../../../../arm-none-eabi/lib/thumb/v7-m/nofp/crt0.o
 .data          0x00000000        0x0 f:/gcc-arm-none-eabi/bin/../lib/gcc/arm-none-eabi/10.3.1/../../../../arm-none-eabi/lib/thumb/v7-m/nofp/crt0.o
 .bss           0x00000000        0x0 f:/gcc-arm-none-eabi/bin/../lib/gcc/arm-none-eabi/10.3.1/../../../../arm-none-eabi/lib/thumb/v7-m/nofp/crt0.o
 .ARM.extab     0x00000000        0x0 f:/gcc-arm-none-eabi/bin/../lib/gcc/arm-none-eabi/10.3.1/../../../../arm-none-eabi/lib/thumb/v7-m/nofp/crt0.o
 .ARM.exidx     0x00000000       0x10 f:/gcc-arm-none-eabi/bin/../lib/gcc/arm-none-eabi/10.3.1/../../../../arm-none-eabi/lib/thumb/v7-m/nofp/crt0.o
 .ARM.attributes
                0x00000000       0x1b f:/gcc-arm-none-eabi/bin/../lib/gcc/arm-none-eabi/10.3.1/../../../../arm-none-eabi/lib/thumb/v7-m/nofp/crt0.o
 .text          0x00000000        0x0 CMakeFiles/RGBtest.elf.dir/Core/Src/gpio.c.obj
 .data          0x00000000        0x0 CMakeFiles/RGBtest.elf.dir/Core/Src/gpio.c.obj
 .bss           0x00000000        0x0 CMakeFiles/RGBtest.elf.dir/Core/Src/gpio.c.obj
 .text          0x00000000        0x0 CMakeFiles/RGBtest.elf.dir/Core/Src/main.c.obj
 .data          0x00000000        0x0 CMakeFiles/RGBtest.elf.dir/Core/Src/main.c.obj
 .bss           0x00000000        0x0 CMakeFiles/RGBtest.elf.dir/Core/Src/main.c.obj
[...]
Memory Configuration

Name             Origin             Length             Attributes
RAM              0x20000000         0x00005000         xrw
FLASH            0x08000000         0x00010000         xr
*default*        0x00000000         0xffffffff

Linker script and memory map

LOAD f:/gcc-arm-none-eabi/bin/../lib/gcc/arm-none-eabi/10.3.1/thumb/v7-m/nofp/crti.o
LOAD f:/gcc-arm-none-eabi/bin/../lib/gcc/arm-none-eabi/10.3.1/thumb/v7-m/nofp/crtbegin.o
LOAD f:/gcc-arm-none-eabi/bin/../lib/gcc/arm-none-eabi/10.3.1/../../../../arm-none-eabi/lib/thumb/v7-m/nofp/crt0.o
LOAD CMakeFiles/RGBtest.elf.dir/Core/Src/gpio.c.obj
LOAD CMakeFiles/RGBtest.elf.dir/Core/Src/main.c.obj
LOAD CMakeFiles/RGBtest.elf.dir/Core/Src/oled.c.obj
LOAD CMakeFiles/RGBtest.elf.dir/Core/Src/stm32f1xx_hal_msp.c.obj
LOAD CMakeFiles/RGBtest.elf.dir/Core/Src/stm32f1xx_it.c.obj
LOAD CMakeFiles/RGBtest.elf.dir/Core/Src/syscalls.c.obj
LOAD CMakeFiles/RGBtest.elf.dir/Core/Src/system_stm32f1xx.c.obj
LOAD CMakeFiles/RGBtest.elf.dir/Core/Src/usart.c.obj
LOAD CMakeFiles/RGBtest.elf.dir/Drivers/STM32F1xx_HAL_Driver/Src/stm32f1xx_hal.c.obj
LOAD CMakeFiles/RGBtest.elf.dir/Drivers/STM32F1xx_HAL_Driver/Src/stm32f1xx_hal_cortex.c.obj
LOAD CMakeFiles/RGBtest.elf.dir/Drivers/STM32F1xx_HAL_Driver/Src/stm32f1xx_hal_dma.c.obj
LOAD CMakeFiles/RGBtest.elf.dir/Drivers/STM32F1xx_HAL_Driver/Src/stm32f1xx_hal_exti.c.obj
LOAD CMakeFiles/RGBtest.elf.dir/Drivers/STM32F1xx_HAL_Driver/Src/stm32f1xx_hal_flash.c.obj
LOAD CMakeFiles/RGBtest.elf.dir/Drivers/STM32F1xx_HAL_Driver/Src/stm32f1xx_hal_flash_ex.c.obj
LOAD CMakeFiles/RGBtest.elf.dir/Drivers/STM32F1xx_HAL_Driver/Src/stm32f1xx_hal_gpio.c.obj
LOAD CMakeFiles/RGBtest.elf.dir/Drivers/STM32F1xx_HAL_Driver/Src/stm32f1xx_hal_gpio_ex.c.obj
LOAD CMakeFiles/RGBtest.elf.dir/Drivers/STM32F1xx_HAL_Driver/Src/stm32f1xx_hal_pwr.c.obj
LOAD CMakeFiles/RGBtest.elf.dir/Drivers/STM32F1xx_HAL_Driver/Src/stm32f1xx_hal_rcc.c.obj
LOAD CMakeFiles/RGBtest.elf.dir/Drivers/STM32F1xx_HAL_Driver/Src/stm32f1xx_hal_rcc_ex.c.obj
LOAD CMakeFiles/RGBtest.elf.dir/Drivers/STM32F1xx_HAL_Driver/Src/stm32f1xx_hal_tim.c.obj
LOAD CMakeFiles/RGBtest.elf.dir/Drivers/STM32F1xx_HAL_Driver/Src/stm32f1xx_hal_tim_ex.c.obj
LOAD CMakeFiles/RGBtest.elf.dir/Drivers/STM32F1xx_HAL_Driver/Src/stm32f1xx_hal_uart.c.obj
LOAD CMakeFiles/RGBtest.elf.dir/startup/startup_stm32f103xb.s.obj
START GROUP
LOAD f:/gcc-arm-none-eabi/bin/../lib/gcc/arm-none-eabi/10.3.1/thumb/v7-m/nofp\libgcc.a
LOAD f:/gcc-arm-none-eabi/bin/../lib/gcc/arm-none-eabi/10.3.1/../../../../arm-none-eabi/lib/thumb/v7-m/nofp\libg.a
LOAD f:/gcc-arm-none-eabi/bin/../lib/gcc/arm-none-eabi/10.3.1/../../../../arm-none-eabi/lib/thumb/v7-m/nofp\libc.a
END GROUP
LOAD f:/gcc-arm-none-eabi/bin/../lib/gcc/arm-none-eabi/10.3.1/thumb/v7-m/nofp/crtend.o
LOAD f:/gcc-arm-none-eabi/bin/../lib/gcc/arm-none-eabi/10.3.1/thumb/v7-m/nofp/crtn.o
                0x20005000                _estack = (ORIGIN (RAM) + LENGTH (RAM))
                0x00000200                _Min_Heap_Size = 0x200
                0x00000400                _Min_Stack_Size = 0x400

.isr_vector     0x08000000      0x10c
                0x08000000                . = ALIGN (0x4)
 *(.isr_vector)
 .isr_vector    0x08000000      0x10c CMakeFiles/RGBtest.elf.dir/startup/startup_stm32f103xb.s.obj
                0x08000000                g_pfnVectors
                0x0800010c                . = ALIGN (0x4)

.text           0x0800010c     0x18bc
                0x0800010c                . = ALIGN (0x4)
 *(.text)
 .text          0x0800010c       0x40 f:/gcc-arm-none-eabi/bin/../lib/gcc/arm-none-eabi/10.3.1/thumb/v7-m/nofp/crtbegin.o
 *(.text*)
 .text.MX_GPIO_Init
                0x0800014c       0xb8 CMakeFiles/RGBtest.elf.dir/Core/Src/gpio.c.obj
                0x0800014c                MX_GPIO_Init
 .text.Error_Handler
                0x08000204        0x4 CMakeFiles/RGBtest.elf.dir/Core/Src/main.c.obj
                0x08000204                Error_Handler
 .text.SystemClock_Config
                0x08000208       0x68 CMakeFiles/RGBtest.elf.dir/Core/Src/main.c.obj
                0x08000208                SystemClock_Config
 .text.main     0x08000270      0x24c CMakeFiles/RGBtest.elf.dir/Core/Src/main.c.obj
                0x08000270                main
 .text.IIC_delay
                0x080004bc        0x4 CMakeFiles/RGBtest.elf.dir/Core/Src/oled.c.obj
                0x080004bc                IIC_delay
 .text.I2C_Start
                0x080004c0       0x30 CMakeFiles/RGBtest.elf.dir/Core/Src/oled.c.obj
                0x080004c0                I2C_Start
 .text.I2C_Stop
                0x080004f0       0x20 CMakeFiles/RGBtest.elf.dir/Core/Src/oled.c.obj
                0x080004f0                I2C_Stop
 .text.I2C_WaitAck
                0x08000510       0x28 CMakeFiles/RGBtest.elf.dir/Core/Src/oled.c.obj
                0x08000510                I2C_WaitAck
 .text.Send_Byte
                0x08000538       0x48 CMakeFiles/RGBtest.elf.dir/Core/Src/oled.c.obj
                0x08000538                Send_Byte
 .text.OLED_WR_Byte
                0x08000580       0x38 CMakeFiles/RGBtest.elf.dir/Core/Src/oled.c.obj
                0x08000580                OLED_WR_Byte
 .text.OLED_ColorTurn
                0x080005b8       0x20 CMakeFiles/RGBtest.elf.dir/Core/Src/oled.c.obj
                0x080005b8                OLED_ColorTurn
 .text.OLED_DisplayTurn
                0x080005d8       0x30 CMakeFiles/RGBtest.elf.dir/Core/Src/oled.c.obj
                0x080005d8                OLED_DisplayTurn
 .text.OLED_Refresh
                0x08000608       0x6c CMakeFiles/RGBtest.elf.dir/Core/Src/oled.c.obj
                0x08000608                OLED_Refresh
 .text.OLED_Clear
                0x08000674       0x30 CMakeFiles/RGBtest.elf.dir/Core/Src/oled.c.obj
                0x08000674                OLED_Clear
 .text.OLED_DrawPoint
                0x080006a4       0x48 CMakeFiles/RGBtest.elf.dir/Core/Src/oled.c.obj
                0x080006a4                OLED_DrawPoint
 .text.OLED_ShowChar
                0x080006ec      0x10c CMakeFiles/RGBtest.elf.dir/Core/Src/oled.c.obj
                0x080006ec                OLED_ShowChar
 .text.OLED_ShowString
                0x080007f8       0x46 CMakeFiles/RGBtest.elf.dir/Core/Src/oled.c.obj
                0x080007f8                OLED_ShowString
 .text.OLED_Pow
                0x0800083e       0x16 CMakeFiles/RGBtest.elf.dir/Core/Src/oled.c.obj
                0x0800083e                OLED_Pow
 .text.OLED_ShowNum
                0x08000854       0x98 CMakeFiles/RGBtest.elf.dir/Core/Src/oled.c.obj
                0x08000854                OLED_ShowNum
 .text.OLED_ShowChinese
                0x080008ec       0xe8 CMakeFiles/RGBtest.elf.dir/Core/Src/oled.c.obj
                0x080008ec                OLED_ShowChinese
 .text.OLED_ShowPicture
                0x080009d4       0xac CMakeFiles/RGBtest.elf.dir/Core/Src/oled.c.obj
                0x080009d4                OLED_ShowPicture
 .text.OLED_Init
                0x08000a80       0xd8 CMakeFiles/RGBtest.elf.dir/Core/Src/oled.c.obj
                0x08000a80                OLED_Init
 .text.HAL_MspInit
                0x08000b58       0x44 CMakeFiles/RGBtest.elf.dir/Core/Src/stm32f1xx_hal_msp.c.obj
                0x08000b58                HAL_MspInit
 .text.NMI_Handler
                0x08000b9c        0x8 CMakeFiles/RGBtest.elf.dir/Core/Src/stm32f1xx_it.c.obj
                0x08000b9c                NMI_Handler
 .text.HardFault_Handler
                0x08000ba4        0x2 CMakeFiles/RGBtest.elf.dir/Core/Src/stm32f1xx_it.c.obj
                0x08000ba4                HardFault_Handler
 .text.MemManage_Handler
                0x08000ba6        0x2 CMakeFiles/RGBtest.elf.dir/Core/Src/stm32f1xx_it.c.obj
                0x08000ba6                MemManage_Handler
 .text.BusFault_Handler
                0x08000ba8        0x2 CMakeFiles/RGBtest.elf.dir/Core/Src/stm32f1xx_it.c.obj
                0x08000ba8                BusFault_Handler
 .text.UsageFault_Handler
                0x08000baa        0x2 CMakeFiles/RGBtest.elf.dir/Core/Src/stm32f1xx_it.c.obj
                0x08000baa                UsageFault_Handler
 .text.SVC_Handler
                0x08000bac        0x2 CMakeFiles/RGBtest.elf.dir/Core/Src/stm32f1xx_it.c.obj
                0x08000bac                SVC_Handler
 .text.DebugMon_Handler
                0x08000bae        0x2 CMakeFiles/RGBtest.elf.dir/Core/Src/stm32f1xx_it.c.obj
                0x08000bae                DebugMon_Handler
 .text.PendSV_Handler
                0x08000bb0        0x2 CMakeFiles/RGBtest.elf.dir/Core/Src/stm32f1xx_it.c.obj
                0x08000bb0                PendSV_Handler
 .text.SysTick_Handler
                0x08000bb2        0x8 CMakeFiles/RGBtest.elf.dir/Core/Src/stm32f1xx_it.c.obj
                0x08000bb2                SysTick_Handler
 .text.SystemInit
                0x08000bba        0x2 CMakeFiles/RGBtest.elf.dir/Core/Src/system_stm32f1xx.c.obj
                0x08000bba                SystemInit
 .text.MX_USART3_UART_Init
                0x08000bbc       0x34 CMakeFiles/RGBtest.elf.dir/Core/Src/usart.c.obj
                0x08000bbc                MX_USART3_UART_Init
 .text.HAL_UART_MspInit
                0x08000bf0       0x78 CMakeFiles/RGBtest.elf.dir/Core/Src/usart.c.obj
                0x08000bf0                HAL_UART_MspInit
 .text.HAL_InitTick
                0x08000c68       0x4c CMakeFiles/RGBtest.elf.dir/Drivers/STM32F1xx_HAL_Driver/Src/stm32f1xx_hal.c.obj
                0x08000c68                HAL_InitTick
 .text.HAL_Init
                0x08000cb4       0x24 CMakeFiles/RGBtest.elf.dir/Drivers/STM32F1xx_HAL_Driver/Src/stm32f1xx_hal.c.obj
                0x08000cb4                HAL_Init
 .text.HAL_IncTick
                0x08000cd8       0x18 CMakeFiles/RGBtest.elf.dir/Drivers/STM32F1xx_HAL_Driver/Src/stm32f1xx_hal.c.obj
                0x08000cd8                HAL_IncTick
 .text.HAL_GetTick
                0x08000cf0        0xc CMakeFiles/RGBtest.elf.dir/Drivers/STM32F1xx_HAL_Driver/Src/stm32f1xx_hal.c.obj
                0x08000cf0                HAL_GetTick
 .text.HAL_Delay
                0x08000cfc       0x28 CMakeFiles/RGBtest.elf.dir/Drivers/STM32F1xx_HAL_Driver/Src/stm32f1xx_hal.c.obj
                0x08000cfc                HAL_Delay
 .text.HAL_NVIC_SetPriorityGrouping
                0x08000d24       0x24 CMakeFiles/RGBtest.elf.dir/Drivers/STM32F1xx_HAL_Driver/Src/stm32f1xx_hal_cortex.c.obj
                0x08000d24                HAL_NVIC_SetPriorityGrouping
 .text.HAL_NVIC_SetPriority
                0x08000d48       0x70 CMakeFiles/RGBtest.elf.dir/Drivers/STM32F1xx_HAL_Driver/Src/stm32f1xx_hal_cortex.c.obj
                0x08000d48                HAL_NVIC_SetPriority
 .text.HAL_SYSTICK_Config
                0x08000db8       0x28 CMakeFiles/RGBtest.elf.dir/Drivers/STM32F1xx_HAL_Driver/Src/stm32f1xx_hal_cortex.c.obj
                0x08000db8                HAL_SYSTICK_Config
 .text.HAL_GPIO_Init
                0x08000de0      0x224 CMakeFiles/RGBtest.elf.dir/Drivers/STM32F1xx_HAL_Driver/Src/stm32f1xx_hal_gpio.c.obj
                0x08000de0                HAL_GPIO_Init
 .text.HAL_GPIO_WritePin
                0x08001004        0xc CMakeFiles/RGBtest.elf.dir/Drivers/STM32F1xx_HAL_Driver/Src/stm32f1xx_hal_gpio.c.obj
                0x08001004                HAL_GPIO_WritePin
 .text.RCC_Delay
                0x08001010       0x2c CMakeFiles/RGBtest.elf.dir/Drivers/STM32F1xx_HAL_Driver/Src/stm32f1xx_hal_rcc.c.obj
 .text.HAL_RCC_OscConfig
                0x0800103c      0x410 CMakeFiles/RGBtest.elf.dir/Drivers/STM32F1xx_HAL_Driver/Src/stm32f1xx_hal_rcc.c.obj
                0x0800103c                HAL_RCC_OscConfig
 .text.HAL_RCC_EnableCSS
                0x0800144c        0xc CMakeFiles/RGBtest.elf.dir/Drivers/STM32F1xx_HAL_Driver/Src/stm32f1xx_hal_rcc.c.obj
                0x0800144c                HAL_RCC_EnableCSS
 .text.HAL_RCC_GetSysClockFreq
                0x08001458       0x70 CMakeFiles/RGBtest.elf.dir/Drivers/STM32F1xx_HAL_Driver/Src/stm32f1xx_hal_rcc.c.obj
                0x08001458                HAL_RCC_GetSysClockFreq
 .text.HAL_RCC_ClockConfig
                0x080014c8      0x16c CMakeFiles/RGBtest.elf.dir/Drivers/STM32F1xx_HAL_Driver/Src/stm32f1xx_hal_rcc.c.obj
                0x080014c8                HAL_RCC_ClockConfig
 .text.HAL_RCC_GetHCLKFreq
                0x08001634        0xc CMakeFiles/RGBtest.elf.dir/Drivers/STM32F1xx_HAL_Driver/Src/stm32f1xx_hal_rcc.c.obj
                0x08001634                HAL_RCC_GetHCLKFreq
 .text.HAL_RCC_GetPCLK1Freq
                0x08001640       0x20 CMakeFiles/RGBtest.elf.dir/Drivers/STM32F1xx_HAL_Driver/Src/stm32f1xx_hal_rcc.c.obj
                0x08001640                HAL_RCC_GetPCLK1Freq
 .text.HAL_RCC_GetPCLK2Freq
                0x08001660       0x20 CMakeFiles/RGBtest.elf.dir/Drivers/STM32F1xx_HAL_Driver/Src/stm32f1xx_hal_rcc.c.obj
                0x08001660                HAL_RCC_GetPCLK2Freq
 .text.HAL_RCC_CSSCallback
                0x08001680        0x2 CMakeFiles/RGBtest.elf.dir/Drivers/STM32F1xx_HAL_Driver/Src/stm32f1xx_hal_rcc.c.obj
                0x08001680                HAL_RCC_CSSCallback
 *fill*         0x08001682        0x2 
 .text.HAL_RCC_NMI_IRQHandler
                0x08001684       0x20 CMakeFiles/RGBtest.elf.dir/Drivers/STM32F1xx_HAL_Driver/Src/stm32f1xx_hal_rcc.c.obj
                0x08001684                HAL_RCC_NMI_IRQHandler
 .text.UART_SetConfig
                0x080016a4       0x94 CMakeFiles/RGBtest.elf.dir/Drivers/STM32F1xx_HAL_Driver/Src/stm32f1xx_hal_uart.c.obj
 .text.HAL_UART_Init
                0x08001738       0x5e CMakeFiles/RGBtest.elf.dir/Drivers/STM32F1xx_HAL_Driver/Src/stm32f1xx_hal_uart.c.obj
                0x08001738                HAL_UART_Init
 *fill*         0x08001796        0x2 
 .text.Reset_Handler
                0x08001798       0x48 CMakeFiles/RGBtest.elf.dir/startup/startup_stm32f103xb.s.obj
                0x08001798                Reset_Handler
 .text.Default_Handler
                0x080017e0        0x2 CMakeFiles/RGBtest.elf.dir/startup/startup_stm32f103xb.s.obj
                0x080017e0                RTC_Alarm_IRQHandler
                0x080017e0                EXTI2_IRQHandler
                0x080017e0                TIM1_CC_IRQHandler
                0x080017e0                PVD_IRQHandler
                0x080017e0                EXTI3_IRQHandler
                0x080017e0                EXTI0_IRQHandler
                0x080017e0                I2C2_EV_IRQHandler
                0x080017e0                ADC1_2_IRQHandler
                0x080017e0                SPI1_IRQHandler
                0x080017e0                TAMPER_IRQHandler
                0x080017e0                DMA1_Channel4_IRQHandler
                0x080017e0                USART3_IRQHandler
                0x080017e0                RTC_IRQHandler
                0x080017e0                DMA1_Channel7_IRQHandler
                0x080017e0                CAN1_RX1_IRQHandler
                0x080017e0                TIM4_IRQHandler
                0x080017e0                I2C1_EV_IRQHandler
                0x080017e0                DMA1_Channel6_IRQHandler
                0x080017e0                TIM3_IRQHandler
                0x080017e0                RCC_IRQHandler
                0x080017e0                TIM1_TRG_COM_IRQHandler
                0x080017e0                DMA1_Channel1_IRQHandler
                0x080017e0                Default_Handler
                0x080017e0                EXTI15_10_IRQHandler
                0x080017e0                EXTI9_5_IRQHandler
                0x080017e0                SPI2_IRQHandler
                0x080017e0                DMA1_Channel5_IRQHandler
                0x080017e0                EXTI4_IRQHandler
                0x080017e0                USB_LP_CAN1_RX0_IRQHandler
                0x080017e0                USB_HP_CAN1_TX_IRQHandler
                0x080017e0                DMA1_Channel3_IRQHandler
                0x080017e0                TIM1_UP_IRQHandler
                0x080017e0                WWDG_IRQHandler
                0x080017e0                TIM2_IRQHandler
                0x080017e0                TIM1_BRK_IRQHandler
                0x080017e0                EXTI1_IRQHandler
                0x080017e0                USART2_IRQHandler
                0x080017e0                I2C2_ER_IRQHandler
                0x080017e0                DMA1_Channel2_IRQHandler
                0x080017e0                CAN1_SCE_IRQHandler
                0x080017e0                FLASH_IRQHandler
                0x080017e0                USART1_IRQHandler
                0x080017e0                I2C1_ER_IRQHandler
                0x080017e0                USBWakeUp_IRQHandler
 *fill*         0x080017e2        0x2 
 .text.__libc_init_array
                0x080017e4       0x48 f:/gcc-arm-none-eabi/bin/../lib/gcc/arm-none-eabi/10.3.1/../../../../arm-none-eabi/lib/thumb/v7-m/nofp\libg.a(lib_a-init.o)
                0x080017e4                __libc_init_array
 .text.memset   0x0800182c       0xa4 f:/gcc-arm-none-eabi/bin/../lib/gcc/arm-none-eabi/10.3.1/../../../../arm-none-eabi/lib/thumb/v7-m/nofp\libg.a(lib_a-memset.o)
                0x0800182c                memset
 .text.startup.register_fini
                0x080018d0       0x14 f:/gcc-arm-none-eabi/bin/../lib/gcc/arm-none-eabi/10.3.1/../../../../arm-none-eabi/lib/thumb/v7-m/nofp\libg.a(lib_a-__call_atexit.o)
 .text.atexit   0x080018e4        0xc f:/gcc-arm-none-eabi/bin/../lib/gcc/arm-none-eabi/10.3.1/../../../../arm-none-eabi/lib/thumb/v7-m/nofp\libg.a(lib_a-atexit.o)
                0x080018e4                atexit
 .text.__libc_fini_array
                0x080018f0       0x2c f:/gcc-arm-none-eabi/bin/../lib/gcc/arm-none-eabi/10.3.1/../../../../arm-none-eabi/lib/thumb/v7-m/nofp\libg.a(lib_a-fini.o)
                0x080018f0                __libc_fini_array
 .text.__retarget_lock_acquire_recursive
                0x0800191c        0x4 f:/gcc-arm-none-eabi/bin/../lib/gcc/arm-none-eabi/10.3.1/../../../../arm-none-eabi/lib/thumb/v7-m/nofp\libg.a(lib_a-lock.o)
                0x0800191c                __retarget_lock_acquire_recursive
 .text.__retarget_lock_release_recursive
                0x08001920        0x4 f:/gcc-arm-none-eabi/bin/../lib/gcc/arm-none-eabi/10.3.1/../../../../arm-none-eabi/lib/thumb/v7-m/nofp\libg.a(lib_a-lock.o)
                0x08001920                __retarget_lock_release_recursive
 .text.__register_exitproc
                0x08001924       0x8c f:/gcc-arm-none-eabi/bin/../lib/gcc/arm-none-eabi/10.3.1/../../../../arm-none-eabi/lib/thumb/v7-m/nofp\libg.a(lib_a-__atexit.o)
                0x08001924                __register_exitproc
 *(.glue_7)
 .glue_7        0x080019b0        0x0 linker stubs
 *(.glue_7t)
 .glue_7t       0x080019b0        0x0 linker stubs
 *(.eh_frame)
 .eh_frame      0x080019b0        0x0 f:/gcc-arm-none-eabi/bin/../lib/gcc/arm-none-eabi/10.3.1/thumb/v7-m/nofp/crtbegin.o
 *(.init)
 .init          0x080019b0        0x4 f:/gcc-arm-none-eabi/bin/../lib/gcc/arm-none-eabi/10.3.1/thumb/v7-m/nofp/crti.o
                0x080019b0                _init
 .init          0x080019b4        0x8 f:/gcc-arm-none-eabi/bin/../lib/gcc/arm-none-eabi/10.3.1/thumb/v7-m/nofp/crtn.o
 *(.fini)
 .fini          0x080019bc        0x4 f:/gcc-arm-none-eabi/bin/../lib/gcc/arm-none-eabi/10.3.1/thumb/v7-m/nofp/crti.o
                0x080019bc                _fini
 .fini          0x080019c0        0x8 f:/gcc-arm-none-eabi/bin/../lib/gcc/arm-none-eabi/10.3.1/thumb/v7-m/nofp/crtn.o
                0x080019c8                . = ALIGN (0x4)
                0x080019c8                _etext = .

.vfp11_veneer   0x080019c8        0x0
 .vfp11_veneer  0x080019c8        0x0 linker stubs

.v4_bx          0x080019c8        0x0
 .v4_bx         0x080019c8        0x0 linker stubs

.iplt           0x080019c8        0x0
 .iplt          0x080019c8        0x0 f:/gcc-arm-none-eabi/bin/../lib/gcc/arm-none-eabi/10.3.1/thumb/v7-m/nofp/crtbegin.o

.rodata         0x080019c8     0x1e70
                0x080019c8                . = ALIGN (0x4)
 *(.rodata)
 *(.rodata*)
 .rodata.main.str1.4
                0x080019c8       0x30 CMakeFiles/RGBtest.elf.dir/Core/Src/main.c.obj
 .rodata.Hzk1   0x080019f8      0x160 CMakeFiles/RGBtest.elf.dir/Core/Src/oled.c.obj
                0x080019f8                Hzk1
 .rodata.Hzk2   0x08001b58       0x48 CMakeFiles/RGBtest.elf.dir/Core/Src/oled.c.obj
                0x08001b58                Hzk2
 .rodata.Hzk3   0x08001ba0       0x80 CMakeFiles/RGBtest.elf.dir/Core/Src/oled.c.obj
                0x08001ba0                Hzk3
 .rodata.Hzk4   0x08001c20      0x200 CMakeFiles/RGBtest.elf.dir/Core/Src/oled.c.obj
                0x08001c20                Hzk4
 .rodata.asc2_0806
                0x08001e20      0x228 CMakeFiles/RGBtest.elf.dir/Core/Src/oled.c.obj
                0x08001e20                asc2_0806
 .rodata.asc2_1206
                0x08002048      0x474 CMakeFiles/RGBtest.elf.dir/Core/Src/oled.c.obj
                0x08002048                asc2_1206
 .rodata.asc2_1608
                0x080024bc      0x5f0 CMakeFiles/RGBtest.elf.dir/Core/Src/oled.c.obj
                0x080024bc                asc2_1608
 .rodata.asc2_2412
                0x08002aac      0xd5c CMakeFiles/RGBtest.elf.dir/Core/Src/oled.c.obj
                0x08002aac                asc2_2412
 .rodata.AHBPrescTable
                0x08003808       0x10 CMakeFiles/RGBtest.elf.dir/Core/Src/system_stm32f1xx.c.obj
                0x08003808                AHBPrescTable
 .rodata.APBPrescTable
                0x08003818        0x8 CMakeFiles/RGBtest.elf.dir/Core/Src/system_stm32f1xx.c.obj
                0x08003818                APBPrescTable
 .rodata.HAL_RCC_GetSysClockFreq.str1.4
                0x08003820       0x11 CMakeFiles/RGBtest.elf.dir/Drivers/STM32F1xx_HAL_Driver/Src/stm32f1xx_hal_rcc.c.obj
 *fill*         0x08003831        0x3 
 .rodata._global_impure_ptr
                0x08003834        0x4 f:/gcc-arm-none-eabi/bin/../lib/gcc/arm-none-eabi/10.3.1/../../../../arm-none-eabi/lib/thumb/v7-m/nofp\libg.a(lib_a-impure.o)
                0x08003834                _global_impure_ptr
                0x08003838                . = ALIGN (0x4)

.rel.dyn        0x08003838        0x0
 .rel.iplt      0x08003838        0x0 f:/gcc-arm-none-eabi/bin/../lib/gcc/arm-none-eabi/10.3.1/thumb/v7-m/nofp/crtbegin.o

.ARM.extab
 *(.ARM.extab* .gnu.linkonce.armextab.*)

.ARM            0x08003838        0x0
                0x08003838                __exidx_start = .
 *(.ARM.exidx*)
                0x08003838                __exidx_end = .

.preinit_array  0x08003838        0x0
                0x08003838                PROVIDE (__preinit_array_start = .)
 *(.preinit_array*)
                0x08003838                PROVIDE (__preinit_array_end = .)

.init_array     0x08003838        0x8
                0x08003838                PROVIDE (__init_array_start = .)
 *(SORT_BY_NAME(.init_array.*))
 .init_array.00000
                0x08003838        0x4 f:/gcc-arm-none-eabi/bin/../lib/gcc/arm-none-eabi/10.3.1/../../../../arm-none-eabi/lib/thumb/v7-m/nofp\libg.a(lib_a-__call_atexit.o)
 *(.init_array*)
 .init_array    0x0800383c        0x4 f:/gcc-arm-none-eabi/bin/../lib/gcc/arm-none-eabi/10.3.1/thumb/v7-m/nofp/crtbegin.o
                0x08003840                PROVIDE (__init_array_end = .)

.fini_array     0x08003840        0x4
                0x08003840                PROVIDE (__fini_array_start = .)
 *(SORT_BY_NAME(.fini_array.*))
 *(.fini_array*)
 .fini_array    0x08003840        0x4 f:/gcc-arm-none-eabi/bin/../lib/gcc/arm-none-eabi/10.3.1/thumb/v7-m/nofp/crtbegin.o
                0x08003844                PROVIDE (__fini_array_end = .)
                0x08003844                _sidata = LOADADDR (.data)

.data           0x20000000      0x83c load address 0x08003844
                0x20000000                . = ALIGN (0x4)
                0x20000000                _sdata = .
 *(.data)
 *(.data*)
 .data.BMP1     0x20000000      0x400 CMakeFiles/RGBtest.elf.dir/Core/Src/main.c.obj
                0x20000000                BMP1
 .data.SystemCoreClock
                0x20000400        0x4 CMakeFiles/RGBtest.elf.dir/Core/Src/system_stm32f1xx.c.obj
                0x20000400                SystemCoreClock
 .data.uwTickFreq
                0x20000404        0x1 CMakeFiles/RGBtest.elf.dir/Drivers/STM32F1xx_HAL_Driver/Src/stm32f1xx_hal.c.obj
                0x20000404                uwTickFreq
 *fill*         0x20000405        0x3 
 .data.uwTickPrio
                0x20000408        0x4 CMakeFiles/RGBtest.elf.dir/Drivers/STM32F1xx_HAL_Driver/Src/stm32f1xx_hal.c.obj
                0x20000408                uwTickPrio
 *fill*         0x2000040c        0x4 
 .data.impure_data
                0x20000410      0x428 f:/gcc-arm-none-eabi/bin/../lib/gcc/arm-none-eabi/10.3.1/../../../../arm-none-eabi/lib/thumb/v7-m/nofp\libg.a(lib_a-impure.o)
 .data.__atexit_recursive_mutex
                0x20000838        0x4 f:/gcc-arm-none-eabi/bin/../lib/gcc/arm-none-eabi/10.3.1/../../../../arm-none-eabi/lib/thumb/v7-m/nofp\libg.a(lib_a-__call_atexit.o)
                0x20000838                __atexit_recursive_mutex
                0x2000083c                . = ALIGN (0x4)
                0x2000083c                _edata = .

.igot.plt       0x2000083c        0x0 load address 0x08004080
 .igot.plt      0x2000083c        0x0 f:/gcc-arm-none-eabi/bin/../lib/gcc/arm-none-eabi/10.3.1/thumb/v7-m/nofp/crtbegin.o
                0x2000083c                . = ALIGN (0x4)

.bss            0x2000083c      0x4e8 load address 0x08004080
                0x2000083c                _sbss = .
                0x2000083c                __bss_start__ = _sbss
 *(.bss)
 .bss           0x2000083c       0x1c f:/gcc-arm-none-eabi/bin/../lib/gcc/arm-none-eabi/10.3.1/thumb/v7-m/nofp/crtbegin.o
 *(.bss*)
 .bss.OLED_GRAM
                0x20000858      0x480 CMakeFiles/RGBtest.elf.dir/Core/Src/oled.c.obj
                0x20000858                OLED_GRAM
 .bss.huart3    0x20000cd8       0x44 CMakeFiles/RGBtest.elf.dir/Core/Src/usart.c.obj
                0x20000cd8                huart3
 .bss.uwTick    0x20000d1c        0x4 CMakeFiles/RGBtest.elf.dir/Drivers/STM32F1xx_HAL_Driver/Src/stm32f1xx_hal.c.obj
                0x20000d1c                uwTick
 .bss.__lock___atexit_recursive_mutex
                0x20000d20        0x1 f:/gcc-arm-none-eabi/bin/../lib/gcc/arm-none-eabi/10.3.1/../../../../arm-none-eabi/lib/thumb/v7-m/nofp\libg.a(lib_a-lock.o)
                0x20000d20                __lock___atexit_recursive_mutex
 *(COMMON)
                0x20000d24                . = ALIGN (0x4)
 *fill*         0x20000d21        0x3 
                0x20000d24                _ebss = .
                0x20000d24                __bss_end__ = _ebss

._user_heap_stack
                0x20000d24      0x604 load address 0x08004080
                0x20000d28                . = ALIGN (0x8)
 *fill*         0x20000d24        0x4 
                0x20000d28                PROVIDE (end = .)
                [!provide]                PROVIDE (_end = .)
                0x20000f28                . = (. + _Min_Heap_Size)
 *fill*         0x20000d28      0x200 
                0x20001328                . = (. + _Min_Stack_Size)
 *fill*         0x20000f28      0x400 
                0x20001328                . = ALIGN (0x8)

/DISCARD/
 libc.a(*)
 libm.a(*)
 libgcc.a(*)

.ARM.attributes
                0x00000000       0x29
 *(.ARM.attributes)
 .ARM.attributes
                0x00000000       0x1d f:/gcc-arm-none-eabi/bin/../lib/gcc/arm-none-eabi/10.3.1/thumb/v7-m/nofp/crti.o
 .ARM.attributes
                0x0000001d       0x2d f:/gcc-arm-none-eabi/bin/../lib/gcc/arm-none-eabi/10.3.1/thumb/v7-m/nofp/crtbegin.o
 .ARM.attributes
                0x0000004a       0x2d CMakeFiles/RGBtest.elf.dir/Core/Src/gpio.c.obj
 .ARM.attributes
                0x00000077       0x2d CMakeFiles/RGBtest.elf.dir/Core/Src/main.c.obj
 .ARM.attributes
                0x000000a4       0x2d CMakeFiles/RGBtest.elf.dir/Core/Src/oled.c.obj
 .ARM.attributes
                0x000000d1       0x2d CMakeFiles/RGBtest.elf.dir/Core/Src/stm32f1xx_hal_msp.c.obj
 .ARM.attributes
                0x000000fe       0x2d CMakeFiles/RGBtest.elf.dir/Core/Src/stm32f1xx_it.c.obj
 .ARM.attributes
                0x0000012b       0x2d CMakeFiles/RGBtest.elf.dir/Core/Src/system_stm32f1xx.c.obj
 .ARM.attributes
                0x00000158       0x2d CMakeFiles/RGBtest.elf.dir/Core/Src/usart.c.obj
 .ARM.attributes
                0x00000185       0x2d CMakeFiles/RGBtest.elf.dir/Drivers/STM32F1xx_HAL_Driver/Src/stm32f1xx_hal.c.obj
 .ARM.attributes
                0x000001b2       0x2d CMakeFiles/RGBtest.elf.dir/Drivers/STM32F1xx_HAL_Driver/Src/stm32f1xx_hal_cortex.c.obj
 .ARM.attributes
                0x000001df       0x2d CMakeFiles/RGBtest.elf.dir/Drivers/STM32F1xx_HAL_Driver/Src/stm32f1xx_hal_gpio.c.obj
 .ARM.attributes
                0x0000020c       0x2d CMakeFiles/RGBtest.elf.dir/Drivers/STM32F1xx_HAL_Driver/Src/stm32f1xx_hal_rcc.c.obj
 .ARM.attributes
                0x00000239       0x2d CMakeFiles/RGBtest.elf.dir/Drivers/STM32F1xx_HAL_Driver/Src/stm32f1xx_hal_uart.c.obj
 .ARM.attributes
                0x00000266       0x21 CMakeFiles/RGBtest.elf.dir/startup/startup_stm32f103xb.s.obj
 .ARM.attributes
                0x00000287       0x2d f:/gcc-arm-none-eabi/bin/../lib/gcc/arm-none-eabi/10.3.1/../../../../arm-none-eabi/lib/thumb/v7-m/nofp\libg.a(lib_a-impure.o)
 .ARM.attributes
                0x000002b4       0x2d f:/gcc-arm-none-eabi/bin/../lib/gcc/arm-none-eabi/10.3.1/../../../../arm-none-eabi/lib/thumb/v7-m/nofp\libg.a(lib_a-init.o)
 .ARM.attributes
                0x000002e1       0x2d f:/gcc-arm-none-eabi/bin/../lib/gcc/arm-none-eabi/10.3.1/../../../../arm-none-eabi/lib/thumb/v7-m/nofp\libg.a(lib_a-memset.o)
 .ARM.attributes
                0x0000030e       0x2d f:/gcc-arm-none-eabi/bin/../lib/gcc/arm-none-eabi/10.3.1/../../../../arm-none-eabi/lib/thumb/v7-m/nofp\libg.a(lib_a-__call_atexit.o)
 .ARM.attributes
                0x0000033b       0x2d f:/gcc-arm-none-eabi/bin/../lib/gcc/arm-none-eabi/10.3.1/../../../../arm-none-eabi/lib/thumb/v7-m/nofp\libg.a(lib_a-atexit.o)
 .ARM.attributes
                0x00000368       0x2d f:/gcc-arm-none-eabi/bin/../lib/gcc/arm-none-eabi/10.3.1/../../../../arm-none-eabi/lib/thumb/v7-m/nofp\libg.a(lib_a-fini.o)
 .ARM.attributes
                0x00000395       0x2d f:/gcc-arm-none-eabi/bin/../lib/gcc/arm-none-eabi/10.3.1/../../../../arm-none-eabi/lib/thumb/v7-m/nofp\libg.a(lib_a-lock.o)
 .ARM.attributes
                0x000003c2       0x2d f:/gcc-arm-none-eabi/bin/../lib/gcc/arm-none-eabi/10.3.1/../../../../arm-none-eabi/lib/thumb/v7-m/nofp\libg.a(lib_a-__atexit.o)
 .ARM.attributes
                0x000003ef       0x1d f:/gcc-arm-none-eabi/bin/../lib/gcc/arm-none-eabi/10.3.1/thumb/v7-m/nofp/crtn.o
OUTPUT(RGBtest.elf elf32-littlearm)
LOAD linker stubs
LOAD f:/gcc-arm-none-eabi/bin/../lib/gcc/arm-none-eabi/10.3.1/../../../../arm-none-eabi/lib/thumb/v7-m/nofp\libc.a
LOAD f:/gcc-arm-none-eabi/bin/../lib/gcc/arm-none-eabi/10.3.1/../../../../arm-none-eabi/lib/thumb/v7-m/nofp\libm.a
LOAD f:/gcc-arm-none-eabi/bin/../lib/gcc/arm-none-eabi/10.3.1/thumb/v7-m/nofp\libgcc.a

.debug_info     0x00000000     0x725b
 .debug_info    0x00000000      0x349 CMakeFiles/RGBtest.elf.dir/Core/Src/gpio.c.obj
 .debug_info    0x00000349      0xaa6 CMakeFiles/RGBtest.elf.dir/Core/Src/main.c.obj
 .debug_info    0x00000def     0x141d CMakeFiles/RGBtest.elf.dir/Core/Src/oled.c.obj
 .debug_info    0x0000220c      0x211 CMakeFiles/RGBtest.elf.dir/Core/Src/stm32f1xx_hal_msp.c.obj
 .debug_info    0x0000241d      0x14b CMakeFiles/RGBtest.elf.dir/Core/Src/stm32f1xx_it.c.obj
 .debug_info    0x00002568      0x248 CMakeFiles/RGBtest.elf.dir/Core/Src/system_stm32f1xx.c.obj
 .debug_info    0x000027b0      0x827 CMakeFiles/RGBtest.elf.dir/Core/Src/usart.c.obj
 .debug_info    0x00002fd7      0x7a8 CMakeFiles/RGBtest.elf.dir/Drivers/STM32F1xx_HAL_Driver/Src/stm32f1xx_hal.c.obj
 .debug_info    0x0000377f      0xd8a CMakeFiles/RGBtest.elf.dir/Drivers/STM32F1xx_HAL_Driver/Src/stm32f1xx_hal_cortex.c.obj
 .debug_info    0x00004509      0x66f CMakeFiles/RGBtest.elf.dir/Drivers/STM32F1xx_HAL_Driver/Src/stm32f1xx_hal_gpio.c.obj
 .debug_info    0x00004b78      0xa36 CMakeFiles/RGBtest.elf.dir/Drivers/STM32F1xx_HAL_Driver/Src/stm32f1xx_hal_rcc.c.obj
 .debug_info    0x000055ae     0x1c8b CMakeFiles/RGBtest.elf.dir/Drivers/STM32F1xx_HAL_Driver/Src/stm32f1xx_hal_uart.c.obj
 .debug_info    0x00007239       0x22 CMakeFiles/RGBtest.elf.dir/startup/startup_stm32f103xb.s.obj

.debug_abbrev   0x00000000     0x15c3
 .debug_abbrev  0x00000000      0x13c CMakeFiles/RGBtest.elf.dir/Core/Src/gpio.c.obj
 .debug_abbrev  0x0000013c      0x1cd CMakeFiles/RGBtest.elf.dir/Core/Src/main.c.obj
 .debug_abbrev  0x00000309      0x25d CMakeFiles/RGBtest.elf.dir/Core/Src/oled.c.obj
 .debug_abbrev  0x00000566       0xe5 CMakeFiles/RGBtest.elf.dir/Core/Src/stm32f1xx_hal_msp.c.obj
 .debug_abbrev  0x0000064b       0x7e CMakeFiles/RGBtest.elf.dir/Core/Src/stm32f1xx_it.c.obj
 .debug_abbrev  0x000006c9      0x13e CMakeFiles/RGBtest.elf.dir/Core/Src/system_stm32f1xx.c.obj
 .debug_abbrev  0x00000807      0x1c1 CMakeFiles/RGBtest.elf.dir/Core/Src/usart.c.obj
 .debug_abbrev  0x000009c8      0x1f4 CMakeFiles/RGBtest.elf.dir/Drivers/STM32F1xx_HAL_Driver/Src/stm32f1xx_hal.c.obj
 .debug_abbrev  0x00000bbc      0x341 CMakeFiles/RGBtest.elf.dir/Drivers/STM32F1xx_HAL_Driver/Src/stm32f1xx_hal_cortex.c.obj
 .debug_abbrev  0x00000efd      0x1e6 CMakeFiles/RGBtest.elf.dir/Drivers/STM32F1xx_HAL_Driver/Src/stm32f1xx_hal_gpio.c.obj
 .debug_abbrev  0x000010e3      0x27a CMakeFiles/RGBtest.elf.dir/Drivers/STM32F1xx_HAL_Driver/Src/stm32f1xx_hal_rcc.c.obj
 .debug_abbrev  0x0000135d      0x254 CMakeFiles/RGBtest.elf.dir/Drivers/STM32F1xx_HAL_Driver/Src/stm32f1xx_hal_uart.c.obj
 .debug_abbrev  0x000015b1       0x12 CMakeFiles/RGBtest.elf.dir/startup/startup_stm32f103xb.s.obj

.debug_aranges  0x00000000      0x678
 .debug_aranges
                0x00000000       0x20 CMakeFiles/RGBtest.elf.dir/Core/Src/gpio.c.obj
 .debug_aranges
                0x00000020       0x30 CMakeFiles/RGBtest.elf.dir/Core/Src/main.c.obj
 .debug_aranges
                0x00000050       0xd0 CMakeFiles/RGBtest.elf.dir/Core/Src/oled.c.obj
 .debug_aranges
                0x00000120       0x20 CMakeFiles/RGBtest.elf.dir/Core/Src/stm32f1xx_hal_msp.c.obj
 .debug_aranges
                0x00000140       0x60 CMakeFiles/RGBtest.elf.dir/Core/Src/stm32f1xx_it.c.obj
 .debug_aranges
                0x000001a0       0x28 CMakeFiles/RGBtest.elf.dir/Core/Src/system_stm32f1xx.c.obj
 .debug_aranges
                0x000001c8       0x30 CMakeFiles/RGBtest.elf.dir/Core/Src/usart.c.obj
 .debug_aranges
                0x000001f8       0xe0 CMakeFiles/RGBtest.elf.dir/Drivers/STM32F1xx_HAL_Driver/Src/stm32f1xx_hal.c.obj
 .debug_aranges
                0x000002d8       0x90 CMakeFiles/RGBtest.elf.dir/Drivers/STM32F1xx_HAL_Driver/Src/stm32f1xx_hal_cortex.c.obj
 .debug_aranges
                0x00000368       0x58 CMakeFiles/RGBtest.elf.dir/Drivers/STM32F1xx_HAL_Driver/Src/stm32f1xx_hal_gpio.c.obj
 .debug_aranges
                0x000003c0       0x90 CMakeFiles/RGBtest.elf.dir/Drivers/STM32F1xx_HAL_Driver/Src/stm32f1xx_hal_rcc.c.obj
 .debug_aranges
                0x00000450      0x200 CMakeFiles/RGBtest.elf.dir/Drivers/STM32F1xx_HAL_Driver/Src/stm32f1xx_hal_uart.c.obj
 .debug_aranges
                0x00000650       0x28 CMakeFiles/RGBtest.elf.dir/startup/startup_stm32f103xb.s.obj

.debug_ranges   0x00000000      0x630
 .debug_ranges  0x00000000       0x10 CMakeFiles/RGBtest.elf.dir/Core/Src/gpio.c.obj
 .debug_ranges  0x00000010       0x20 CMakeFiles/RGBtest.elf.dir/Core/Src/main.c.obj
 .debug_ranges  0x00000030       0xc0 CMakeFiles/RGBtest.elf.dir/Core/Src/oled.c.obj
 .debug_ranges  0x000000f0       0x10 CMakeFiles/RGBtest.elf.dir/Core/Src/stm32f1xx_hal_msp.c.obj
 .debug_ranges  0x00000100       0x50 CMakeFiles/RGBtest.elf.dir/Core/Src/stm32f1xx_it.c.obj
 .debug_ranges  0x00000150       0x18 CMakeFiles/RGBtest.elf.dir/Core/Src/system_stm32f1xx.c.obj
 .debug_ranges  0x00000168       0x20 CMakeFiles/RGBtest.elf.dir/Core/Src/usart.c.obj
 .debug_ranges  0x00000188       0xd0 CMakeFiles/RGBtest.elf.dir/Drivers/STM32F1xx_HAL_Driver/Src/stm32f1xx_hal.c.obj
 .debug_ranges  0x00000258       0xe0 CMakeFiles/RGBtest.elf.dir/Drivers/STM32F1xx_HAL_Driver/Src/stm32f1xx_hal_cortex.c.obj
 .debug_ranges  0x00000338       0x48 CMakeFiles/RGBtest.elf.dir/Drivers/STM32F1xx_HAL_Driver/Src/stm32f1xx_hal_gpio.c.obj
 .debug_ranges  0x00000380       0xa0 CMakeFiles/RGBtest.elf.dir/Drivers/STM32F1xx_HAL_Driver/Src/stm32f1xx_hal_rcc.c.obj
 .debug_ranges  0x00000420      0x1f0 CMakeFiles/RGBtest.elf.dir/Drivers/STM32F1xx_HAL_Driver/Src/stm32f1xx_hal_uart.c.obj
 .debug_ranges  0x00000610       0x20 CMakeFiles/RGBtest.elf.dir/startup/startup_stm32f103xb.s.obj

.debug_line     0x00000000     0x5a50
 .debug_line    0x00000000      0x220 CMakeFiles/RGBtest.elf.dir/Core/Src/gpio.c.obj
 .debug_line    0x00000220      0x3d4 CMakeFiles/RGBtest.elf.dir/Core/Src/main.c.obj
 .debug_line    0x000005f4      0xcaf CMakeFiles/RGBtest.elf.dir/Core/Src/oled.c.obj
 .debug_line    0x000012a3      0x166 CMakeFiles/RGBtest.elf.dir/Core/Src/stm32f1xx_hal_msp.c.obj
 .debug_line    0x00001409      0x1d1 CMakeFiles/RGBtest.elf.dir/Core/Src/stm32f1xx_it.c.obj
 .debug_line    0x000015da      0x230 CMakeFiles/RGBtest.elf.dir/Core/Src/system_stm32f1xx.c.obj
 .debug_line    0x0000180a      0x31f CMakeFiles/RGBtest.elf.dir/Core/Src/usart.c.obj
 .debug_line    0x00001b29      0x55a CMakeFiles/RGBtest.elf.dir/Drivers/STM32F1xx_HAL_Driver/Src/stm32f1xx_hal.c.obj
 .debug_line    0x00002083      0x644 CMakeFiles/RGBtest.elf.dir/Drivers/STM32F1xx_HAL_Driver/Src/stm32f1xx_hal_cortex.c.obj
 .debug_line    0x000026c7      0x5ee CMakeFiles/RGBtest.elf.dir/Drivers/STM32F1xx_HAL_Driver/Src/stm32f1xx_hal_gpio.c.obj
 .debug_line    0x00002cb5      0xc37 CMakeFiles/RGBtest.elf.dir/Drivers/STM32F1xx_HAL_Driver/Src/stm32f1xx_hal_rcc.c.obj
 .debug_line    0x000038ec     0x20c6 CMakeFiles/RGBtest.elf.dir/Drivers/STM32F1xx_HAL_Driver/Src/stm32f1xx_hal_uart.c.obj
 .debug_line    0x000059b2       0x9e CMakeFiles/RGBtest.elf.dir/startup/startup_stm32f103xb.s.obj

.debug_str      0x00000000     0x204d
 .debug_str     0x00000000      0x26c CMakeFiles/RGBtest.elf.dir/Core/Src/gpio.c.obj
                                0x2b7 (size before relaxing)
 .debug_str     0x0000026c      0x2ae CMakeFiles/RGBtest.elf.dir/Core/Src/main.c.obj
                                0x4be (size before relaxing)
 .debug_str     0x0000051a      0x192 CMakeFiles/RGBtest.elf.dir/Core/Src/oled.c.obj
                                0x3f9 (size before relaxing)
 .debug_str     0x000006ac       0x78 CMakeFiles/RGBtest.elf.dir/Core/Src/stm32f1xx_hal_msp.c.obj
                                0x259 (size before relaxing)
 .debug_str     0x00000724       0xec CMakeFiles/RGBtest.elf.dir/Core/Src/stm32f1xx_it.c.obj
                                0x273 (size before relaxing)
 .debug_str     0x00000810       0x9c CMakeFiles/RGBtest.elf.dir/Core/Src/system_stm32f1xx.c.obj
                                0x28e (size before relaxing)
 .debug_str     0x000008ac      0x3f4 CMakeFiles/RGBtest.elf.dir/Core/Src/usart.c.obj
                                0x6d2 (size before relaxing)
 .debug_str     0x00000ca0      0x60c CMakeFiles/RGBtest.elf.dir/Drivers/STM32F1xx_HAL_Driver/Src/stm32f1xx_hal.c.obj
                                0x85e (size before relaxing)
 .debug_str     0x000012ac      0x3e3 CMakeFiles/RGBtest.elf.dir/Drivers/STM32F1xx_HAL_Driver/Src/stm32f1xx_hal_cortex.c.obj
                                0x90d (size before relaxing)
 .debug_str     0x0000168f      0x133 CMakeFiles/RGBtest.elf.dir/Drivers/STM32F1xx_HAL_Driver/Src/stm32f1xx_hal_gpio.c.obj
                                0x43a (size before relaxing)
 .debug_str     0x000017c2      0x1e9 CMakeFiles/RGBtest.elf.dir/Drivers/STM32F1xx_HAL_Driver/Src/stm32f1xx_hal_rcc.c.obj
                                0x665 (size before relaxing)
 .debug_str     0x000019ab      0x655 CMakeFiles/RGBtest.elf.dir/Drivers/STM32F1xx_HAL_Driver/Src/stm32f1xx_hal_uart.c.obj
                                0xcc8 (size before relaxing)
 .debug_str     0x00002000       0x4d CMakeFiles/RGBtest.elf.dir/startup/startup_stm32f103xb.s.obj
                                 0x80 (size before relaxing)

.comment        0x00000000       0x49
 .comment       0x00000000       0x49 CMakeFiles/RGBtest.elf.dir/Core/Src/gpio.c.obj
                                 0x4a (size before relaxing)
 .comment       0x00000049       0x4a CMakeFiles/RGBtest.elf.dir/Core/Src/main.c.obj
 .comment       0x00000049       0x4a CMakeFiles/RGBtest.elf.dir/Core/Src/oled.c.obj
 .comment       0x00000049       0x4a CMakeFiles/RGBtest.elf.dir/Core/Src/stm32f1xx_hal_msp.c.obj
 .comment       0x00000049       0x4a CMakeFiles/RGBtest.elf.dir/Core/Src/stm32f1xx_it.c.obj
 .comment       0x00000049       0x4a CMakeFiles/RGBtest.elf.dir/Core/Src/system_stm32f1xx.c.obj
 .comment       0x00000049       0x4a CMakeFiles/RGBtest.elf.dir/Core/Src/usart.c.obj
 .comment       0x00000049       0x4a CMakeFiles/RGBtest.elf.dir/Drivers/STM32F1xx_HAL_Driver/Src/stm32f1xx_hal.c.obj
 .comment       0x00000049       0x4a CMakeFiles/RGBtest.elf.dir/Drivers/STM32F1xx_HAL_Driver/Src/stm32f1xx_hal_cortex.c.obj
 .comment       0x00000049       0x4a CMakeFiles/RGBtest.elf.dir/Drivers/STM32F1xx_HAL_Driver/Src/stm32f1xx_hal_gpio.c.obj
 .comment       0x00000049       0x4a CMakeFiles/RGBtest.elf.dir/Drivers/STM32F1xx_HAL_Driver/Src/stm32f1xx_hal_rcc.c.obj
 .comment       0x00000049       0x4a CMakeFiles/RGBtest.elf.dir/Drivers/STM32F1xx_HAL_Driver/Src/stm32f1xx_hal_uart.c.obj

.debug_frame    0x00000000     0x11c8
 .debug_frame   0x00000000       0x38 CMakeFiles/RGBtest.elf.dir/Core/Src/gpio.c.obj
 .debug_frame   0x00000038       0x60 CMakeFiles/RGBtest.elf.dir/Core/Src/main.c.obj
 .debug_frame   0x00000098      0x2c0 CMakeFiles/RGBtest.elf.dir/Core/Src/oled.c.obj
 .debug_frame   0x00000358       0x28 CMakeFiles/RGBtest.elf.dir/Core/Src/stm32f1xx_hal_msp.c.obj
 .debug_frame   0x00000380       0xb0 CMakeFiles/RGBtest.elf.dir/Core/Src/stm32f1xx_it.c.obj
 .debug_frame   0x00000430       0x30 CMakeFiles/RGBtest.elf.dir/Core/Src/system_stm32f1xx.c.obj
 .debug_frame   0x00000460       0x60 CMakeFiles/RGBtest.elf.dir/Core/Src/usart.c.obj
 .debug_frame   0x000004c0      0x1cc CMakeFiles/RGBtest.elf.dir/Drivers/STM32F1xx_HAL_Driver/Src/stm32f1xx_hal.c.obj
 .debug_frame   0x0000068c      0x118 CMakeFiles/RGBtest.elf.dir/Drivers/STM32F1xx_HAL_Driver/Src/stm32f1xx_hal_cortex.c.obj
 .debug_frame   0x000007a4       0xe4 CMakeFiles/RGBtest.elf.dir/Drivers/STM32F1xx_HAL_Driver/Src/stm32f1xx_hal_gpio.c.obj
 .debug_frame   0x00000888      0x190 CMakeFiles/RGBtest.elf.dir/Drivers/STM32F1xx_HAL_Driver/Src/stm32f1xx_hal_rcc.c.obj
 .debug_frame   0x00000a18      0x5c4 CMakeFiles/RGBtest.elf.dir/Drivers/STM32F1xx_HAL_Driver/Src/stm32f1xx_hal_uart.c.obj
 .debug_frame   0x00000fdc       0x2c f:/gcc-arm-none-eabi/bin/../lib/gcc/arm-none-eabi/10.3.1/../../../../arm-none-eabi/lib/thumb/v7-m/nofp\libg.a(lib_a-init.o)
 .debug_frame   0x00001008       0x2c f:/gcc-arm-none-eabi/bin/../lib/gcc/arm-none-eabi/10.3.1/../../../../arm-none-eabi/lib/thumb/v7-m/nofp\libg.a(lib_a-memset.o)
 .debug_frame   0x00001034       0x5c f:/gcc-arm-none-eabi/bin/../lib/gcc/arm-none-eabi/10.3.1/../../../../arm-none-eabi/lib/thumb/v7-m/nofp\libg.a(lib_a-__call_atexit.o)
 .debug_frame   0x00001090       0x20 f:/gcc-arm-none-eabi/bin/../lib/gcc/arm-none-eabi/10.3.1/../../../../arm-none-eabi/lib/thumb/v7-m/nofp\libg.a(lib_a-atexit.o)
 .debug_frame   0x000010b0       0x34 f:/gcc-arm-none-eabi/bin/../lib/gcc/arm-none-eabi/10.3.1/../../../../arm-none-eabi/lib/thumb/v7-m/nofp\libg.a(lib_a-fini.o)
 .debug_frame   0x000010e4       0xb0 f:/gcc-arm-none-eabi/bin/../lib/gcc/arm-none-eabi/10.3.1/../../../../arm-none-eabi/lib/thumb/v7-m/nofp\libg.a(lib_a-lock.o)
 .debug_frame   0x00001194       0x34 f:/gcc-arm-none-eabi/bin/../lib/gcc/arm-none-eabi/10.3.1/../../../../arm-none-eabi/lib/thumb/v7-m/nofp\libg.a(lib_a-__atexit.o)

.debug_loc      0x00000000     0x4730
 .debug_loc     0x00000000       0x31 CMakeFiles/RGBtest.elf.dir/Core/Src/main.c.obj
 .debug_loc     0x00000031     0x1215 CMakeFiles/RGBtest.elf.dir/Core/Src/oled.c.obj
 .debug_loc     0x00001246       0x15 CMakeFiles/RGBtest.elf.dir/Core/Src/stm32f1xx_hal_msp.c.obj
 .debug_loc     0x0000125b       0xff CMakeFiles/RGBtest.elf.dir/Core/Src/system_stm32f1xx.c.obj
 .debug_loc     0x0000135a       0x84 CMakeFiles/RGBtest.elf.dir/Core/Src/usart.c.obj
 .debug_loc     0x000013de      0x141 CMakeFiles/RGBtest.elf.dir/Drivers/STM32F1xx_HAL_Driver/Src/stm32f1xx_hal.c.obj
 .debug_loc     0x0000151f      0x71f CMakeFiles/RGBtest.elf.dir/Drivers/STM32F1xx_HAL_Driver/Src/stm32f1xx_hal_cortex.c.obj
 .debug_loc     0x00001c3e      0x47d CMakeFiles/RGBtest.elf.dir/Drivers/STM32F1xx_HAL_Driver/Src/stm32f1xx_hal_gpio.c.obj
 .debug_loc     0x000020bb      0x63e CMakeFiles/RGBtest.elf.dir/Drivers/STM32F1xx_HAL_Driver/Src/stm32f1xx_hal_rcc.c.obj
 .debug_loc     0x000026f9     0x2037 CMakeFiles/RGBtest.elf.dir/Drivers/STM32F1xx_HAL_Driver/Src/stm32f1xx_hal_uart.c.obj
