Archive member included to satisfy reference by file (symbol)

f:/gcc-arm-none-eabi/bin/../lib/gcc/arm-none-eabi/10.3.1/thumb/v7-m/nofp\libgcc.a(_arm_muldf3.o)
                              CMakeFiles/RGBtest.elf.dir/Core/Src/MPU6050.c.obj (__aeabi_dmul)
f:/gcc-arm-none-eabi/bin/../lib/gcc/arm-none-eabi/10.3.1/thumb/v7-m/nofp\libgcc.a(_arm_mulsf3.o)
                              CMakeFiles/RGBtest.elf.dir/Core/Src/MPU6050.c.obj (__aeabi_fmul)
f:/gcc-arm-none-eabi/bin/../lib/gcc/arm-none-eabi/10.3.1/thumb/v7-m/nofp\libgcc.a(_arm_addsubdf3.o)
                              CMakeFiles/RGBtest.elf.dir/Core/Src/oled.c.obj (__aeabi_dsub)
f:/gcc-arm-none-eabi/bin/../lib/gcc/arm-none-eabi/10.3.1/thumb/v7-m/nofp\libgcc.a(_arm_muldivdf3.o)
                              CMakeFiles/RGBtest.elf.dir/Core/Src/MPU6050.c.obj (__aeabi_ddiv)
f:/gcc-arm-none-eabi/bin/../lib/gcc/arm-none-eabi/10.3.1/thumb/v7-m/nofp\libgcc.a(_arm_cmpdf2.o)
                              CMakeFiles/RGBtest.elf.dir/Core/Src/oled.c.obj (__aeabi_dcmplt)
f:/gcc-arm-none-eabi/bin/../lib/gcc/arm-none-eabi/10.3.1/thumb/v7-m/nofp\libgcc.a(_arm_fixdfsi.o)
                              CMakeFiles/RGBtest.elf.dir/Core/Src/oled.c.obj (__aeabi_d2iz)
f:/gcc-arm-none-eabi/bin/../lib/gcc/arm-none-eabi/10.3.1/thumb/v7-m/nofp\libgcc.a(_arm_fixunsdfsi.o)
                              CMakeFiles/RGBtest.elf.dir/Core/Src/oled.c.obj (__aeabi_d2uiz)
f:/gcc-arm-none-eabi/bin/../lib/gcc/arm-none-eabi/10.3.1/thumb/v7-m/nofp\libgcc.a(_arm_truncdfsf2.o)
                              CMakeFiles/RGBtest.elf.dir/Core/Src/MPU6050.c.obj (__aeabi_d2f)
f:/gcc-arm-none-eabi/bin/../lib/gcc/arm-none-eabi/10.3.1/thumb/v7-m/nofp\libgcc.a(_arm_addsubsf3.o)
                              CMakeFiles/RGBtest.elf.dir/Core/Src/MPU6050.c.obj (__aeabi_fsub)
f:/gcc-arm-none-eabi/bin/../lib/gcc/arm-none-eabi/10.3.1/thumb/v7-m/nofp\libgcc.a(_arm_muldivsf3.o)
                              CMakeFiles/RGBtest.elf.dir/Core/eMPL/inv_mpu.c.obj (__aeabi_fdiv)
f:/gcc-arm-none-eabi/bin/../lib/gcc/arm-none-eabi/10.3.1/thumb/v7-m/nofp\libgcc.a(_arm_cmpsf2.o)
                              CMakeFiles/RGBtest.elf.dir/Core/eMPL/inv_mpu.c.obj (__aeabi_fcmpeq)
f:/gcc-arm-none-eabi/bin/../lib/gcc/arm-none-eabi/10.3.1/thumb/v7-m/nofp\libgcc.a(_arm_fixsfsi.o)
                              CMakeFiles/RGBtest.elf.dir/Core/eMPL/inv_mpu.c.obj (__aeabi_f2iz)
f:/gcc-arm-none-eabi/bin/../lib/gcc/arm-none-eabi/10.3.1/thumb/v7-m/nofp\libgcc.a(_arm_fixunssfsi.o)
                              CMakeFiles/RGBtest.elf.dir/Core/eMPL/inv_mpu_dmp_motion_driver.c.obj (__aeabi_f2uiz)
f:/gcc-arm-none-eabi/bin/../lib/gcc/arm-none-eabi/10.3.1/thumb/v7-m/nofp\libgcc.a(_aeabi_ldivmod.o)
                              CMakeFiles/RGBtest.elf.dir/Core/eMPL/inv_mpu.c.obj (__aeabi_ldivmod)
f:/gcc-arm-none-eabi/bin/../lib/gcc/arm-none-eabi/10.3.1/thumb/v7-m/nofp\libgcc.a(_udivmoddi4.o)
                              f:/gcc-arm-none-eabi/bin/../lib/gcc/arm-none-eabi/10.3.1/thumb/v7-m/nofp\libgcc.a(_aeabi_ldivmod.o) (__udivmoddi4)
f:/gcc-arm-none-eabi/bin/../lib/gcc/arm-none-eabi/10.3.1/thumb/v7-m/nofp\libgcc.a(_dvmd_tls.o)
                              f:/gcc-arm-none-eabi/bin/../lib/gcc/arm-none-eabi/10.3.1/thumb/v7-m/nofp\libgcc.a(_aeabi_ldivmod.o) (__aeabi_ldiv0)
f:/gcc-arm-none-eabi/bin/../lib/gcc/arm-none-eabi/10.3.1/../../../../arm-none-eabi/lib/thumb/v7-m/nofp\libg.a(lib_a-errno.o)
                              CMakeFiles/RGBtest.elf.dir/Core/Src/retarget.c.obj (__errno)
f:/gcc-arm-none-eabi/bin/../lib/gcc/arm-none-eabi/10.3.1/../../../../arm-none-eabi/lib/thumb/v7-m/nofp\libg.a(lib_a-exit.o)
                              f:/gcc-arm-none-eabi/bin/../lib/gcc/arm-none-eabi/10.3.1/../../../../arm-none-eabi/lib/thumb/v7-m/nofp/crt0.o (exit)
f:/gcc-arm-none-eabi/bin/../lib/gcc/arm-none-eabi/10.3.1/../../../../arm-none-eabi/lib/thumb/v7-m/nofp\libg.a(lib_a-impure.o)
                              f:/gcc-arm-none-eabi/bin/../lib/gcc/arm-none-eabi/10.3.1/../../../../arm-none-eabi/lib/thumb/v7-m/nofp\libg.a(lib_a-exit.o) (_global_impure_ptr)
f:/gcc-arm-none-eabi/bin/../lib/gcc/arm-none-eabi/10.3.1/../../../../arm-none-eabi/lib/thumb/v7-m/nofp\libg.a(lib_a-init.o)
                              f:/gcc-arm-none-eabi/bin/../lib/gcc/arm-none-eabi/10.3.1/../../../../arm-none-eabi/lib/thumb/v7-m/nofp/crt0.o (__libc_init_array)
f:/gcc-arm-none-eabi/bin/../lib/gcc/arm-none-eabi/10.3.1/../../../../arm-none-eabi/lib/thumb/v7-m/nofp\libg.a(lib_a-memcmp.o)
                              CMakeFiles/RGBtest.elf.dir/Core/eMPL/inv_mpu.c.obj (memcmp)
f:/gcc-arm-none-eabi/bin/../lib/gcc/arm-none-eabi/10.3.1/../../../../arm-none-eabi/lib/thumb/v7-m/nofp\libg.a(lib_a-memset.o)
                              f:/gcc-arm-none-eabi/bin/../lib/gcc/arm-none-eabi/10.3.1/../../../../arm-none-eabi/lib/thumb/v7-m/nofp/crt0.o (memset)
f:/gcc-arm-none-eabi/bin/../lib/gcc/arm-none-eabi/10.3.1/../../../../arm-none-eabi/lib/thumb/v7-m/nofp\libg.a(lib_a-printf.o)
[...]
Memory Configuration

Name             Origin             Length             Attributes
RAM              0x20000000         0x00005000         xrw
FLASH            0x08000000         0x00010000         xr
*default*        0x00000000         0xffffffff

Linker script and memory map

LOAD f:/gcc-arm-none-eabi/bin/../lib/gcc/arm-none-eabi/10.3.1/thumb/v7-m/nofp/crti.o
LOAD f:/gcc-arm-none-eabi/bin/../lib/gcc/arm-none-eabi/10.3.1/thumb/v7-m/nofp/crtbegin.o
LOAD f:/gcc-arm-none-eabi/bin/../lib/gcc/arm-none-eabi/10.3.1/../../../../arm-none-eabi/lib/thumb/v7-m/nofp/crt0.o
LOAD CMakeFiles/RGBtest.elf.dir/Core/Src/MPU6050.c.obj
LOAD CMakeFiles/RGBtest.elf.dir/Core/Src/UART.c.obj
LOAD CMakeFiles/RGBtest.elf.dir/Core/Src/gpio.c.obj
LOAD CMakeFiles/RGBtest.elf.dir/Core/Src/main.c.obj
LOAD CMakeFiles/RGBtest.elf.dir/Core/Src/oled.c.obj
LOAD CMakeFiles/RGBtest.elf.dir/Core/Src/retarget.c.obj
LOAD CMakeFiles/RGBtest.elf.dir/Core/Src/stm32f1xx_hal_msp.c.obj
LOAD CMakeFiles/RGBtest.elf.dir/Core/Src/stm32f1xx_it.c.obj
LOAD CMakeFiles/RGBtest.elf.dir/Core/Src/syscalls.c.obj
LOAD CMakeFiles/RGBtest.elf.dir/Core/Src/system_stm32f1xx.c.obj
LOAD CMakeFiles/RGBtest.elf.dir/Core/Src/u_iic.c.obj
LOAD CMakeFiles/RGBtest.elf.dir/Core/Src/usart.c.obj
LOAD CMakeFiles/RGBtest.elf.dir/Core/eMPL/inv_mpu.c.obj
LOAD CMakeFiles/RGBtest.elf.dir/Core/eMPL/inv_mpu_dmp_motion_driver.c.obj
LOAD CMakeFiles/RGBtest.elf.dir/Drivers/STM32F1xx_HAL_Driver/Src/stm32f1xx_hal.c.obj
LOAD CMakeFiles/RGBtest.elf.dir/Drivers/STM32F1xx_HAL_Driver/Src/stm32f1xx_hal_cortex.c.obj
LOAD CMakeFiles/RGBtest.elf.dir/Drivers/STM32F1xx_HAL_Driver/Src/stm32f1xx_hal_dma.c.obj
LOAD CMakeFiles/RGBtest.elf.dir/Drivers/STM32F1xx_HAL_Driver/Src/stm32f1xx_hal_exti.c.obj
LOAD CMakeFiles/RGBtest.elf.dir/Drivers/STM32F1xx_HAL_Driver/Src/stm32f1xx_hal_flash.c.obj
LOAD CMakeFiles/RGBtest.elf.dir/Drivers/STM32F1xx_HAL_Driver/Src/stm32f1xx_hal_flash_ex.c.obj
LOAD CMakeFiles/RGBtest.elf.dir/Drivers/STM32F1xx_HAL_Driver/Src/stm32f1xx_hal_gpio.c.obj
LOAD CMakeFiles/RGBtest.elf.dir/Drivers/STM32F1xx_HAL_Driver/Src/stm32f1xx_hal_gpio_ex.c.obj
LOAD CMakeFiles/RGBtest.elf.dir/Drivers/STM32F1xx_HAL_Driver/Src/stm32f1xx_hal_pwr.c.obj
LOAD CMakeFiles/RGBtest.elf.dir/Drivers/STM32F1xx_HAL_Driver/Src/stm32f1xx_hal_rcc.c.obj
LOAD CMakeFiles/RGBtest.elf.dir/Drivers/STM32F1xx_HAL_Driver/Src/stm32f1xx_hal_rcc_ex.c.obj
LOAD CMakeFiles/RGBtest.elf.dir/Drivers/STM32F1xx_HAL_Driver/Src/stm32f1xx_hal_tim.c.obj
LOAD CMakeFiles/RGBtest.elf.dir/Drivers/STM32F1xx_HAL_Driver/Src/stm32f1xx_hal_tim_ex.c.obj
LOAD CMakeFiles/RGBtest.elf.dir/Drivers/STM32F1xx_HAL_Driver/Src/stm32f1xx_hal_uart.c.obj
LOAD CMakeFiles/RGBtest.elf.dir/startup/startup_stm32f103xb.s.obj
START GROUP
LOAD f:/gcc-arm-none-eabi/bin/../lib/gcc/arm-none-eabi/10.3.1/thumb/v7-m/nofp\libgcc.a
LOAD f:/gcc-arm-none-eabi/bin/../lib/gcc/arm-none-eabi/10.3.1/../../../../arm-none-eabi/lib/thumb/v7-m/nofp\libg.a
LOAD f:/gcc-arm-none-eabi/bin/../lib/gcc/arm-none-eabi/10.3.1/../../../../arm-none-eabi/lib/thumb/v7-m/nofp\libc.a
END GROUP
LOAD f:/gcc-arm-none-eabi/bin/../lib/gcc/arm-none-eabi/10.3.1/thumb/v7-m/nofp/crtend.o
LOAD f:/gcc-arm-none-eabi/bin/../lib/gcc/arm-none-eabi/10.3.1/thumb/v7-m/nofp/crtn.o
                0x20005000                _estack = (ORIGIN (RAM) + LENGTH (RAM))
                0x00000200                _Min_Heap_Size = 0x200
                0x00000400                _Min_Stack_Size = 0x400

.isr_vector     0x08000000      0x10c
                0x08000000                . = ALIGN (0x4)
 *(.isr_vector)
 .isr_vector    0x08000000      0x10c CMakeFiles/RGBtest.elf.dir/startup/startup_stm32f103xb.s.obj
                0x08000000                g_pfnVectors
                0x0800010c                . = ALIGN (0x4)

.text           0x08000110     0xc570
                0x08000110                . = ALIGN (0x4)
 *(.text)
 .text          0x08000110       0x40 f:/gcc-arm-none-eabi/bin/../lib/gcc/arm-none-eabi/10.3.1/thumb/v7-m/nofp/crtbegin.o
 .text          0x08000150      0x378 f:/gcc-arm-none-eabi/bin/../lib/gcc/arm-none-eabi/10.3.1/thumb/v7-m/nofp\libgcc.a(_arm_addsubdf3.o)
                0x08000150                __aeabi_drsub
                0x08000158                __aeabi_dsub
                0x08000158                __subdf3
                0x0800015c                __aeabi_dadd
                0x0800015c                __adddf3
                0x080003d4                __floatunsidf
                0x080003d4                __aeabi_ui2d
                0x080003f4                __floatsidf
                0x080003f4                __aeabi_i2d
                0x08000418                __aeabi_f2d
                0x08000418                __extendsfdf2
                0x0800045c                __floatundidf
                0x0800045c                __aeabi_ul2d
                0x0800046c                __floatdidf
                0x0800046c                __aeabi_l2d
 .text          0x080004c8      0x424 f:/gcc-arm-none-eabi/bin/../lib/gcc/arm-none-eabi/10.3.1/thumb/v7-m/nofp\libgcc.a(_arm_muldivdf3.o)
                0x080004c8                __aeabi_dmul
                0x080004c8                __muldf3
                0x0800071c                __divdf3
                0x0800071c                __aeabi_ddiv
 .text          0x080008ec      0x110 f:/gcc-arm-none-eabi/bin/../lib/gcc/arm-none-eabi/10.3.1/thumb/v7-m/nofp\libgcc.a(_arm_cmpdf2.o)
                0x080008ec                __gtdf2
                0x080008ec                __gedf2
                0x080008f4                __ltdf2
                0x080008f4                __ledf2
                0x080008fc                __nedf2
                0x080008fc                __eqdf2
                0x080008fc                __cmpdf2
                0x08000978                __aeabi_cdrcmple
                0x08000988                __aeabi_cdcmpeq
                0x08000988                __aeabi_cdcmple
                0x08000998                __aeabi_dcmpeq
                0x080009ac                __aeabi_dcmplt
                0x080009c0                __aeabi_dcmple
                0x080009d4                __aeabi_dcmpge
                0x080009e8                __aeabi_dcmpgt
 .text          0x080009fc       0x50 f:/gcc-arm-none-eabi/bin/../lib/gcc/arm-none-eabi/10.3.1/thumb/v7-m/nofp\libgcc.a(_arm_fixdfsi.o)
                0x080009fc                __aeabi_d2iz
                0x080009fc                __fixdfsi
 .text          0x08000a4c       0x40 f:/gcc-arm-none-eabi/bin/../lib/gcc/arm-none-eabi/10.3.1/thumb/v7-m/nofp\libgcc.a(_arm_fixunsdfsi.o)
                0x08000a4c                __aeabi_d2uiz
                0x08000a4c                __fixunsdfsi
 .text          0x08000a8c       0xa0 f:/gcc-arm-none-eabi/bin/../lib/gcc/arm-none-eabi/10.3.1/thumb/v7-m/nofp\libgcc.a(_arm_truncdfsf2.o)
                0x08000a8c                __truncdfsf2
                0x08000a8c                __aeabi_d2f
 .text          0x08000b2c      0x21c f:/gcc-arm-none-eabi/bin/../lib/gcc/arm-none-eabi/10.3.1/thumb/v7-m/nofp\libgcc.a(_arm_addsubsf3.o)
                0x08000b2c                __aeabi_frsub
                0x08000b34                __subsf3
                0x08000b34                __aeabi_fsub
                0x08000b38                __aeabi_fadd
                0x08000b38                __addsf3
                0x08000c98                __aeabi_ui2f
                0x08000c98                __floatunsisf
                0x08000ca0                __aeabi_i2f
                0x08000ca0                __floatsisf
                0x08000cbc                __aeabi_ul2f
                0x08000cbc                __floatundisf
                0x08000ccc                __aeabi_l2f
                0x08000ccc                __floatdisf
 .text          0x08000d48      0x2a0 f:/gcc-arm-none-eabi/bin/../lib/gcc/arm-none-eabi/10.3.1/thumb/v7-m/nofp\libgcc.a(_arm_muldivsf3.o)
                0x08000d48                __mulsf3
                0x08000d48                __aeabi_fmul
                0x08000eb0                __aeabi_fdiv
                0x08000eb0                __divsf3
 .text          0x08000fe8       0xec f:/gcc-arm-none-eabi/bin/../lib/gcc/arm-none-eabi/10.3.1/thumb/v7-m/nofp\libgcc.a(_arm_cmpsf2.o)
                0x08000fe8                __gesf2
                0x08000fe8                __gtsf2
                0x08000ff0                __lesf2
                0x08000ff0                __ltsf2
                0x08000ff8                __nesf2
                0x08000ff8                __eqsf2
                0x08000ff8                __cmpsf2
                0x08001058                __aeabi_cfrcmple
                0x08001060                __aeabi_cfcmpeq
                0x08001060                __aeabi_cfcmple
                0x08001070                __aeabi_fcmpeq
                0x08001084                __aeabi_fcmplt
                0x08001098                __aeabi_fcmple
                0x080010ac                __aeabi_fcmpge
                0x080010c0                __aeabi_fcmpgt
 .text          0x080010d4       0x4c f:/gcc-arm-none-eabi/bin/../lib/gcc/arm-none-eabi/10.3.1/thumb/v7-m/nofp\libgcc.a(_arm_fixsfsi.o)
                0x080010d4                __aeabi_f2iz
                0x080010d4                __fixsfsi
 .text          0x08001120       0x40 f:/gcc-arm-none-eabi/bin/../lib/gcc/arm-none-eabi/10.3.1/thumb/v7-m/nofp\libgcc.a(_arm_fixunssfsi.o)
                0x08001120                __fixunssfsi
                0x08001120                __aeabi_f2uiz
 .text          0x08001160       0xa0 f:/gcc-arm-none-eabi/bin/../lib/gcc/arm-none-eabi/10.3.1/thumb/v7-m/nofp\libgcc.a(_aeabi_ldivmod.o)
                0x08001160                __aeabi_ldivmod
 .text          0x08001200      0x2d4 f:/gcc-arm-none-eabi/bin/../lib/gcc/arm-none-eabi/10.3.1/thumb/v7-m/nofp\libgcc.a(_udivmoddi4.o)
                0x08001200                __udivmoddi4
 .text          0x080014d4        0x4 f:/gcc-arm-none-eabi/bin/../lib/gcc/arm-none-eabi/10.3.1/thumb/v7-m/nofp\libgcc.a(_dvmd_tls.o)
                0x080014d4                __aeabi_idiv0
                0x080014d4                __aeabi_ldiv0
 .text          0x080014d8       0xec f:/gcc-arm-none-eabi/bin/../lib/gcc/arm-none-eabi/10.3.1/../../../../arm-none-eabi/lib/thumb/v7-m/nofp\libg.a(lib_a-memcpy.o)
                0x080014d8                memcpy
 .text          0x080015c4       0x2c f:/gcc-arm-none-eabi/bin/../lib/gcc/arm-none-eabi/10.3.1/thumb/v7-m/nofp\libgcc.a(_arm_unorddf2.o)
                0x080015c4                __unorddf2
                0x080015c4                __aeabi_dcmpun
 .text          0x080015f0       0x30 f:/gcc-arm-none-eabi/bin/../lib/gcc/arm-none-eabi/10.3.1/thumb/v7-m/nofp\libgcc.a(_aeabi_uldivmod.o)
                0x080015f0                __aeabi_uldivmod
 *(.text*)
 .text.MPU_Write_Len
                0x08001620        0x8 CMakeFiles/RGBtest.elf.dir/Core/Src/MPU6050.c.obj
                0x08001620                MPU_Write_Len
 .text.MPU_Read_Len
                0x08001628        0x8 CMakeFiles/RGBtest.elf.dir/Core/Src/MPU6050.c.obj
                0x08001628                MPU_Read_Len
 .text.MPU_Get_Temperature
                0x08001630       0x4c CMakeFiles/RGBtest.elf.dir/Core/Src/MPU6050.c.obj
                0x08001630                MPU_Get_Temperature
 .text.MX_GPIO_Init
                0x0800167c       0xb8 CMakeFiles/RGBtest.elf.dir/Core/Src/gpio.c.obj
                0x0800167c                MX_GPIO_Init
 .text.Error_Handler
                0x08001734        0x4 CMakeFiles/RGBtest.elf.dir/Core/Src/main.c.obj
                0x08001734                Error_Handler
 .text.SystemClock_Config
                0x08001738       0x68 CMakeFiles/RGBtest.elf.dir/Core/Src/main.c.obj
                0x08001738                SystemClock_Config
 .text.main     0x080017a0      0x1b8 CMakeFiles/RGBtest.elf.dir/Core/Src/main.c.obj
                0x080017a0                main
 .text.OLED_IIC_Start
                0x08001958       0x3c CMakeFiles/RGBtest.elf.dir/Core/Src/oled.c.obj
                0x08001958                OLED_IIC_Start
 .text.OLED_IIC_Stop
                0x08001994       0x30 CMakeFiles/RGBtest.elf.dir/Core/Src/oled.c.obj
                0x08001994                OLED_IIC_Stop
 .text.OLED_IIC_Wait_Ack
                0x080019c4       0x24 CMakeFiles/RGBtest.elf.dir/Core/Src/oled.c.obj
                0x080019c4                OLED_IIC_Wait_Ack
 .text.OLED_Write_IIC_Byte
                0x080019e8       0x60 CMakeFiles/RGBtest.elf.dir/Core/Src/oled.c.obj
                0x080019e8                OLED_Write_IIC_Byte
 .text.OLED_Write_IIC_Command
                0x08001a48       0x2c CMakeFiles/RGBtest.elf.dir/Core/Src/oled.c.obj
                0x08001a48                OLED_Write_IIC_Command
 .text.OLED_Write_IIC_Data
                0x08001a74       0x2c CMakeFiles/RGBtest.elf.dir/Core/Src/oled.c.obj
                0x08001a74                OLED_Write_IIC_Data
 .text.OLED_WR_Byte
                0x08001aa0       0x14 CMakeFiles/RGBtest.elf.dir/Core/Src/oled.c.obj
                0x08001aa0                OLED_WR_Byte
 .text.OLED_Set_Pos
                0x08001ab4       0x26 CMakeFiles/RGBtest.elf.dir/Core/Src/oled.c.obj
                0x08001ab4                OLED_Set_Pos
 .text.OLED_Clear
                0x08001ada       0x40 CMakeFiles/RGBtest.elf.dir/Core/Src/oled.c.obj
                0x08001ada                OLED_Clear
 *fill*         0x08001b1a        0x2 
 .text.OLED_ShowChar
                0x08001b1c       0x98 CMakeFiles/RGBtest.elf.dir/Core/Src/oled.c.obj
                0x08001b1c                OLED_ShowChar
 .text.OLED_ShowString
                0x08001bb4       0x2e CMakeFiles/RGBtest.elf.dir/Core/Src/oled.c.obj
                0x08001bb4                OLED_ShowString
 *fill*         0x08001be2        0x6 
 .text.OLED_Float
                0x08001be8      0x21c CMakeFiles/RGBtest.elf.dir/Core/Src/oled.c.obj
                0x08001be8                OLED_Float
 .text.OLED_Init
                0x08001e04       0xdc CMakeFiles/RGBtest.elf.dir/Core/Src/oled.c.obj
                0x08001e04                OLED_Init
 .text.RetargetInit
                0x08001ee0       0x20 CMakeFiles/RGBtest.elf.dir/Core/Src/retarget.c.obj
                0x08001ee0                RetargetInit
 .text._write   0x08001f00       0x34 CMakeFiles/RGBtest.elf.dir/Core/Src/retarget.c.obj
                0x08001f00                _write
 .text._read    0x08001f34       0x30 CMakeFiles/RGBtest.elf.dir/Core/Src/retarget.c.obj
                0x08001f34                _read
 .text.HAL_MspInit
                0x08001f64       0x44 CMakeFiles/RGBtest.elf.dir/Core/Src/stm32f1xx_hal_msp.c.obj
                0x08001f64                HAL_MspInit
 .text.NMI_Handler
                0x08001fa8        0x8 CMakeFiles/RGBtest.elf.dir/Core/Src/stm32f1xx_it.c.obj
                0x08001fa8                NMI_Handler
 .text.HardFault_Handler
                0x08001fb0        0x2 CMakeFiles/RGBtest.elf.dir/Core/Src/stm32f1xx_it.c.obj
                0x08001fb0                HardFault_Handler
 .text.MemManage_Handler
                0x08001fb2        0x2 CMakeFiles/RGBtest.elf.dir/Core/Src/stm32f1xx_it.c.obj
                0x08001fb2                MemManage_Handler
 .text.BusFault_Handler
                0x08001fb4        0x2 CMakeFiles/RGBtest.elf.dir/Core/Src/stm32f1xx_it.c.obj
                0x08001fb4                BusFault_Handler
 .text.UsageFault_Handler
                0x08001fb6        0x2 CMakeFiles/RGBtest.elf.dir/Core/Src/stm32f1xx_it.c.obj
                0x08001fb6                UsageFault_Handler
 .text.SVC_Handler
                0x08001fb8        0x2 CMakeFiles/RGBtest.elf.dir/Core/Src/stm32f1xx_it.c.obj
                0x08001fb8                SVC_Handler
 .text.DebugMon_Handler
                0x08001fba        0x2 CMakeFiles/RGBtest.elf.dir/Core/Src/stm32f1xx_it.c.obj
                0x08001fba                DebugMon_Handler
 .text.PendSV_Handler
                0x08001fbc        0x2 CMakeFiles/RGBtest.elf.dir/Core/Src/stm32f1xx_it.c.obj
                0x08001fbc                PendSV_Handler
 .text.SysTick_Handler
                0x08001fbe        0x8 CMakeFiles/RGBtest.elf.dir/Core/Src/stm32f1xx_it.c.obj
                0x08001fbe                SysTick_Handler
 .text._getpid  0x08001fc6        0x4 CMakeFiles/RGBtest.elf.dir/Core/Src/syscalls.c.obj
                0x08001fc6                _getpid
 .text._kill    0x08001fca       0x10 CMakeFiles/RGBtest.elf.dir/Core/Src/syscalls.c.obj
                0x08001fca                _kill
 .text._exit    0x08001fda        0xc CMakeFiles/RGBtest.elf.dir/Core/Src/syscalls.c.obj
                0x08001fda                _exit
 *fill*         0x08001fe6        0x2 
 .text._sbrk    0x08001fe8       0x3c CMakeFiles/RGBtest.elf.dir/Core/Src/syscalls.c.obj
                0x08001fe8                _sbrk
 .text._close   0x08002024        0x6 CMakeFiles/RGBtest.elf.dir/Core/Src/syscalls.c.obj
                0x08002024                _close
 .text._fstat   0x0800202a        0xa CMakeFiles/RGBtest.elf.dir/Core/Src/syscalls.c.obj
                0x0800202a                _fstat
 .text._isatty  0x08002034        0x4 CMakeFiles/RGBtest.elf.dir/Core/Src/syscalls.c.obj
                0x08002034                _isatty
 .text._lseek   0x08002038        0x4 CMakeFiles/RGBtest.elf.dir/Core/Src/syscalls.c.obj
                0x08002038                _lseek
 .text.SystemInit
                0x0800203c        0x2 CMakeFiles/RGBtest.elf.dir/Core/Src/system_stm32f1xx.c.obj
                0x0800203c                SystemInit
 *fill*         0x0800203e        0x2 
 .text.MPU6050_SDA_IN
                0x08002040       0x28 CMakeFiles/RGBtest.elf.dir/Core/Src/u_iic.c.obj
                0x08002040                MPU6050_SDA_IN
 .text.MPU6050_SDA_OUT
                0x08002068       0x2c CMakeFiles/RGBtest.elf.dir/Core/Src/u_iic.c.obj
                0x08002068                MPU6050_SDA_OUT
 .text.MPU6050_IIC_Start
                0x08002094       0x38 CMakeFiles/RGBtest.elf.dir/Core/Src/u_iic.c.obj
                0x08002094                MPU6050_IIC_Start
 .text.MPU6050_IIC_Stop
                0x080020cc       0x38 CMakeFiles/RGBtest.elf.dir/Core/Src/u_iic.c.obj
                0x080020cc                MPU6050_IIC_Stop
 .text.MPU6050_IIC_WaitAck
                0x08002104       0x4c CMakeFiles/RGBtest.elf.dir/Core/Src/u_iic.c.obj
                0x08002104                MPU6050_IIC_WaitAck
 .text.IIC_Ack  0x08002150       0x38 CMakeFiles/RGBtest.elf.dir/Core/Src/u_iic.c.obj
                0x08002150                IIC_Ack
 .text.IIC_NAck
                0x08002188       0x38 CMakeFiles/RGBtest.elf.dir/Core/Src/u_iic.c.obj
                0x08002188                IIC_NAck
 .text.IIC_SendByte
                0x080021c0       0x5c CMakeFiles/RGBtest.elf.dir/Core/Src/u_iic.c.obj
                0x080021c0                IIC_SendByte
 .text.IIC_ReadByte
                0x0800221c       0x58 CMakeFiles/RGBtest.elf.dir/Core/Src/u_iic.c.obj
                0x0800221c                IIC_ReadByte
 .text.IIC_ReadMultByteFromSlave
                0x08002274       0x6c CMakeFiles/RGBtest.elf.dir/Core/Src/u_iic.c.obj
                0x08002274                IIC_ReadMultByteFromSlave
 .text.IIC_WriteMultByteToSlave
                0x080022e0       0x5e CMakeFiles/RGBtest.elf.dir/Core/Src/u_iic.c.obj
                0x080022e0                IIC_WriteMultByteToSlave
 *fill*         0x0800233e        0x2 
 .text.MX_USART3_UART_Init
                0x08002340       0x34 CMakeFiles/RGBtest.elf.dir/Core/Src/usart.c.obj
                0x08002340                MX_USART3_UART_Init
 .text.HAL_UART_MspInit
                0x08002374       0x78 CMakeFiles/RGBtest.elf.dir/Core/Src/usart.c.obj
                0x08002374                HAL_UART_MspInit
 .text.get_accel_prod_shift
                0x080023ec       0xc4 CMakeFiles/RGBtest.elf.dir/Core/eMPL/inv_mpu.c.obj
 .text.accel_self_test
                0x080024b0       0xa8 CMakeFiles/RGBtest.elf.dir/Core/eMPL/inv_mpu.c.obj
 .text.gyro_self_test
                0x08002558      0x100 CMakeFiles/RGBtest.elf.dir/Core/eMPL/inv_mpu.c.obj
 .text.set_int_enable
                0x08002658       0x98 CMakeFiles/RGBtest.elf.dir/Core/eMPL/inv_mpu.c.obj
 .text.get_st_biases
                0x080026f0      0x428 CMakeFiles/RGBtest.elf.dir/Core/eMPL/inv_mpu.c.obj
 .text.mpu_reset_fifo
                0x08002b18      0x1f8 CMakeFiles/RGBtest.elf.dir/Core/eMPL/inv_mpu.c.obj
                0x08002b18                mpu_reset_fifo
 .text.mpu_get_gyro_fsr
                0x08002d10       0x3c CMakeFiles/RGBtest.elf.dir/Core/eMPL/inv_mpu.c.obj
                0x08002d10                mpu_get_gyro_fsr
 .text.mpu_set_gyro_fsr
                0x08002d4c       0x98 CMakeFiles/RGBtest.elf.dir/Core/eMPL/inv_mpu.c.obj
                0x08002d4c                mpu_set_gyro_fsr
 .text.mpu_get_accel_fsr
                0x08002de4       0x44 CMakeFiles/RGBtest.elf.dir/Core/eMPL/inv_mpu.c.obj
                0x08002de4                mpu_get_accel_fsr
 .text.mpu_set_accel_fsr
                0x08002e28       0x94 CMakeFiles/RGBtest.elf.dir/Core/eMPL/inv_mpu.c.obj
                0x08002e28                mpu_set_accel_fsr
 .text.mpu_get_lpf
                0x08002ebc       0x44 CMakeFiles/RGBtest.elf.dir/Core/eMPL/inv_mpu.c.obj
                0x08002ebc                mpu_get_lpf
 .text.mpu_set_lpf
                0x08002f00       0x94 CMakeFiles/RGBtest.elf.dir/Core/eMPL/inv_mpu.c.obj
                0x08002f00                mpu_set_lpf
 .text.mpu_get_sample_rate
                0x08002f94       0x1c CMakeFiles/RGBtest.elf.dir/Core/eMPL/inv_mpu.c.obj
                0x08002f94                mpu_get_sample_rate
 .text.mpu_get_gyro_sens
                0x08002fb0       0x4c CMakeFiles/RGBtest.elf.dir/Core/eMPL/inv_mpu.c.obj
                0x08002fb0                mpu_get_gyro_sens
 .text.mpu_get_accel_sens
                0x08002ffc       0x4c CMakeFiles/RGBtest.elf.dir/Core/eMPL/inv_mpu.c.obj
                0x08002ffc                mpu_get_accel_sens
 .text.mpu_get_fifo_config
                0x08003048       0x10 CMakeFiles/RGBtest.elf.dir/Core/eMPL/inv_mpu.c.obj
                0x08003048                mpu_get_fifo_config
 .text.mpu_configure_fifo
                0x08003058       0x64 CMakeFiles/RGBtest.elf.dir/Core/eMPL/inv_mpu.c.obj
                0x08003058                mpu_configure_fifo
 .text.mpu_read_fifo_stream
                0x080030bc       0xc0 CMakeFiles/RGBtest.elf.dir/Core/eMPL/inv_mpu.c.obj
                0x080030bc                mpu_read_fifo_stream
 .text.mpu_set_bypass
                0x0800317c      0x168 CMakeFiles/RGBtest.elf.dir/Core/eMPL/inv_mpu.c.obj
                0x0800317c                mpu_set_bypass
 .text.mpu_set_int_latched
                0x080032e4       0x74 CMakeFiles/RGBtest.elf.dir/Core/eMPL/inv_mpu.c.obj
                0x080032e4                mpu_set_int_latched
 .text.mpu_lp_accel_mode
                0x08003358       0xdc CMakeFiles/RGBtest.elf.dir/Core/eMPL/inv_mpu.c.obj
                0x08003358                mpu_lp_accel_mode
 .text.mpu_set_sample_rate
                0x08003434       0xa0 CMakeFiles/RGBtest.elf.dir/Core/eMPL/inv_mpu.c.obj
                0x08003434                mpu_set_sample_rate
 .text.mpu_set_sensors
                0x080034d4       0xe4 CMakeFiles/RGBtest.elf.dir/Core/eMPL/inv_mpu.c.obj
                0x080034d4                mpu_set_sensors
 .text.mpu_init
                0x080035b8      0x1b8 CMakeFiles/RGBtest.elf.dir/Core/eMPL/inv_mpu.c.obj
                0x080035b8                mpu_init
 .text.mpu_write_mem
                0x08003770       0x74 CMakeFiles/RGBtest.elf.dir/Core/eMPL/inv_mpu.c.obj
                0x08003770                mpu_write_mem
 .text.mpu_read_mem
                0x080037e4       0x74 CMakeFiles/RGBtest.elf.dir/Core/eMPL/inv_mpu.c.obj
                0x080037e4                mpu_read_mem
 .text.mpu_load_firmware
                0x08003858       0xb4 CMakeFiles/RGBtest.elf.dir/Core/eMPL/inv_mpu.c.obj
                0x08003858                mpu_load_firmware
 .text.mpu_set_dmp_state
                0x0800390c       0x94 CMakeFiles/RGBtest.elf.dir/Core/eMPL/inv_mpu.c.obj
                0x0800390c                mpu_set_dmp_state
 .text.mpu_run_self_test
                0x080039a0      0x104 CMakeFiles/RGBtest.elf.dir/Core/eMPL/inv_mpu.c.obj
                0x080039a0                mpu_run_self_test
 .text.run_self_test
                0x08003aa4       0x94 CMakeFiles/RGBtest.elf.dir/Core/eMPL/inv_mpu.c.obj
                0x08003aa4                run_self_test
 .text.inv_row_2_scale
                0x08003b38       0x3a CMakeFiles/RGBtest.elf.dir/Core/eMPL/inv_mpu.c.obj
                0x08003b38                inv_row_2_scale
 .text.inv_orientation_matrix_to_scalar
                0x08003b72       0x24 CMakeFiles/RGBtest.elf.dir/Core/eMPL/inv_mpu.c.obj
                0x08003b72                inv_orientation_matrix_to_scalar
 .text.mget_ms  0x08003b96        0x2 CMakeFiles/RGBtest.elf.dir/Core/eMPL/inv_mpu.c.obj
                0x08003b96                mget_ms
 .text.mpu_dmp_init
                0x08003b98       0xc4 CMakeFiles/RGBtest.elf.dir/Core/eMPL/inv_mpu.c.obj
                0x08003b98                mpu_dmp_init
 *fill*         0x08003c5c        0x4 
 .text.mpu_dmp_get_data
                0x08003c60      0x1c8 CMakeFiles/RGBtest.elf.dir/Core/eMPL/inv_mpu.c.obj
                0x08003c60                mpu_dmp_get_data
 .text.decode_gesture
                0x08003e28       0x3c CMakeFiles/RGBtest.elf.dir/Core/eMPL/inv_mpu_dmp_motion_driver.c.obj
 .text.dmp_load_motion_driver_firmware
                0x08003e64       0x18 CMakeFiles/RGBtest.elf.dir/Core/eMPL/inv_mpu_dmp_motion_driver.c.obj
                0x08003e64                dmp_load_motion_driver_firmware
 .text.dmp_set_orientation
                0x08003e7c      0x14c CMakeFiles/RGBtest.elf.dir/Core/eMPL/inv_mpu_dmp_motion_driver.c.obj
                0x08003e7c                dmp_set_orientation
 .text.dmp_set_gyro_bias
                0x08003fc8      0x110 CMakeFiles/RGBtest.elf.dir/Core/eMPL/inv_mpu_dmp_motion_driver.c.obj
                0x08003fc8                dmp_set_gyro_bias
 .text.dmp_set_accel_bias
                0x080040d8       0xf4 CMakeFiles/RGBtest.elf.dir/Core/eMPL/inv_mpu_dmp_motion_driver.c.obj
                0x080040d8                dmp_set_accel_bias
 .text.dmp_set_fifo_rate
                0x080041cc       0x68 CMakeFiles/RGBtest.elf.dir/Core/eMPL/inv_mpu_dmp_motion_driver.c.obj
                0x080041cc                dmp_set_fifo_rate
 .text.dmp_set_tap_thresh
                0x08004234      0x1a0 CMakeFiles/RGBtest.elf.dir/Core/eMPL/inv_mpu_dmp_motion_driver.c.obj
                0x08004234                dmp_set_tap_thresh
 .text.dmp_set_tap_axes
                0x080043d4       0x4e CMakeFiles/RGBtest.elf.dir/Core/eMPL/inv_mpu_dmp_motion_driver.c.obj
                0x080043d4                dmp_set_tap_axes
 .text.dmp_set_tap_count
                0x08004422       0x2c CMakeFiles/RGBtest.elf.dir/Core/eMPL/inv_mpu_dmp_motion_driver.c.obj
                0x08004422                dmp_set_tap_count
 *fill*         0x0800444e        0x2 
 .text.dmp_set_tap_time
                0x08004450       0x30 CMakeFiles/RGBtest.elf.dir/Core/eMPL/inv_mpu_dmp_motion_driver.c.obj
                0x08004450                dmp_set_tap_time
 .text.dmp_set_tap_time_multi
                0x08004480       0x30 CMakeFiles/RGBtest.elf.dir/Core/eMPL/inv_mpu_dmp_motion_driver.c.obj
                0x08004480                dmp_set_tap_time_multi
 .text.dmp_set_shake_reject_thresh
                0x080044b0       0x44 CMakeFiles/RGBtest.elf.dir/Core/eMPL/inv_mpu_dmp_motion_driver.c.obj
                0x080044b0                dmp_set_shake_reject_thresh
 .text.dmp_set_shake_reject_time
                0x080044f4       0x2c CMakeFiles/RGBtest.elf.dir/Core/eMPL/inv_mpu_dmp_motion_driver.c.obj
                0x080044f4                dmp_set_shake_reject_time
 .text.dmp_set_shake_reject_timeout
                0x08004520       0x2c CMakeFiles/RGBtest.elf.dir/Core/eMPL/inv_mpu_dmp_motion_driver.c.obj
                0x08004520                dmp_set_shake_reject_timeout
 .text.dmp_enable_gyro_cal
                0x0800454c       0x44 CMakeFiles/RGBtest.elf.dir/Core/eMPL/inv_mpu_dmp_motion_driver.c.obj
                0x0800454c                dmp_enable_gyro_cal
 .text.dmp_enable_lp_quat
                0x08004590       0x3c CMakeFiles/RGBtest.elf.dir/Core/eMPL/inv_mpu_dmp_motion_driver.c.obj
                0x08004590                dmp_enable_lp_quat
 .text.dmp_enable_6x_lp_quat
                0x080045cc       0x3c CMakeFiles/RGBtest.elf.dir/Core/eMPL/inv_mpu_dmp_motion_driver.c.obj
                0x080045cc                dmp_enable_6x_lp_quat
 .text.dmp_enable_feature
                0x08004608      0x218 CMakeFiles/RGBtest.elf.dir/Core/eMPL/inv_mpu_dmp_motion_driver.c.obj
                0x08004608                dmp_enable_feature
 .text.dmp_read_fifo
                0x08004820      0x1f4 CMakeFiles/RGBtest.elf.dir/Core/eMPL/inv_mpu_dmp_motion_driver.c.obj
                0x08004820                dmp_read_fifo
 .text.HAL_InitTick
                0x08004a14       0x4c CMakeFiles/RGBtest.elf.dir/Drivers/STM32F1xx_HAL_Driver/Src/stm32f1xx_hal.c.obj
                0x08004a14                HAL_InitTick
 .text.HAL_Init
                0x08004a60       0x24 CMakeFiles/RGBtest.elf.dir/Drivers/STM32F1xx_HAL_Driver/Src/stm32f1xx_hal.c.obj
                0x08004a60                HAL_Init
 .text.HAL_IncTick
                0x08004a84       0x18 CMakeFiles/RGBtest.elf.dir/Drivers/STM32F1xx_HAL_Driver/Src/stm32f1xx_hal.c.obj
                0x08004a84                HAL_IncTick
 .text.HAL_GetTick
                0x08004a9c        0xc CMakeFiles/RGBtest.elf.dir/Drivers/STM32F1xx_HAL_Driver/Src/stm32f1xx_hal.c.obj
                0x08004a9c                HAL_GetTick
 .text.HAL_Delay
                0x08004aa8       0x28 CMakeFiles/RGBtest.elf.dir/Drivers/STM32F1xx_HAL_Driver/Src/stm32f1xx_hal.c.obj
                0x08004aa8                HAL_Delay
 .text.HAL_NVIC_SetPriorityGrouping
                0x08004ad0       0x24 CMakeFiles/RGBtest.elf.dir/Drivers/STM32F1xx_HAL_Driver/Src/stm32f1xx_hal_cortex.c.obj
                0x08004ad0                HAL_NVIC_SetPriorityGrouping
 .text.HAL_NVIC_SetPriority
                0x08004af4       0x70 CMakeFiles/RGBtest.elf.dir/Drivers/STM32F1xx_HAL_Driver/Src/stm32f1xx_hal_cortex.c.obj
                0x08004af4                HAL_NVIC_SetPriority
 .text.HAL_SYSTICK_Config
                0x08004b64       0x28 CMakeFiles/RGBtest.elf.dir/Drivers/STM32F1xx_HAL_Driver/Src/stm32f1xx_hal_cortex.c.obj
                0x08004b64                HAL_SYSTICK_Config
 .text.HAL_GPIO_Init
                0x08004b8c      0x224 CMakeFiles/RGBtest.elf.dir/Drivers/STM32F1xx_HAL_Driver/Src/stm32f1xx_hal_gpio.c.obj
                0x08004b8c                HAL_GPIO_Init
 .text.HAL_GPIO_ReadPin
                0x08004db0        0xe CMakeFiles/RGBtest.elf.dir/Drivers/STM32F1xx_HAL_Driver/Src/stm32f1xx_hal_gpio.c.obj
                0x08004db0                HAL_GPIO_ReadPin
 .text.HAL_GPIO_WritePin
                0x08004dbe        0xc CMakeFiles/RGBtest.elf.dir/Drivers/STM32F1xx_HAL_Driver/Src/stm32f1xx_hal_gpio.c.obj
                0x08004dbe                HAL_GPIO_WritePin
 *fill*         0x08004dca        0x2 
 .text.RCC_Delay
                0x08004dcc       0x2c CMakeFiles/RGBtest.elf.dir/Drivers/STM32F1xx_HAL_Driver/Src/stm32f1xx_hal_rcc.c.obj
 .text.HAL_RCC_OscConfig
                0x08004df8      0x410 CMakeFiles/RGBtest.elf.dir/Drivers/STM32F1xx_HAL_Driver/Src/stm32f1xx_hal_rcc.c.obj
                0x08004df8                HAL_RCC_OscConfig
 .text.HAL_RCC_EnableCSS
                0x08005208        0xc CMakeFiles/RGBtest.elf.dir/Drivers/STM32F1xx_HAL_Driver/Src/stm32f1xx_hal_rcc.c.obj
                0x08005208                HAL_RCC_EnableCSS
 .text.HAL_RCC_GetSysClockFreq
                0x08005214       0x70 CMakeFiles/RGBtest.elf.dir/Drivers/STM32F1xx_HAL_Driver/Src/stm32f1xx_hal_rcc.c.obj
                0x08005214                HAL_RCC_GetSysClockFreq
 .text.HAL_RCC_ClockConfig
                0x08005284      0x16c CMakeFiles/RGBtest.elf.dir/Drivers/STM32F1xx_HAL_Driver/Src/stm32f1xx_hal_rcc.c.obj
                0x08005284                HAL_RCC_ClockConfig
 .text.HAL_RCC_GetHCLKFreq
                0x080053f0        0xc CMakeFiles/RGBtest.elf.dir/Drivers/STM32F1xx_HAL_Driver/Src/stm32f1xx_hal_rcc.c.obj
                0x080053f0                HAL_RCC_GetHCLKFreq
 .text.HAL_RCC_GetPCLK1Freq
                0x080053fc       0x20 CMakeFiles/RGBtest.elf.dir/Drivers/STM32F1xx_HAL_Driver/Src/stm32f1xx_hal_rcc.c.obj
                0x080053fc                HAL_RCC_GetPCLK1Freq
 .text.HAL_RCC_GetPCLK2Freq
                0x0800541c       0x20 CMakeFiles/RGBtest.elf.dir/Drivers/STM32F1xx_HAL_Driver/Src/stm32f1xx_hal_rcc.c.obj
                0x0800541c                HAL_RCC_GetPCLK2Freq
 .text.HAL_RCC_CSSCallback
                0x0800543c        0x2 CMakeFiles/RGBtest.elf.dir/Drivers/STM32F1xx_HAL_Driver/Src/stm32f1xx_hal_rcc.c.obj
                0x0800543c                HAL_RCC_CSSCallback
 *fill*         0x0800543e        0x2 
 .text.HAL_RCC_NMI_IRQHandler
                0x08005440       0x20 CMakeFiles/RGBtest.elf.dir/Drivers/STM32F1xx_HAL_Driver/Src/stm32f1xx_hal_rcc.c.obj
                0x08005440                HAL_RCC_NMI_IRQHandler
 .text.UART_SetConfig
                0x08005460       0x94 CMakeFiles/RGBtest.elf.dir/Drivers/STM32F1xx_HAL_Driver/Src/stm32f1xx_hal_uart.c.obj
 .text.UART_WaitOnFlagUntilTimeout
                0x080054f4       0x6c CMakeFiles/RGBtest.elf.dir/Drivers/STM32F1xx_HAL_Driver/Src/stm32f1xx_hal_uart.c.obj
 .text.HAL_UART_Init
                0x08005560       0x5e CMakeFiles/RGBtest.elf.dir/Drivers/STM32F1xx_HAL_Driver/Src/stm32f1xx_hal_uart.c.obj
                0x08005560                HAL_UART_Init
 .text.HAL_UART_Transmit
                0x080055be       0xd8 CMakeFiles/RGBtest.elf.dir/Drivers/STM32F1xx_HAL_Driver/Src/stm32f1xx_hal_uart.c.obj
                0x080055be                HAL_UART_Transmit
 .text.HAL_UART_Receive
                0x08005696       0xe4 CMakeFiles/RGBtest.elf.dir/Drivers/STM32F1xx_HAL_Driver/Src/stm32f1xx_hal_uart.c.obj
                0x08005696                HAL_UART_Receive
 *fill*         0x0800577a        0x2 
 .text.Reset_Handler
                0x0800577c       0x48 CMakeFiles/RGBtest.elf.dir/startup/startup_stm32f103xb.s.obj
                0x0800577c                Reset_Handler
 .text.Default_Handler
                0x080057c4        0x2 CMakeFiles/RGBtest.elf.dir/startup/startup_stm32f103xb.s.obj
                0x080057c4                RTC_Alarm_IRQHandler
                0x080057c4                EXTI2_IRQHandler
                0x080057c4                TIM1_CC_IRQHandler
                0x080057c4                PVD_IRQHandler
                0x080057c4                EXTI3_IRQHandler
                0x080057c4                EXTI0_IRQHandler
                0x080057c4                I2C2_EV_IRQHandler
                0x080057c4                ADC1_2_IRQHandler
                0x080057c4                SPI1_IRQHandler
                0x080057c4                TAMPER_IRQHandler
                0x080057c4                DMA1_Channel4_IRQHandler
                0x080057c4                USART3_IRQHandler
                0x080057c4                RTC_IRQHandler
                0x080057c4                DMA1_Channel7_IRQHandler
                0x080057c4                CAN1_RX1_IRQHandler
                0x080057c4                TIM4_IRQHandler
                0x080057c4                I2C1_EV_IRQHandler
                0x080057c4                DMA1_Channel6_IRQHandler
                0x080057c4                TIM3_IRQHandler
                0x080057c4                RCC_IRQHandler
                0x080057c4                TIM1_TRG_COM_IRQHandler
                0x080057c4                DMA1_Channel1_IRQHandler
                0x080057c4                Default_Handler
                0x080057c4                EXTI15_10_IRQHandler
                0x080057c4                EXTI9_5_IRQHandler
                0x080057c4                SPI2_IRQHandler
                0x080057c4                DMA1_Channel5_IRQHandler
                0x080057c4                EXTI4_IRQHandler
                0x080057c4                USB_LP_CAN1_RX0_IRQHandler
                0x080057c4                USB_HP_CAN1_TX_IRQHandler
                0x080057c4                DMA1_Channel3_IRQHandler
                0x080057c4                TIM1_UP_IRQHandler
                0x080057c4                WWDG_IRQHandler
                0x080057c4                TIM2_IRQHandler
                0x080057c4                TIM1_BRK_IRQHandler
                0x080057c4                EXTI1_IRQHandler
                0x080057c4                USART2_IRQHandler
                0x080057c4                I2C2_ER_IRQHandler
                0x080057c4                DMA1_Channel2_IRQHandler
                0x080057c4                CAN1_SCE_IRQHandler
                0x080057c4                FLASH_IRQHandler
                0x080057c4                USART1_IRQHandler
                0x080057c4                I2C1_ER_IRQHandler
                0x080057c4                USBWakeUp_IRQHandler
 *fill*         0x080057c6        0x2 
 .text.__errno  0x080057c8        0xc f:/gcc-arm-none-eabi/bin/../lib/gcc/arm-none-eabi/10.3.1/../../../../arm-none-eabi/lib/thumb/v7-m/nofp\libg.a(lib_a-errno.o)
                0x080057c8                __errno
 .text.__libc_init_array
                0x080057d4       0x48 f:/gcc-arm-none-eabi/bin/../lib/gcc/arm-none-eabi/10.3.1/../../../../arm-none-eabi/lib/thumb/v7-m/nofp\libg.a(lib_a-init.o)
                0x080057d4                __libc_init_array
 .text.memcmp   0x0800581c       0x68 f:/gcc-arm-none-eabi/bin/../lib/gcc/arm-none-eabi/10.3.1/../../../../arm-none-eabi/lib/thumb/v7-m/nofp\libg.a(lib_a-memcmp.o)
                0x0800581c                memcmp
 .text.memset   0x08005884       0xa4 f:/gcc-arm-none-eabi/bin/../lib/gcc/arm-none-eabi/10.3.1/../../../../arm-none-eabi/lib/thumb/v7-m/nofp\libg.a(lib_a-memset.o)
                0x08005884                memset
 .text.printf   0x08005928       0x28 f:/gcc-arm-none-eabi/bin/../lib/gcc/arm-none-eabi/10.3.1/../../../../arm-none-eabi/lib/thumb/v7-m/nofp\libg.a(lib_a-printf.o)
                0x08005928                printf
 .text._puts_r  0x08005950       0x9c f:/gcc-arm-none-eabi/bin/../lib/gcc/arm-none-eabi/10.3.1/../../../../arm-none-eabi/lib/thumb/v7-m/nofp\libg.a(lib_a-puts.o)
                0x08005950                _puts_r
 .text.puts     0x080059ec       0x10 f:/gcc-arm-none-eabi/bin/../lib/gcc/arm-none-eabi/10.3.1/../../../../arm-none-eabi/lib/thumb/v7-m/nofp\libg.a(lib_a-puts.o)
                0x080059ec                puts
 .text.setvbuf  0x080059fc      0x1b0 f:/gcc-arm-none-eabi/bin/../lib/gcc/arm-none-eabi/10.3.1/../../../../arm-none-eabi/lib/thumb/v7-m/nofp\libg.a(lib_a-setvbuf.o)
                0x080059fc                setvbuf
 .text.strlen   0x08005bac       0x5c f:/gcc-arm-none-eabi/bin/../lib/gcc/arm-none-eabi/10.3.1/../../../../arm-none-eabi/lib/thumb/v7-m/nofp\libg.a(lib_a-strlen-stub.o)
                0x08005bac                strlen
 .text._vfprintf_r
                0x08005c08     0x1b58 f:/gcc-arm-none-eabi/bin/../lib/gcc/arm-none-eabi/10.3.1/../../../../arm-none-eabi/lib/thumb/v7-m/nofp\libg.a(lib_a-vfprintf.o)
                0x08005c08                _vfprintf_r
 .text.__sbprintf
                0x08007760       0x84 f:/gcc-arm-none-eabi/bin/../lib/gcc/arm-none-eabi/10.3.1/../../../../arm-none-eabi/lib/thumb/v7-m/nofp\libg.a(lib_a-vfprintf.o)
 .text.__swsetup_r
                0x080077e4       0xd4 f:/gcc-arm-none-eabi/bin/../lib/gcc/arm-none-eabi/10.3.1/../../../../arm-none-eabi/lib/thumb/v7-m/nofp\libg.a(lib_a-wsetup.o)
                0x080077e4                __swsetup_r
 .text.startup.register_fini
                0x080078b8       0x14 f:/gcc-arm-none-eabi/bin/../lib/gcc/arm-none-eabi/10.3.1/../../../../arm-none-eabi/lib/thumb/v7-m/nofp\libg.a(lib_a-__call_atexit.o)
 .text.atexit   0x080078cc        0xc f:/gcc-arm-none-eabi/bin/../lib/gcc/arm-none-eabi/10.3.1/../../../../arm-none-eabi/lib/thumb/v7-m/nofp\libg.a(lib_a-atexit.o)
                0x080078cc                atexit
 .text.quorem   0x080078d8      0x12c f:/gcc-arm-none-eabi/bin/../lib/gcc/arm-none-eabi/10.3.1/../../../../arm-none-eabi/lib/thumb/v7-m/nofp\libg.a(lib_a-dtoa.o)
 *fill*         0x08007a04        0x4 
 .text._dtoa_r  0x08007a08      0xecc f:/gcc-arm-none-eabi/bin/../lib/gcc/arm-none-eabi/10.3.1/../../../../arm-none-eabi/lib/thumb/v7-m/nofp\libg.a(lib_a-dtoa.o)
                0x08007a08                _dtoa_r
 .text.__sflush_r
                0x080088d4      0x124 f:/gcc-arm-none-eabi/bin/../lib/gcc/arm-none-eabi/10.3.1/../../../../arm-none-eabi/lib/thumb/v7-m/nofp\libg.a(lib_a-fflush.o)
                0x080088d4                __sflush_r
 .text._fflush_r
                0x080089f8       0x5c f:/gcc-arm-none-eabi/bin/../lib/gcc/arm-none-eabi/10.3.1/../../../../arm-none-eabi/lib/thumb/v7-m/nofp\libg.a(lib_a-fflush.o)
                0x080089f8                _fflush_r
 .text._cleanup_r
                0x08008a54        0xc f:/gcc-arm-none-eabi/bin/../lib/gcc/arm-none-eabi/10.3.1/../../../../arm-none-eabi/lib/thumb/v7-m/nofp\libg.a(lib_a-findfp.o)
                0x08008a54                _cleanup_r
 .text.__sinit  0x08008a60      0x10c f:/gcc-arm-none-eabi/bin/../lib/gcc/arm-none-eabi/10.3.1/../../../../arm-none-eabi/lib/thumb/v7-m/nofp\libg.a(lib_a-findfp.o)
                0x08008a60                __sinit
 .text.__sfp_lock_acquire
                0x08008b6c        0xc f:/gcc-arm-none-eabi/bin/../lib/gcc/arm-none-eabi/10.3.1/../../../../arm-none-eabi/lib/thumb/v7-m/nofp\libg.a(lib_a-findfp.o)
                0x08008b6c                __sfp_lock_acquire
 .text.__sfp_lock_release
                0x08008b78        0xc f:/gcc-arm-none-eabi/bin/../lib/gcc/arm-none-eabi/10.3.1/../../../../arm-none-eabi/lib/thumb/v7-m/nofp\libg.a(lib_a-findfp.o)
                0x08008b78                __sfp_lock_release
 .text.__libc_fini_array
                0x08008b84       0x2c f:/gcc-arm-none-eabi/bin/../lib/gcc/arm-none-eabi/10.3.1/../../../../arm-none-eabi/lib/thumb/v7-m/nofp\libg.a(lib_a-fini.o)
                0x08008b84                __libc_fini_array
 .text._malloc_trim_r
                0x08008bb0       0xa0 f:/gcc-arm-none-eabi/bin/../lib/gcc/arm-none-eabi/10.3.1/../../../../arm-none-eabi/lib/thumb/v7-m/nofp\libg.a(lib_a-freer.o)
                0x08008bb0                _malloc_trim_r
 .text._free_r  0x08008c50      0x200 f:/gcc-arm-none-eabi/bin/../lib/gcc/arm-none-eabi/10.3.1/../../../../arm-none-eabi/lib/thumb/v7-m/nofp\libg.a(lib_a-freer.o)
                0x08008c50                _free_r
 .text.__sfvwrite_r
                0x08008e50      0x2f0 f:/gcc-arm-none-eabi/bin/../lib/gcc/arm-none-eabi/10.3.1/../../../../arm-none-eabi/lib/thumb/v7-m/nofp\libg.a(lib_a-fvwrite.o)
                0x08008e50                __sfvwrite_r
 .text._fwalk_reent
                0x08009140       0x48 f:/gcc-arm-none-eabi/bin/../lib/gcc/arm-none-eabi/10.3.1/../../../../arm-none-eabi/lib/thumb/v7-m/nofp\libg.a(lib_a-fwalk.o)
                0x08009140                _fwalk_reent
 .text._localeconv_r
                0x08009188        0x8 f:/gcc-arm-none-eabi/bin/../lib/gcc/arm-none-eabi/10.3.1/../../../../arm-none-eabi/lib/thumb/v7-m/nofp\libg.a(lib_a-localeconv.o)
                0x08009188                _localeconv_r
 .text.__retarget_lock_init_recursive
                0x08009190        0x4 f:/gcc-arm-none-eabi/bin/../lib/gcc/arm-none-eabi/10.3.1/../../../../arm-none-eabi/lib/thumb/v7-m/nofp\libg.a(lib_a-lock.o)
                0x08009190                __retarget_lock_init_recursive
 .text.__retarget_lock_close_recursive
                0x08009194        0x4 f:/gcc-arm-none-eabi/bin/../lib/gcc/arm-none-eabi/10.3.1/../../../../arm-none-eabi/lib/thumb/v7-m/nofp\libg.a(lib_a-lock.o)
                0x08009194                __retarget_lock_close_recursive
 .text.__retarget_lock_acquire_recursive
                0x08009198        0x4 f:/gcc-arm-none-eabi/bin/../lib/gcc/arm-none-eabi/10.3.1/../../../../arm-none-eabi/lib/thumb/v7-m/nofp\libg.a(lib_a-lock.o)
                0x08009198                __retarget_lock_acquire_recursive
 .text.__retarget_lock_release_recursive
                0x0800919c        0x4 f:/gcc-arm-none-eabi/bin/../lib/gcc/arm-none-eabi/10.3.1/../../../../arm-none-eabi/lib/thumb/v7-m/nofp\libg.a(lib_a-lock.o)
                0x0800919c                __retarget_lock_release_recursive
 .text.__smakebuf_r
                0x080091a0       0xe0 f:/gcc-arm-none-eabi/bin/../lib/gcc/arm-none-eabi/10.3.1/../../../../arm-none-eabi/lib/thumb/v7-m/nofp\libg.a(lib_a-makebuf.o)
                0x080091a0                __smakebuf_r
 .text.__swhatbuf_r
                0x08009280       0x60 f:/gcc-arm-none-eabi/bin/../lib/gcc/arm-none-eabi/10.3.1/../../../../arm-none-eabi/lib/thumb/v7-m/nofp\libg.a(lib_a-makebuf.o)
                0x08009280                __swhatbuf_r
 .text.malloc   0x080092e0       0x10 f:/gcc-arm-none-eabi/bin/../lib/gcc/arm-none-eabi/10.3.1/../../../../arm-none-eabi/lib/thumb/v7-m/nofp\libg.a(lib_a-malloc.o)
                0x080092e0                malloc
 .text._malloc_r
                0x080092f0      0x558 f:/gcc-arm-none-eabi/bin/../lib/gcc/arm-none-eabi/10.3.1/../../../../arm-none-eabi/lib/thumb/v7-m/nofp\libg.a(lib_a-mallocr.o)
                0x080092f0                _malloc_r
 .text.memchr   0x08009848       0x90 f:/gcc-arm-none-eabi/bin/../lib/gcc/arm-none-eabi/10.3.1/../../../../arm-none-eabi/lib/thumb/v7-m/nofp\libg.a(lib_a-memchr-stub.o)
                0x08009848                memchr
 .text.memmove  0x080098d8       0xf8 f:/gcc-arm-none-eabi/bin/../lib/gcc/arm-none-eabi/10.3.1/../../../../arm-none-eabi/lib/thumb/v7-m/nofp\libg.a(lib_a-memmove.o)
                0x080098d8                memmove
 .text.__malloc_lock
                0x080099d0        0xc f:/gcc-arm-none-eabi/bin/../lib/gcc/arm-none-eabi/10.3.1/../../../../arm-none-eabi/lib/thumb/v7-m/nofp\libg.a(lib_a-mlock.o)
                0x080099d0                __malloc_lock
 .text.__malloc_unlock
                0x080099dc        0xc f:/gcc-arm-none-eabi/bin/../lib/gcc/arm-none-eabi/10.3.1/../../../../arm-none-eabi/lib/thumb/v7-m/nofp\libg.a(lib_a-mlock.o)
                0x080099dc                __malloc_unlock
 .text._Balloc  0x080099e8       0x4c f:/gcc-arm-none-eabi/bin/../lib/gcc/arm-none-eabi/10.3.1/../../../../arm-none-eabi/lib/thumb/v7-m/nofp\libg.a(lib_a-mprec.o)
                0x080099e8                _Balloc
 .text._Bfree   0x08009a34       0x14 f:/gcc-arm-none-eabi/bin/../lib/gcc/arm-none-eabi/10.3.1/../../../../arm-none-eabi/lib/thumb/v7-m/nofp\libg.a(lib_a-mprec.o)
                0x08009a34                _Bfree
 .text.__multadd
                0x08009a48       0xa4 f:/gcc-arm-none-eabi/bin/../lib/gcc/arm-none-eabi/10.3.1/../../../../arm-none-eabi/lib/thumb/v7-m/nofp\libg.a(lib_a-mprec.o)
                0x08009a48                __multadd
 .text.__hi0bits
                0x08009aec       0x40 f:/gcc-arm-none-eabi/bin/../lib/gcc/arm-none-eabi/10.3.1/../../../../arm-none-eabi/lib/thumb/v7-m/nofp\libg.a(lib_a-mprec.o)
                0x08009aec                __hi0bits
 .text.__lo0bits
                0x08009b2c       0x58 f:/gcc-arm-none-eabi/bin/../lib/gcc/arm-none-eabi/10.3.1/../../../../arm-none-eabi/lib/thumb/v7-m/nofp\libg.a(lib_a-mprec.o)
                0x08009b2c                __lo0bits
 .text.__i2b    0x08009b84       0x5c f:/gcc-arm-none-eabi/bin/../lib/gcc/arm-none-eabi/10.3.1/../../../../arm-none-eabi/lib/thumb/v7-m/nofp\libg.a(lib_a-mprec.o)
                0x08009b84                __i2b
 .text.__multiply
                0x08009be0      0x15c f:/gcc-arm-none-eabi/bin/../lib/gcc/arm-none-eabi/10.3.1/../../../../arm-none-eabi/lib/thumb/v7-m/nofp\libg.a(lib_a-mprec.o)
                0x08009be0                __multiply
 .text.__pow5mult
                0x08009d3c       0xb8 f:/gcc-arm-none-eabi/bin/../lib/gcc/arm-none-eabi/10.3.1/../../../../arm-none-eabi/lib/thumb/v7-m/nofp\libg.a(lib_a-mprec.o)
                0x08009d3c                __pow5mult
 .text.__lshift
                0x08009df4       0xec f:/gcc-arm-none-eabi/bin/../lib/gcc/arm-none-eabi/10.3.1/../../../../arm-none-eabi/lib/thumb/v7-m/nofp\libg.a(lib_a-mprec.o)
                0x08009df4                __lshift
 .text.__mcmp   0x08009ee0       0x40 f:/gcc-arm-none-eabi/bin/../lib/gcc/arm-none-eabi/10.3.1/../../../../arm-none-eabi/lib/thumb/v7-m/nofp\libg.a(lib_a-mprec.o)
                0x08009ee0                __mcmp
 .text.__mdiff  0x08009f20      0x14c f:/gcc-arm-none-eabi/bin/../lib/gcc/arm-none-eabi/10.3.1/../../../../arm-none-eabi/lib/thumb/v7-m/nofp\libg.a(lib_a-mprec.o)
                0x08009f20                __mdiff
 .text.__d2b    0x0800a06c       0xc4 f:/gcc-arm-none-eabi/bin/../lib/gcc/arm-none-eabi/10.3.1/../../../../arm-none-eabi/lib/thumb/v7-m/nofp\libg.a(lib_a-mprec.o)
                0x0800a06c                __d2b
 .text._realloc_r
                0x0800a130      0x3dc f:/gcc-arm-none-eabi/bin/../lib/gcc/arm-none-eabi/10.3.1/../../../../arm-none-eabi/lib/thumb/v7-m/nofp\libg.a(lib_a-reallocr.o)
                0x0800a130                _realloc_r
 .text.frexp    0x0800a50c       0x70 f:/gcc-arm-none-eabi/bin/../lib/gcc/arm-none-eabi/10.3.1/../../../../arm-none-eabi/lib/thumb/v7-m/nofp\libg.a(lib_a-s_frexp.o)
                0x0800a50c                frexp
 .text._sbrk_r  0x0800a57c       0x24 f:/gcc-arm-none-eabi/bin/../lib/gcc/arm-none-eabi/10.3.1/../../../../arm-none-eabi/lib/thumb/v7-m/nofp\libg.a(lib_a-sbrkr.o)
                0x0800a57c                _sbrk_r
 .text.__sread  0x0800a5a0       0x24 f:/gcc-arm-none-eabi/bin/../lib/gcc/arm-none-eabi/10.3.1/../../../../arm-none-eabi/lib/thumb/v7-m/nofp\libg.a(lib_a-stdio.o)
                0x0800a5a0                __sread
 .text.__swrite
                0x0800a5c4       0x40 f:/gcc-arm-none-eabi/bin/../lib/gcc/arm-none-eabi/10.3.1/../../../../arm-none-eabi/lib/thumb/v7-m/nofp\libg.a(lib_a-stdio.o)
                0x0800a5c4                __swrite
 .text.__sseek  0x0800a604       0x20 f:/gcc-arm-none-eabi/bin/../lib/gcc/arm-none-eabi/10.3.1/../../../../arm-none-eabi/lib/thumb/v7-m/nofp\libg.a(lib_a-stdio.o)
                0x0800a604                __sseek
 .text.__sclose
                0x0800a624        0x8 f:/gcc-arm-none-eabi/bin/../lib/gcc/arm-none-eabi/10.3.1/../../../../arm-none-eabi/lib/thumb/v7-m/nofp\libg.a(lib_a-stdio.o)
                0x0800a624                __sclose
 .text.strncpy  0x0800a62c       0x68 f:/gcc-arm-none-eabi/bin/../lib/gcc/arm-none-eabi/10.3.1/../../../../arm-none-eabi/lib/thumb/v7-m/nofp\libg.a(lib_a-strncpy.o)
                0x0800a62c                strncpy
 .text.__sprint_r.part.0
                0x0800a694       0x78 f:/gcc-arm-none-eabi/bin/../lib/gcc/arm-none-eabi/10.3.1/../../../../arm-none-eabi/lib/thumb/v7-m/nofp\libg.a(lib_a-vfiprintf.o)
 .text.__sprint_r
                0x0800a70c       0x14 f:/gcc-arm-none-eabi/bin/../lib/gcc/arm-none-eabi/10.3.1/../../../../arm-none-eabi/lib/thumb/v7-m/nofp\libg.a(lib_a-vfiprintf.o)
                0x0800a70c                __sprint_r
 .text._vfiprintf_r
                0x0800a720      0xd98 f:/gcc-arm-none-eabi/bin/../lib/gcc/arm-none-eabi/10.3.1/../../../../arm-none-eabi/lib/thumb/v7-m/nofp\libg.a(lib_a-vfiprintf.o)
                0x0800a720                _vfiprintf_r
 .text.__sbprintf
                0x0800b4b8       0x84 f:/gcc-arm-none-eabi/bin/../lib/gcc/arm-none-eabi/10.3.1/../../../../arm-none-eabi/lib/thumb/v7-m/nofp\libg.a(lib_a-vfiprintf.o)
 .text._write_r
                0x0800b53c       0x2c f:/gcc-arm-none-eabi/bin/../lib/gcc/arm-none-eabi/10.3.1/../../../../arm-none-eabi/lib/thumb/v7-m/nofp\libg.a(lib_a-writer.o)
                0x0800b53c                _write_r
 .text.__register_exitproc
                0x0800b568       0x8c f:/gcc-arm-none-eabi/bin/../lib/gcc/arm-none-eabi/10.3.1/../../../../arm-none-eabi/lib/thumb/v7-m/nofp\libg.a(lib_a-__atexit.o)
                0x0800b568                __register_exitproc
 .text.__assert_func
                0x0800b5f4       0x40 f:/gcc-arm-none-eabi/bin/../lib/gcc/arm-none-eabi/10.3.1/../../../../arm-none-eabi/lib/thumb/v7-m/nofp\libg.a(lib_a-assert.o)
                0x0800b5f4                __assert_func
 .text._calloc_r
                0x0800b634       0x78 f:/gcc-arm-none-eabi/bin/../lib/gcc/arm-none-eabi/10.3.1/../../../../arm-none-eabi/lib/thumb/v7-m/nofp\libg.a(lib_a-callocr.o)
                0x0800b634                _calloc_r
 .text._close_r
                0x0800b6ac       0x24 f:/gcc-arm-none-eabi/bin/../lib/gcc/arm-none-eabi/10.3.1/../../../../arm-none-eabi/lib/thumb/v7-m/nofp\libg.a(lib_a-closer.o)
                0x0800b6ac                _close_r
 .text._fclose_r
                0x0800b6d0       0xcc f:/gcc-arm-none-eabi/bin/../lib/gcc/arm-none-eabi/10.3.1/../../../../arm-none-eabi/lib/thumb/v7-m/nofp\libg.a(lib_a-fclose.o)
                0x0800b6d0                _fclose_r
 .text.fiprintf
                0x0800b79c       0x28 f:/gcc-arm-none-eabi/bin/../lib/gcc/arm-none-eabi/10.3.1/../../../../arm-none-eabi/lib/thumb/v7-m/nofp\libg.a(lib_a-fiprintf.o)
                0x0800b79c                fiprintf
 .text.__fputwc
                0x0800b7c4       0xa0 f:/gcc-arm-none-eabi/bin/../lib/gcc/arm-none-eabi/10.3.1/../../../../arm-none-eabi/lib/thumb/v7-m/nofp\libg.a(lib_a-fputwc.o)
                0x0800b7c4                __fputwc
 .text._fputwc_r
                0x0800b864       0x68 f:/gcc-arm-none-eabi/bin/../lib/gcc/arm-none-eabi/10.3.1/../../../../arm-none-eabi/lib/thumb/v7-m/nofp\libg.a(lib_a-fputwc.o)
                0x0800b864                _fputwc_r
 .text._fstat_r
                0x0800b8cc       0x28 f:/gcc-arm-none-eabi/bin/../lib/gcc/arm-none-eabi/10.3.1/../../../../arm-none-eabi/lib/thumb/v7-m/nofp\libg.a(lib_a-fstatr.o)
                0x0800b8cc                _fstat_r
 .text._isatty_r
                0x0800b8f4       0x24 f:/gcc-arm-none-eabi/bin/../lib/gcc/arm-none-eabi/10.3.1/../../../../arm-none-eabi/lib/thumb/v7-m/nofp\libg.a(lib_a-isattyr.o)
                0x0800b8f4                _isatty_r
 .text.__locale_mb_cur_max
                0x0800b918        0xc f:/gcc-arm-none-eabi/bin/../lib/gcc/arm-none-eabi/10.3.1/../../../../arm-none-eabi/lib/thumb/v7-m/nofp\libg.a(lib_a-locale.o)
                0x0800b918                __locale_mb_cur_max
 .text._lseek_r
                0x0800b924       0x2c f:/gcc-arm-none-eabi/bin/../lib/gcc/arm-none-eabi/10.3.1/../../../../arm-none-eabi/lib/thumb/v7-m/nofp\libg.a(lib_a-lseekr.o)
                0x0800b924                _lseek_r
 .text.__ascii_mbtowc
                0x0800b950       0x2c f:/gcc-arm-none-eabi/bin/../lib/gcc/arm-none-eabi/10.3.1/../../../../arm-none-eabi/lib/thumb/v7-m/nofp\libg.a(lib_a-mbtowc_r.o)
                0x0800b950                __ascii_mbtowc
 .text._read_r  0x0800b97c       0x2c f:/gcc-arm-none-eabi/bin/../lib/gcc/arm-none-eabi/10.3.1/../../../../arm-none-eabi/lib/thumb/v7-m/nofp\libg.a(lib_a-readr.o)
                0x0800b97c                _read_r
 .text.__swbuf_r
                0x0800b9a8       0xb0 f:/gcc-arm-none-eabi/bin/../lib/gcc/arm-none-eabi/10.3.1/../../../../arm-none-eabi/lib/thumb/v7-m/nofp\libg.a(lib_a-wbuf.o)
                0x0800b9a8                __swbuf_r
 .text._wcrtomb_r
                0x0800ba58       0x3c f:/gcc-arm-none-eabi/bin/../lib/gcc/arm-none-eabi/10.3.1/../../../../arm-none-eabi/lib/thumb/v7-m/nofp\libg.a(lib_a-wcrtomb.o)
                0x0800ba58                _wcrtomb_r
 .text.__ascii_wctomb
                0x0800ba94       0x1c f:/gcc-arm-none-eabi/bin/../lib/gcc/arm-none-eabi/10.3.1/../../../../arm-none-eabi/lib/thumb/v7-m/nofp\libg.a(lib_a-wctomb_r.o)
                0x0800ba94                __ascii_wctomb
 .text.abort    0x0800bab0       0x10 f:/gcc-arm-none-eabi/bin/../lib/gcc/arm-none-eabi/10.3.1/../../../../arm-none-eabi/lib/thumb/v7-m/nofp\libg.a(lib_a-abort.o)
                0x0800bab0                abort
 .text.raise    0x0800bac0       0x5c f:/gcc-arm-none-eabi/bin/../lib/gcc/arm-none-eabi/10.3.1/../../../../arm-none-eabi/lib/thumb/v7-m/nofp\libg.a(lib_a-signal.o)
                0x0800bac0                raise
 .text._kill_r  0x0800bb1c       0x28 f:/gcc-arm-none-eabi/bin/../lib/gcc/arm-none-eabi/10.3.1/../../../../arm-none-eabi/lib/thumb/v7-m/nofp\libg.a(lib_a-signalr.o)
                0x0800bb1c                _kill_r
 .text._getpid_r
                0x0800bb44        0x4 f:/gcc-arm-none-eabi/bin/../lib/gcc/arm-none-eabi/10.3.1/../../../../arm-none-eabi/lib/thumb/v7-m/nofp\libg.a(lib_a-signalr.o)
                0x0800bb44                _getpid_r
 .text.asin     0x0800bb48       0x50 f:/gcc-arm-none-eabi/bin/../lib/gcc/arm-none-eabi/10.3.1/../../../../arm-none-eabi/lib/thumb/v7-m/nofp\libm.a(lib_a-w_asin.o)
                0x0800bb48                asin
 .text.atan2    0x0800bb98        0x4 f:/gcc-arm-none-eabi/bin/../lib/gcc/arm-none-eabi/10.3.1/../../../../arm-none-eabi/lib/thumb/v7-m/nofp\libm.a(lib_a-w_atan2.o)
                0x0800bb98                atan2
 *fill*         0x0800bb9c        0x4 
 .text.__ieee754_asin
                0x0800bba0      0x474 f:/gcc-arm-none-eabi/bin/../lib/gcc/arm-none-eabi/10.3.1/../../../../arm-none-eabi/lib/thumb/v7-m/nofp\libm.a(lib_a-e_asin.o)
                0x0800bba0                __ieee754_asin
 *fill*         0x0800c014        0x4 
 .text.__ieee754_atan2
                0x0800c018      0x194 f:/gcc-arm-none-eabi/bin/../lib/gcc/arm-none-eabi/10.3.1/../../../../arm-none-eabi/lib/thumb/v7-m/nofp\libm.a(lib_a-e_atan2.o)
                0x0800c018                __ieee754_atan2
 .text.__ieee754_sqrt
                0x0800c1ac      0x18c f:/gcc-arm-none-eabi/bin/../lib/gcc/arm-none-eabi/10.3.1/../../../../arm-none-eabi/lib/thumb/v7-m/nofp\libm.a(lib_a-e_sqrt.o)
                0x0800c1ac                __ieee754_sqrt
 .text.atan     0x0800c338      0x31c f:/gcc-arm-none-eabi/bin/../lib/gcc/arm-none-eabi/10.3.1/../../../../arm-none-eabi/lib/thumb/v7-m/nofp\libm.a(lib_a-s_atan.o)
                0x0800c338                atan
 .text.fabs     0x0800c654        0x8 f:/gcc-arm-none-eabi/bin/../lib/gcc/arm-none-eabi/10.3.1/../../../../arm-none-eabi/lib/thumb/v7-m/nofp\libm.a(lib_a-s_fabs.o)
                0x0800c654                fabs
 .text.nan      0x0800c65c        0xc f:/gcc-arm-none-eabi/bin/../lib/gcc/arm-none-eabi/10.3.1/../../../../arm-none-eabi/lib/thumb/v7-m/nofp\libm.a(lib_a-s_nan.o)
                0x0800c65c                nan
 *(.glue_7)
 .glue_7        0x0800c668        0x0 linker stubs
 *(.glue_7t)
 .glue_7t       0x0800c668        0x0 linker stubs
 *(.eh_frame)
 .eh_frame      0x0800c668        0x0 f:/gcc-arm-none-eabi/bin/../lib/gcc/arm-none-eabi/10.3.1/thumb/v7-m/nofp/crtbegin.o
 *(.init)
 .init          0x0800c668        0x4 f:/gcc-arm-none-eabi/bin/../lib/gcc/arm-none-eabi/10.3.1/thumb/v7-m/nofp/crti.o
                0x0800c668                _init
 .init          0x0800c66c        0x8 f:/gcc-arm-none-eabi/bin/../lib/gcc/arm-none-eabi/10.3.1/thumb/v7-m/nofp/crtn.o
 *(.fini)
 .fini          0x0800c674        0x4 f:/gcc-arm-none-eabi/bin/../lib/gcc/arm-none-eabi/10.3.1/thumb/v7-m/nofp/crti.o
                0x0800c674                _fini
 .fini          0x0800c678        0x8 f:/gcc-arm-none-eabi/bin/../lib/gcc/arm-none-eabi/10.3.1/thumb/v7-m/nofp/crtn.o
                0x0800c680                . = ALIGN (0x4)
                0x0800c680                _etext = .

.vfp11_veneer   0x0800c680        0x0
 .vfp11_veneer  0x0800c680        0x0 linker stubs

.v4_bx          0x0800c680        0x0
 .v4_bx         0x0800c680        0x0 linker stubs

.iplt           0x0800c680        0x0
 .iplt          0x0800c680        0x0 f:/gcc-arm-none-eabi/bin/../lib/gcc/arm-none-eabi/10.3.1/thumb/v7-m/nofp/crtbegin.o

.rodata         0x0800c680     0x1b60
                0x0800c680                . = ALIGN (0x4)
 *(.rodata)
 *(.rodata*)
 .rodata.main.str1.4
                0x0800c680       0x26 CMakeFiles/RGBtest.elf.dir/Core/Src/main.c.obj
 *fill*         0x0800c6a6        0x2 
 .rodata.F6x8   0x0800c6a8      0x228 CMakeFiles/RGBtest.elf.dir/Core/Src/oled.c.obj
                0x0800c6a8                F6x8
 .rodata.F8X16  0x0800c8d0      0x5f0 CMakeFiles/RGBtest.elf.dir/Core/Src/oled.c.obj
                0x0800c8d0                F8X16
 .rodata.AHBPrescTable
                0x0800cec0       0x10 CMakeFiles/RGBtest.elf.dir/Core/Src/system_stm32f1xx.c.obj
                0x0800cec0                AHBPrescTable
 .rodata.APBPrescTable
                0x0800ced0        0x8 CMakeFiles/RGBtest.elf.dir/Core/Src/system_stm32f1xx.c.obj
                0x0800ced0                APBPrescTable
 .rodata.mpu_init.str1.4
                0x0800ced8       0x91 CMakeFiles/RGBtest.elf.dir/Core/eMPL/inv_mpu.c.obj
 *fill*         0x0800cf69        0x3 
 .rodata.run_self_test.str1.4
                0x0800cf6c       0x21 CMakeFiles/RGBtest.elf.dir/Core/eMPL/inv_mpu.c.obj
 *fill*         0x0800cf8d        0x3 
 .rodata.mpu_dmp_init.str1.4
                0x0800cf90      0x14c CMakeFiles/RGBtest.elf.dir/Core/eMPL/inv_mpu.c.obj
 .rodata.hw     0x0800d0dc        0xc CMakeFiles/RGBtest.elf.dir/Core/eMPL/inv_mpu.c.obj
                0x0800d0dc                hw
 .rodata.reg    0x0800d0e8       0x1b CMakeFiles/RGBtest.elf.dir/Core/eMPL/inv_mpu.c.obj
                0x0800d0e8                reg
 *fill*         0x0800d103        0x1 
 .rodata.test   0x0800d104       0x28 CMakeFiles/RGBtest.elf.dir/Core/eMPL/inv_mpu.c.obj
                0x0800d104                test
 .rodata.dmp_set_orientation.str1.4
                0x0800d12c       0x10 CMakeFiles/RGBtest.elf.dir/Core/eMPL/inv_mpu_dmp_motion_driver.c.obj
 .rodata.dmp_set_fifo_rate.str1.4
                0x0800d13c        0xd CMakeFiles/RGBtest.elf.dir/Core/eMPL/inv_mpu_dmp_motion_driver.c.obj
 *fill*         0x0800d149        0x3 
 .rodata.dmp_enable_gyro_cal.str1.4
                0x0800d14c       0x16 CMakeFiles/RGBtest.elf.dir/Core/eMPL/inv_mpu_dmp_motion_driver.c.obj
 *fill*         0x0800d162        0x2 
 .rodata.dmp_memory
                0x0800d164      0xbf6 CMakeFiles/RGBtest.elf.dir/Core/eMPL/inv_mpu_dmp_motion_driver.c.obj
 *fill*         0x0800dd5a        0x2 
 .rodata.HAL_RCC_GetSysClockFreq.str1.4
                0x0800dd5c       0x11 CMakeFiles/RGBtest.elf.dir/Drivers/STM32F1xx_HAL_Driver/Src/stm32f1xx_hal_rcc.c.obj
 *fill*         0x0800dd6d        0x3 
 .rodata._global_impure_ptr
                0x0800dd70        0x4 f:/gcc-arm-none-eabi/bin/../lib/gcc/arm-none-eabi/10.3.1/../../../../arm-none-eabi/lib/thumb/v7-m/nofp\libg.a(lib_a-impure.o)
                0x0800dd70                _global_impure_ptr
 .rodata._puts_r.str1.4
                0x0800dd74       0x11 f:/gcc-arm-none-eabi/bin/../lib/gcc/arm-none-eabi/10.3.1/../../../../arm-none-eabi/lib/thumb/v7-m/nofp\libg.a(lib_a-puts.o)
                                  0x2 (size before relaxing)
 .rodata._vfprintf_r.str1.4
                0x0800dd74       0x42 f:/gcc-arm-none-eabi/bin/../lib/gcc/arm-none-eabi/10.3.1/../../../../arm-none-eabi/lib/thumb/v7-m/nofp\libg.a(lib_a-vfprintf.o)
 *fill*         0x0800ddb6        0x2 
 .rodata.blanks.1
                0x0800ddb8       0x10 f:/gcc-arm-none-eabi/bin/../lib/gcc/arm-none-eabi/10.3.1/../../../../arm-none-eabi/lib/thumb/v7-m/nofp\libg.a(lib_a-vfprintf.o)
 .rodata.zeroes.0
                0x0800ddc8       0x10 f:/gcc-arm-none-eabi/bin/../lib/gcc/arm-none-eabi/10.3.1/../../../../arm-none-eabi/lib/thumb/v7-m/nofp\libg.a(lib_a-vfprintf.o)
 .rodata._dtoa_r.str1.4
                0x0800ddd8       0xa2 f:/gcc-arm-none-eabi/bin/../lib/gcc/arm-none-eabi/10.3.1/../../../../arm-none-eabi/lib/thumb/v7-m/nofp\libg.a(lib_a-dtoa.o)
                                 0xa6 (size before relaxing)
 *fill*         0x0800de7a        0x2 
 .rodata.__multadd.str1.4
                0x0800de7c       0x7f f:/gcc-arm-none-eabi/bin/../lib/gcc/arm-none-eabi/10.3.1/../../../../arm-none-eabi/lib/thumb/v7-m/nofp\libg.a(lib_a-mprec.o)
                                 0x93 (size before relaxing)
 *fill*         0x0800defb        0x5 
 .rodata.__mprec_bigtens
                0x0800df00       0x28 f:/gcc-arm-none-eabi/bin/../lib/gcc/arm-none-eabi/10.3.1/../../../../arm-none-eabi/lib/thumb/v7-m/nofp\libg.a(lib_a-mprec.o)
                0x0800df00                __mprec_bigtens
 .rodata.__mprec_tens
                0x0800df28       0xc8 f:/gcc-arm-none-eabi/bin/../lib/gcc/arm-none-eabi/10.3.1/../../../../arm-none-eabi/lib/thumb/v7-m/nofp\libg.a(lib_a-mprec.o)
                0x0800df28                __mprec_tens
 .rodata.p05.0  0x0800dff0        0xc f:/gcc-arm-none-eabi/bin/../lib/gcc/arm-none-eabi/10.3.1/../../../../arm-none-eabi/lib/thumb/v7-m/nofp\libg.a(lib_a-mprec.o)
 .rodata._vfiprintf_r.str1.4
                0x0800dffc       0x2f f:/gcc-arm-none-eabi/bin/../lib/gcc/arm-none-eabi/10.3.1/../../../../arm-none-eabi/lib/thumb/v7-m/nofp\libg.a(lib_a-vfiprintf.o)
 .rodata.blanks.1
                0x0800dffc       0x10 f:/gcc-arm-none-eabi/bin/../lib/gcc/arm-none-eabi/10.3.1/../../../../arm-none-eabi/lib/thumb/v7-m/nofp\libg.a(lib_a-vfiprintf.o)
 .rodata.zeroes.0
                0x0800e00c       0x10 f:/gcc-arm-none-eabi/bin/../lib/gcc/arm-none-eabi/10.3.1/../../../../arm-none-eabi/lib/thumb/v7-m/nofp\libg.a(lib_a-vfiprintf.o)
 .rodata.__assert_func.str1.4
                0x0800e01c       0x3f f:/gcc-arm-none-eabi/bin/../lib/gcc/arm-none-eabi/10.3.1/../../../../arm-none-eabi/lib/thumb/v7-m/nofp\libg.a(lib_a-assert.o)
                                 0x43 (size before relaxing)
 *fill*         0x0800e05b        0x1 
 .rodata._setlocale_r.str1.4
                0x0800e05c        0xa f:/gcc-arm-none-eabi/bin/../lib/gcc/arm-none-eabi/10.3.1/../../../../arm-none-eabi/lib/thumb/v7-m/nofp\libg.a(lib_a-locale.o)
                                  0xd (size before relaxing)
 *fill*         0x0800e066        0x2 
 .rodata.str1.4
                0x0800e068        0x2 f:/gcc-arm-none-eabi/bin/../lib/gcc/arm-none-eabi/10.3.1/../../../../arm-none-eabi/lib/thumb/v7-m/nofp\libg.a(lib_a-locale.o)
 *fill*         0x0800e06a        0x2 
 .rodata._ctype_
                0x0800e06c      0x101 f:/gcc-arm-none-eabi/bin/../lib/gcc/arm-none-eabi/10.3.1/../../../../arm-none-eabi/lib/thumb/v7-m/nofp\libg.a(lib_a-ctype_.o)
                0x0800e06c                _ctype_
 .rodata.asin.str1.4
                0x0800e16d        0x1 f:/gcc-arm-none-eabi/bin/../lib/gcc/arm-none-eabi/10.3.1/../../../../arm-none-eabi/lib/thumb/v7-m/nofp\libm.a(lib_a-w_asin.o)
 *fill*         0x0800e16d        0x3 
 .rodata.CSWTCH.8
                0x0800e170       0x18 f:/gcc-arm-none-eabi/bin/../lib/gcc/arm-none-eabi/10.3.1/../../../../arm-none-eabi/lib/thumb/v7-m/nofp\libm.a(lib_a-e_atan2.o)
 .rodata.CSWTCH.9
                0x0800e188       0x18 f:/gcc-arm-none-eabi/bin/../lib/gcc/arm-none-eabi/10.3.1/../../../../arm-none-eabi/lib/thumb/v7-m/nofp\libm.a(lib_a-e_atan2.o)
 .rodata.atanhi
                0x0800e1a0       0x20 f:/gcc-arm-none-eabi/bin/../lib/gcc/arm-none-eabi/10.3.1/../../../../arm-none-eabi/lib/thumb/v7-m/nofp\libm.a(lib_a-s_atan.o)
 .rodata.atanlo
                0x0800e1c0       0x20 f:/gcc-arm-none-eabi/bin/../lib/gcc/arm-none-eabi/10.3.1/../../../../arm-none-eabi/lib/thumb/v7-m/nofp\libm.a(lib_a-s_atan.o)
                0x0800e1e0                . = ALIGN (0x4)

.ARM.extab
 *(.ARM.extab* .gnu.linkonce.armextab.*)

.ARM            0x0800e1e0        0x8
                0x0800e1e0                __exidx_start = .
 *(.ARM.exidx*)
 .ARM.exidx     0x0800e1e0        0x8 f:/gcc-arm-none-eabi/bin/../lib/gcc/arm-none-eabi/10.3.1/thumb/v7-m/nofp\libgcc.a(_udivmoddi4.o)
                0x0800e1e8                __exidx_end = .

.rel.dyn        0x0800e1e8        0x0
 .rel.iplt      0x0800e1e8        0x0 f:/gcc-arm-none-eabi/bin/../lib/gcc/arm-none-eabi/10.3.1/thumb/v7-m/nofp/crtbegin.o

.preinit_array  0x0800e1e8        0x0
                0x0800e1e8                PROVIDE (__preinit_array_start = .)
 *(.preinit_array*)
                0x0800e1e8                PROVIDE (__preinit_array_end = .)

.init_array     0x0800e1e8        0x8
                0x0800e1e8                PROVIDE (__init_array_start = .)
 *(SORT_BY_NAME(.init_array.*))
 .init_array.00000
                0x0800e1e8        0x4 f:/gcc-arm-none-eabi/bin/../lib/gcc/arm-none-eabi/10.3.1/../../../../arm-none-eabi/lib/thumb/v7-m/nofp\libg.a(lib_a-__call_atexit.o)
 *(.init_array*)
 .init_array    0x0800e1ec        0x4 f:/gcc-arm-none-eabi/bin/../lib/gcc/arm-none-eabi/10.3.1/thumb/v7-m/nofp/crtbegin.o
                0x0800e1f0                PROVIDE (__init_array_end = .)

.fini_array     0x0800e1f0        0x4
                0x0800e1f0                PROVIDE (__fini_array_start = .)
 *(SORT_BY_NAME(.fini_array.*))
 *(.fini_array*)
 .fini_array    0x0800e1f0        0x4 f:/gcc-arm-none-eabi/bin/../lib/gcc/arm-none-eabi/10.3.1/thumb/v7-m/nofp/crtbegin.o
                0x0800e1f4                PROVIDE (__fini_array_end = .)
                0x0800e1f4                _sidata = LOADADDR (.data)

.data           0x20000000      0x9f0 load address 0x0800e1f4
                0x20000000                . = ALIGN (0x4)
                0x20000000                _sdata = .
 *(.data)
 *(.data*)
 .data.SystemCoreClock
                0x20000000        0x4 CMakeFiles/RGBtest.elf.dir/Core/Src/system_stm32f1xx.c.obj
                0x20000000                SystemCoreClock
 .data.gyro_orientation
                0x20000004        0x9 CMakeFiles/RGBtest.elf.dir/Core/eMPL/inv_mpu.c.obj
 *fill*         0x2000000d        0x3 
 .data.st       0x20000010       0x2c CMakeFiles/RGBtest.elf.dir/Core/eMPL/inv_mpu.c.obj
 .data.uwTickFreq
                0x2000003c        0x1 CMakeFiles/RGBtest.elf.dir/Drivers/STM32F1xx_HAL_Driver/Src/stm32f1xx_hal.c.obj
                0x2000003c                uwTickFreq
 *fill*         0x2000003d        0x3 
 .data.uwTickPrio
                0x20000040        0x4 CMakeFiles/RGBtest.elf.dir/Drivers/STM32F1xx_HAL_Driver/Src/stm32f1xx_hal.c.obj
                0x20000040                uwTickPrio
 .data._impure_ptr
                0x20000044        0x4 f:/gcc-arm-none-eabi/bin/../lib/gcc/arm-none-eabi/10.3.1/../../../../arm-none-eabi/lib/thumb/v7-m/nofp\libg.a(lib_a-impure.o)
                0x20000044                _impure_ptr
 .data.impure_data
                0x20000048      0x428 f:/gcc-arm-none-eabi/bin/../lib/gcc/arm-none-eabi/10.3.1/../../../../arm-none-eabi/lib/thumb/v7-m/nofp\libg.a(lib_a-impure.o)
 .data.__atexit_recursive_mutex
                0x20000470        0x4 f:/gcc-arm-none-eabi/bin/../lib/gcc/arm-none-eabi/10.3.1/../../../../arm-none-eabi/lib/thumb/v7-m/nofp\libg.a(lib_a-__call_atexit.o)
                0x20000470                __atexit_recursive_mutex
 .data.__malloc_av_
                0x20000474      0x408 f:/gcc-arm-none-eabi/bin/../lib/gcc/arm-none-eabi/10.3.1/../../../../arm-none-eabi/lib/thumb/v7-m/nofp\libg.a(lib_a-mallocr.o)
                0x20000474                __malloc_av_
 .data.__malloc_sbrk_base
                0x2000087c        0x4 f:/gcc-arm-none-eabi/bin/../lib/gcc/arm-none-eabi/10.3.1/../../../../arm-none-eabi/lib/thumb/v7-m/nofp\libg.a(lib_a-mallocr.o)
                0x2000087c                __malloc_sbrk_base
 .data.__malloc_trim_threshold
                0x20000880        0x4 f:/gcc-arm-none-eabi/bin/../lib/gcc/arm-none-eabi/10.3.1/../../../../arm-none-eabi/lib/thumb/v7-m/nofp\libg.a(lib_a-mallocr.o)
                0x20000880                __malloc_trim_threshold
 .data.__global_locale
                0x20000884      0x16c f:/gcc-arm-none-eabi/bin/../lib/gcc/arm-none-eabi/10.3.1/../../../../arm-none-eabi/lib/thumb/v7-m/nofp\libg.a(lib_a-locale.o)
                0x20000884                __global_locale
                0x200009f0                . = ALIGN (0x4)
                0x200009f0                _edata = .

.igot.plt       0x200009f0        0x0 load address 0x0800ebe4
 .igot.plt      0x200009f0        0x0 f:/gcc-arm-none-eabi/bin/../lib/gcc/arm-none-eabi/10.3.1/thumb/v7-m/nofp/crtbegin.o
                0x200009f0                . = ALIGN (0x4)

.bss            0x200009f0       0xc4 load address 0x0800ebe4
                0x200009f0                _sbss = .
                0x200009f0                __bss_start__ = _sbss
 *(.bss)
 .bss           0x200009f0       0x1c f:/gcc-arm-none-eabi/bin/../lib/gcc/arm-none-eabi/10.3.1/thumb/v7-m/nofp/crtbegin.o
 *(.bss*)
 .bss.gHuart    0x20000a0c        0x4 CMakeFiles/RGBtest.elf.dir/Core/Src/retarget.c.obj
                0x20000a0c                gHuart
 .bss.heap_end.0
                0x20000a10        0x4 CMakeFiles/RGBtest.elf.dir/Core/Src/syscalls.c.obj
 .bss.huart3    0x20000a14       0x44 CMakeFiles/RGBtest.elf.dir/Core/Src/usart.c.obj
                0x20000a14                huart3
 .bss.dmp       0x20000a58       0x10 CMakeFiles/RGBtest.elf.dir/Core/eMPL/inv_mpu_dmp_motion_driver.c.obj
 .bss.uwTick    0x20000a68        0x4 CMakeFiles/RGBtest.elf.dir/Drivers/STM32F1xx_HAL_Driver/Src/stm32f1xx_hal.c.obj
                0x20000a68                uwTick
 .bss.__lock___atexit_recursive_mutex
                0x20000a6c        0x1 f:/gcc-arm-none-eabi/bin/../lib/gcc/arm-none-eabi/10.3.1/../../../../arm-none-eabi/lib/thumb/v7-m/nofp\libg.a(lib_a-lock.o)
                0x20000a6c                __lock___atexit_recursive_mutex
 *fill*         0x20000a6d        0x3 
 .bss.__lock___malloc_recursive_mutex
                0x20000a70        0x1 f:/gcc-arm-none-eabi/bin/../lib/gcc/arm-none-eabi/10.3.1/../../../../arm-none-eabi/lib/thumb/v7-m/nofp\libg.a(lib_a-lock.o)
                0x20000a70                __lock___malloc_recursive_mutex
 *fill*         0x20000a71        0x3 
 .bss.__lock___sfp_recursive_mutex
                0x20000a74        0x1 f:/gcc-arm-none-eabi/bin/../lib/gcc/arm-none-eabi/10.3.1/../../../../arm-none-eabi/lib/thumb/v7-m/nofp\libg.a(lib_a-lock.o)
                0x20000a74                __lock___sfp_recursive_mutex
 *fill*         0x20000a75        0x3 
 .bss.__lock___sinit_recursive_mutex
                0x20000a78        0x1 f:/gcc-arm-none-eabi/bin/../lib/gcc/arm-none-eabi/10.3.1/../../../../arm-none-eabi/lib/thumb/v7-m/nofp\libg.a(lib_a-lock.o)
                0x20000a78                __lock___sinit_recursive_mutex
 *fill*         0x20000a79        0x3 
 .bss.__malloc_current_mallinfo
                0x20000a7c       0x28 f:/gcc-arm-none-eabi/bin/../lib/gcc/arm-none-eabi/10.3.1/../../../../arm-none-eabi/lib/thumb/v7-m/nofp\libg.a(lib_a-mallocr.o)
                0x20000a7c                __malloc_current_mallinfo
 .bss.__malloc_max_sbrked_mem
                0x20000aa4        0x4 f:/gcc-arm-none-eabi/bin/../lib/gcc/arm-none-eabi/10.3.1/../../../../arm-none-eabi/lib/thumb/v7-m/nofp\libg.a(lib_a-mallocr.o)
                0x20000aa4                __malloc_max_sbrked_mem
 .bss.__malloc_max_total_mem
                0x20000aa8        0x4 f:/gcc-arm-none-eabi/bin/../lib/gcc/arm-none-eabi/10.3.1/../../../../arm-none-eabi/lib/thumb/v7-m/nofp\libg.a(lib_a-mallocr.o)
                0x20000aa8                __malloc_max_total_mem
 .bss.__malloc_top_pad
                0x20000aac        0x4 f:/gcc-arm-none-eabi/bin/../lib/gcc/arm-none-eabi/10.3.1/../../../../arm-none-eabi/lib/thumb/v7-m/nofp\libg.a(lib_a-mallocr.o)
                0x20000aac                __malloc_top_pad
 .bss.errno     0x20000ab0        0x4 f:/gcc-arm-none-eabi/bin/../lib/gcc/arm-none-eabi/10.3.1/../../../../arm-none-eabi/lib/thumb/v7-m/nofp\libg.a(lib_a-reent.o)
                0x20000ab0                errno
 *(COMMON)
                0x20000ab4                . = ALIGN (0x4)
                0x20000ab4                _ebss = .
                0x20000ab4                __bss_end__ = _ebss

._user_heap_stack
                0x20000ab4      0x604 load address 0x0800ebe4
                0x20000ab8                . = ALIGN (0x8)
 *fill*         0x20000ab4        0x4 
                0x20000ab8                PROVIDE (end = .)
                [!provide]                PROVIDE (_end = .)
                0x20000cb8                . = (. + _Min_Heap_Size)
 *fill*         0x20000ab8      0x200 
                0x200010b8                . = (. + _Min_Stack_Size)
 *fill*         0x20000cb8      0x400 
                0x200010b8                . = ALIGN (0x8)

/DISCARD/
 libc.a(*)
 libm.a(*)
 libgcc.a(*)

.ARM.attributes
                0x00000000       0x29
 *(.ARM.attributes)
 .ARM.attributes
                0x00000000       0x1d f:/gcc-arm-none-eabi/bin/../lib/gcc/arm-none-eabi/10.3.1/thumb/v7-m/nofp/crti.o
 .ARM.attributes
                0x0000001d       0x2d f:/gcc-arm-none-eabi/bin/../lib/gcc/arm-none-eabi/10.3.1/thumb/v7-m/nofp/crtbegin.o
 .ARM.attributes
                0x0000004a       0x2d CMakeFiles/RGBtest.elf.dir/Core/Src/MPU6050.c.obj
 .ARM.attributes
                0x00000077       0x2d CMakeFiles/RGBtest.elf.dir/Core/Src/gpio.c.obj
 .ARM.attributes
                0x000000a4       0x2d CMakeFiles/RGBtest.elf.dir/Core/Src/main.c.obj
 .ARM.attributes
                0x000000d1       0x2d CMakeFiles/RGBtest.elf.dir/Core/Src/oled.c.obj
 .ARM.attributes
                0x000000fe       0x2d CMakeFiles/RGBtest.elf.dir/Core/Src/retarget.c.obj
 .ARM.attributes
                0x0000012b       0x2d CMakeFiles/RGBtest.elf.dir/Core/Src/stm32f1xx_hal_msp.c.obj
 .ARM.attributes
                0x00000158       0x2d CMakeFiles/RGBtest.elf.dir/Core/Src/stm32f1xx_it.c.obj
 .ARM.attributes
                0x00000185       0x2d CMakeFiles/RGBtest.elf.dir/Core/Src/syscalls.c.obj
 .ARM.attributes
                0x000001b2       0x2d CMakeFiles/RGBtest.elf.dir/Core/Src/system_stm32f1xx.c.obj
 .ARM.attributes
                0x000001df       0x2d CMakeFiles/RGBtest.elf.dir/Core/Src/u_iic.c.obj
 .ARM.attributes
                0x0000020c       0x2d CMakeFiles/RGBtest.elf.dir/Core/Src/usart.c.obj
 .ARM.attributes
                0x00000239       0x2d CMakeFiles/RGBtest.elf.dir/Core/eMPL/inv_mpu.c.obj
 .ARM.attributes
                0x00000266       0x2d CMakeFiles/RGBtest.elf.dir/Core/eMPL/inv_mpu_dmp_motion_driver.c.obj
 .ARM.attributes
                0x00000293       0x2d CMakeFiles/RGBtest.elf.dir/Drivers/STM32F1xx_HAL_Driver/Src/stm32f1xx_hal.c.obj
 .ARM.attributes
                0x000002c0       0x2d CMakeFiles/RGBtest.elf.dir/Drivers/STM32F1xx_HAL_Driver/Src/stm32f1xx_hal_cortex.c.obj
 .ARM.attributes
                0x000002ed       0x2d CMakeFiles/RGBtest.elf.dir/Drivers/STM32F1xx_HAL_Driver/Src/stm32f1xx_hal_gpio.c.obj
 .ARM.attributes
                0x0000031a       0x2d CMakeFiles/RGBtest.elf.dir/Drivers/STM32F1xx_HAL_Driver/Src/stm32f1xx_hal_rcc.c.obj
 .ARM.attributes
                0x00000347       0x2d CMakeFiles/RGBtest.elf.dir/Drivers/STM32F1xx_HAL_Driver/Src/stm32f1xx_hal_uart.c.obj
 .ARM.attributes
                0x00000374       0x21 CMakeFiles/RGBtest.elf.dir/startup/startup_stm32f103xb.s.obj
 .ARM.attributes
                0x00000395       0x1d f:/gcc-arm-none-eabi/bin/../lib/gcc/arm-none-eabi/10.3.1/thumb/v7-m/nofp\libgcc.a(_arm_addsubdf3.o)
 .ARM.attributes
                0x000003b2       0x1d f:/gcc-arm-none-eabi/bin/../lib/gcc/arm-none-eabi/10.3.1/thumb/v7-m/nofp\libgcc.a(_arm_muldivdf3.o)
 .ARM.attributes
                0x000003cf       0x1d f:/gcc-arm-none-eabi/bin/../lib/gcc/arm-none-eabi/10.3.1/thumb/v7-m/nofp\libgcc.a(_arm_cmpdf2.o)
 .ARM.attributes
                0x000003ec       0x1d f:/gcc-arm-none-eabi/bin/../lib/gcc/arm-none-eabi/10.3.1/thumb/v7-m/nofp\libgcc.a(_arm_fixdfsi.o)
 .ARM.attributes
                0x00000409       0x1d f:/gcc-arm-none-eabi/bin/../lib/gcc/arm-none-eabi/10.3.1/thumb/v7-m/nofp\libgcc.a(_arm_fixunsdfsi.o)
 .ARM.attributes
                0x00000426       0x1d f:/gcc-arm-none-eabi/bin/../lib/gcc/arm-none-eabi/10.3.1/thumb/v7-m/nofp\libgcc.a(_arm_truncdfsf2.o)
 .ARM.attributes
                0x00000443       0x1d f:/gcc-arm-none-eabi/bin/../lib/gcc/arm-none-eabi/10.3.1/thumb/v7-m/nofp\libgcc.a(_arm_addsubsf3.o)
 .ARM.attributes
                0x00000460       0x1d f:/gcc-arm-none-eabi/bin/../lib/gcc/arm-none-eabi/10.3.1/thumb/v7-m/nofp\libgcc.a(_arm_muldivsf3.o)
 .ARM.attributes
                0x0000047d       0x1d f:/gcc-arm-none-eabi/bin/../lib/gcc/arm-none-eabi/10.3.1/thumb/v7-m/nofp\libgcc.a(_arm_cmpsf2.o)
 .ARM.attributes
                0x0000049a       0x1d f:/gcc-arm-none-eabi/bin/../lib/gcc/arm-none-eabi/10.3.1/thumb/v7-m/nofp\libgcc.a(_arm_fixsfsi.o)
 .ARM.attributes
                0x000004b7       0x1d f:/gcc-arm-none-eabi/bin/../lib/gcc/arm-none-eabi/10.3.1/thumb/v7-m/nofp\libgcc.a(_arm_fixunssfsi.o)
 .ARM.attributes
                0x000004d4       0x1d f:/gcc-arm-none-eabi/bin/../lib/gcc/arm-none-eabi/10.3.1/thumb/v7-m/nofp\libgcc.a(_aeabi_ldivmod.o)
 .ARM.attributes
                0x000004f1       0x2d f:/gcc-arm-none-eabi/bin/../lib/gcc/arm-none-eabi/10.3.1/thumb/v7-m/nofp\libgcc.a(_udivmoddi4.o)
 .ARM.attributes
                0x0000051e       0x1d f:/gcc-arm-none-eabi/bin/../lib/gcc/arm-none-eabi/10.3.1/thumb/v7-m/nofp\libgcc.a(_dvmd_tls.o)
 .ARM.attributes
                0x0000053b       0x2d f:/gcc-arm-none-eabi/bin/../lib/gcc/arm-none-eabi/10.3.1/../../../../arm-none-eabi/lib/thumb/v7-m/nofp\libg.a(lib_a-errno.o)
 .ARM.attributes
                0x00000568       0x2d f:/gcc-arm-none-eabi/bin/../lib/gcc/arm-none-eabi/10.3.1/../../../../arm-none-eabi/lib/thumb/v7-m/nofp\libg.a(lib_a-impure.o)
 .ARM.attributes
                0x00000595       0x2d f:/gcc-arm-none-eabi/bin/../lib/gcc/arm-none-eabi/10.3.1/../../../../arm-none-eabi/lib/thumb/v7-m/nofp\libg.a(lib_a-init.o)
 .ARM.attributes
                0x000005c2       0x2d f:/gcc-arm-none-eabi/bin/../lib/gcc/arm-none-eabi/10.3.1/../../../../arm-none-eabi/lib/thumb/v7-m/nofp\libg.a(lib_a-memcmp.o)
 .ARM.attributes
                0x000005ef       0x2d f:/gcc-arm-none-eabi/bin/../lib/gcc/arm-none-eabi/10.3.1/../../../../arm-none-eabi/lib/thumb/v7-m/nofp\libg.a(lib_a-memset.o)
 .ARM.attributes
                0x0000061c       0x2d f:/gcc-arm-none-eabi/bin/../lib/gcc/arm-none-eabi/10.3.1/../../../../arm-none-eabi/lib/thumb/v7-m/nofp\libg.a(lib_a-printf.o)
 .ARM.attributes
                0x00000649       0x2d f:/gcc-arm-none-eabi/bin/../lib/gcc/arm-none-eabi/10.3.1/../../../../arm-none-eabi/lib/thumb/v7-m/nofp\libg.a(lib_a-puts.o)
 .ARM.attributes
                0x00000676       0x2d f:/gcc-arm-none-eabi/bin/../lib/gcc/arm-none-eabi/10.3.1/../../../../arm-none-eabi/lib/thumb/v7-m/nofp\libg.a(lib_a-setvbuf.o)
 .ARM.attributes
                0x000006a3       0x2d f:/gcc-arm-none-eabi/bin/../lib/gcc/arm-none-eabi/10.3.1/../../../../arm-none-eabi/lib/thumb/v7-m/nofp\libg.a(lib_a-strlen-stub.o)
 .ARM.attributes
                0x000006d0       0x2d f:/gcc-arm-none-eabi/bin/../lib/gcc/arm-none-eabi/10.3.1/../../../../arm-none-eabi/lib/thumb/v7-m/nofp\libg.a(lib_a-vfprintf.o)
 .ARM.attributes
                0x000006fd       0x2d f:/gcc-arm-none-eabi/bin/../lib/gcc/arm-none-eabi/10.3.1/../../../../arm-none-eabi/lib/thumb/v7-m/nofp\libg.a(lib_a-wsetup.o)
 .ARM.attributes
                0x0000072a       0x2d f:/gcc-arm-none-eabi/bin/../lib/gcc/arm-none-eabi/10.3.1/../../../../arm-none-eabi/lib/thumb/v7-m/nofp\libg.a(lib_a-__call_atexit.o)
 .ARM.attributes
                0x00000757       0x2d f:/gcc-arm-none-eabi/bin/../lib/gcc/arm-none-eabi/10.3.1/../../../../arm-none-eabi/lib/thumb/v7-m/nofp\libg.a(lib_a-atexit.o)
 .ARM.attributes
                0x00000784       0x2d f:/gcc-arm-none-eabi/bin/../lib/gcc/arm-none-eabi/10.3.1/../../../../arm-none-eabi/lib/thumb/v7-m/nofp\libg.a(lib_a-dtoa.o)
 .ARM.attributes
                0x000007b1       0x2d f:/gcc-arm-none-eabi/bin/../lib/gcc/arm-none-eabi/10.3.1/../../../../arm-none-eabi/lib/thumb/v7-m/nofp\libg.a(lib_a-fflush.o)
 .ARM.attributes
                0x000007de       0x2d f:/gcc-arm-none-eabi/bin/../lib/gcc/arm-none-eabi/10.3.1/../../../../arm-none-eabi/lib/thumb/v7-m/nofp\libg.a(lib_a-findfp.o)
 .ARM.attributes
                0x0000080b       0x2d f:/gcc-arm-none-eabi/bin/../lib/gcc/arm-none-eabi/10.3.1/../../../../arm-none-eabi/lib/thumb/v7-m/nofp\libg.a(lib_a-fini.o)
 .ARM.attributes
                0x00000838       0x2d f:/gcc-arm-none-eabi/bin/../lib/gcc/arm-none-eabi/10.3.1/../../../../arm-none-eabi/lib/thumb/v7-m/nofp\libg.a(lib_a-freer.o)
 .ARM.attributes
                0x00000865       0x2d f:/gcc-arm-none-eabi/bin/../lib/gcc/arm-none-eabi/10.3.1/../../../../arm-none-eabi/lib/thumb/v7-m/nofp\libg.a(lib_a-fvwrite.o)
 .ARM.attributes
                0x00000892       0x2d f:/gcc-arm-none-eabi/bin/../lib/gcc/arm-none-eabi/10.3.1/../../../../arm-none-eabi/lib/thumb/v7-m/nofp\libg.a(lib_a-fwalk.o)
 .ARM.attributes
                0x000008bf       0x2d f:/gcc-arm-none-eabi/bin/../lib/gcc/arm-none-eabi/10.3.1/../../../../arm-none-eabi/lib/thumb/v7-m/nofp\libg.a(lib_a-localeconv.o)
 .ARM.attributes
                0x000008ec       0x2d f:/gcc-arm-none-eabi/bin/../lib/gcc/arm-none-eabi/10.3.1/../../../../arm-none-eabi/lib/thumb/v7-m/nofp\libg.a(lib_a-lock.o)
 .ARM.attributes
                0x00000919       0x2d f:/gcc-arm-none-eabi/bin/../lib/gcc/arm-none-eabi/10.3.1/../../../../arm-none-eabi/lib/thumb/v7-m/nofp\libg.a(lib_a-makebuf.o)
 .ARM.attributes
                0x00000946       0x2d f:/gcc-arm-none-eabi/bin/../lib/gcc/arm-none-eabi/10.3.1/../../../../arm-none-eabi/lib/thumb/v7-m/nofp\libg.a(lib_a-malloc.o)
 .ARM.attributes
                0x00000973       0x2d f:/gcc-arm-none-eabi/bin/../lib/gcc/arm-none-eabi/10.3.1/../../../../arm-none-eabi/lib/thumb/v7-m/nofp\libg.a(lib_a-mallocr.o)
 .ARM.attributes
                0x000009a0       0x2d f:/gcc-arm-none-eabi/bin/../lib/gcc/arm-none-eabi/10.3.1/../../../../arm-none-eabi/lib/thumb/v7-m/nofp\libg.a(lib_a-memchr-stub.o)
 .ARM.attributes
                0x000009cd       0x1b f:/gcc-arm-none-eabi/bin/../lib/gcc/arm-none-eabi/10.3.1/../../../../arm-none-eabi/lib/thumb/v7-m/nofp\libg.a(lib_a-memcpy.o)
 .ARM.attributes
                0x000009e8       0x2d f:/gcc-arm-none-eabi/bin/../lib/gcc/arm-none-eabi/10.3.1/../../../../arm-none-eabi/lib/thumb/v7-m/nofp\libg.a(lib_a-memmove.o)
 .ARM.attributes
                0x00000a15       0x2d f:/gcc-arm-none-eabi/bin/../lib/gcc/arm-none-eabi/10.3.1/../../../../arm-none-eabi/lib/thumb/v7-m/nofp\libg.a(lib_a-mlock.o)
 .ARM.attributes
                0x00000a42       0x2d f:/gcc-arm-none-eabi/bin/../lib/gcc/arm-none-eabi/10.3.1/../../../../arm-none-eabi/lib/thumb/v7-m/nofp\libg.a(lib_a-mprec.o)
 .ARM.attributes
                0x00000a6f       0x2d f:/gcc-arm-none-eabi/bin/../lib/gcc/arm-none-eabi/10.3.1/../../../../arm-none-eabi/lib/thumb/v7-m/nofp\libg.a(lib_a-reallocr.o)
 .ARM.attributes
                0x00000a9c       0x2d f:/gcc-arm-none-eabi/bin/../lib/gcc/arm-none-eabi/10.3.1/../../../../arm-none-eabi/lib/thumb/v7-m/nofp\libg.a(lib_a-s_frexp.o)
 .ARM.attributes
                0x00000ac9       0x2d f:/gcc-arm-none-eabi/bin/../lib/gcc/arm-none-eabi/10.3.1/../../../../arm-none-eabi/lib/thumb/v7-m/nofp\libg.a(lib_a-sbrkr.o)
 .ARM.attributes
                0x00000af6       0x2d f:/gcc-arm-none-eabi/bin/../lib/gcc/arm-none-eabi/10.3.1/../../../../arm-none-eabi/lib/thumb/v7-m/nofp\libg.a(lib_a-stdio.o)
 .ARM.attributes
                0x00000b23       0x2d f:/gcc-arm-none-eabi/bin/../lib/gcc/arm-none-eabi/10.3.1/../../../../arm-none-eabi/lib/thumb/v7-m/nofp\libg.a(lib_a-strncpy.o)
 .ARM.attributes
                0x00000b50       0x2d f:/gcc-arm-none-eabi/bin/../lib/gcc/arm-none-eabi/10.3.1/../../../../arm-none-eabi/lib/thumb/v7-m/nofp\libg.a(lib_a-vfiprintf.o)
 .ARM.attributes
                0x00000b7d       0x2d f:/gcc-arm-none-eabi/bin/../lib/gcc/arm-none-eabi/10.3.1/../../../../arm-none-eabi/lib/thumb/v7-m/nofp\libg.a(lib_a-writer.o)
 .ARM.attributes
                0x00000baa       0x2d f:/gcc-arm-none-eabi/bin/../lib/gcc/arm-none-eabi/10.3.1/../../../../arm-none-eabi/lib/thumb/v7-m/nofp\libg.a(lib_a-__atexit.o)
 .ARM.attributes
                0x00000bd7       0x2d f:/gcc-arm-none-eabi/bin/../lib/gcc/arm-none-eabi/10.3.1/../../../../arm-none-eabi/lib/thumb/v7-m/nofp\libg.a(lib_a-assert.o)
 .ARM.attributes
                0x00000c04       0x2d f:/gcc-arm-none-eabi/bin/../lib/gcc/arm-none-eabi/10.3.1/../../../../arm-none-eabi/lib/thumb/v7-m/nofp\libg.a(lib_a-callocr.o)
 .ARM.attributes
                0x00000c31       0x2d f:/gcc-arm-none-eabi/bin/../lib/gcc/arm-none-eabi/10.3.1/../../../../arm-none-eabi/lib/thumb/v7-m/nofp\libg.a(lib_a-closer.o)
 .ARM.attributes
                0x00000c5e       0x2d f:/gcc-arm-none-eabi/bin/../lib/gcc/arm-none-eabi/10.3.1/../../../../arm-none-eabi/lib/thumb/v7-m/nofp\libg.a(lib_a-fclose.o)
 .ARM.attributes
                0x00000c8b       0x2d f:/gcc-arm-none-eabi/bin/../lib/gcc/arm-none-eabi/10.3.1/../../../../arm-none-eabi/lib/thumb/v7-m/nofp\libg.a(lib_a-fiprintf.o)
 .ARM.attributes
                0x00000cb8       0x2d f:/gcc-arm-none-eabi/bin/../lib/gcc/arm-none-eabi/10.3.1/../../../../arm-none-eabi/lib/thumb/v7-m/nofp\libg.a(lib_a-fputwc.o)
 .ARM.attributes
                0x00000ce5       0x2d f:/gcc-arm-none-eabi/bin/../lib/gcc/arm-none-eabi/10.3.1/../../../../arm-none-eabi/lib/thumb/v7-m/nofp\libg.a(lib_a-fstatr.o)
 .ARM.attributes
                0x00000d12       0x2d f:/gcc-arm-none-eabi/bin/../lib/gcc/arm-none-eabi/10.3.1/../../../../arm-none-eabi/lib/thumb/v7-m/nofp\libg.a(lib_a-isattyr.o)
 .ARM.attributes
                0x00000d3f       0x2d f:/gcc-arm-none-eabi/bin/../lib/gcc/arm-none-eabi/10.3.1/../../../../arm-none-eabi/lib/thumb/v7-m/nofp\libg.a(lib_a-locale.o)
 .ARM.attributes
                0x00000d6c       0x2d f:/gcc-arm-none-eabi/bin/../lib/gcc/arm-none-eabi/10.3.1/../../../../arm-none-eabi/lib/thumb/v7-m/nofp\libg.a(lib_a-lseekr.o)
 .ARM.attributes
                0x00000d99       0x2d f:/gcc-arm-none-eabi/bin/../lib/gcc/arm-none-eabi/10.3.1/../../../../arm-none-eabi/lib/thumb/v7-m/nofp\libg.a(lib_a-mbtowc_r.o)
 .ARM.attributes
                0x00000dc6       0x2d f:/gcc-arm-none-eabi/bin/../lib/gcc/arm-none-eabi/10.3.1/../../../../arm-none-eabi/lib/thumb/v7-m/nofp\libg.a(lib_a-readr.o)
 .ARM.attributes
                0x00000df3       0x2d f:/gcc-arm-none-eabi/bin/../lib/gcc/arm-none-eabi/10.3.1/../../../../arm-none-eabi/lib/thumb/v7-m/nofp\libg.a(lib_a-reent.o)
 .ARM.attributes
                0x00000e20       0x2d f:/gcc-arm-none-eabi/bin/../lib/gcc/arm-none-eabi/10.3.1/../../../../arm-none-eabi/lib/thumb/v7-m/nofp\libg.a(lib_a-wbuf.o)
 .ARM.attributes
                0x00000e4d       0x2d f:/gcc-arm-none-eabi/bin/../lib/gcc/arm-none-eabi/10.3.1/../../../../arm-none-eabi/lib/thumb/v7-m/nofp\libg.a(lib_a-wcrtomb.o)
 .ARM.attributes
                0x00000e7a       0x2d f:/gcc-arm-none-eabi/bin/../lib/gcc/arm-none-eabi/10.3.1/../../../../arm-none-eabi/lib/thumb/v7-m/nofp\libg.a(lib_a-wctomb_r.o)
 .ARM.attributes
                0x00000ea7       0x2d f:/gcc-arm-none-eabi/bin/../lib/gcc/arm-none-eabi/10.3.1/../../../../arm-none-eabi/lib/thumb/v7-m/nofp\libg.a(lib_a-abort.o)
 .ARM.attributes
                0x00000ed4       0x2d f:/gcc-arm-none-eabi/bin/../lib/gcc/arm-none-eabi/10.3.1/../../../../arm-none-eabi/lib/thumb/v7-m/nofp\libg.a(lib_a-ctype_.o)
 .ARM.attributes
                0x00000f01       0x2d f:/gcc-arm-none-eabi/bin/../lib/gcc/arm-none-eabi/10.3.1/../../../../arm-none-eabi/lib/thumb/v7-m/nofp\libg.a(lib_a-signal.o)
 .ARM.attributes
                0x00000f2e       0x2d f:/gcc-arm-none-eabi/bin/../lib/gcc/arm-none-eabi/10.3.1/../../../../arm-none-eabi/lib/thumb/v7-m/nofp\libg.a(lib_a-signalr.o)
 .ARM.attributes
                0x00000f5b       0x1d f:/gcc-arm-none-eabi/bin/../lib/gcc/arm-none-eabi/10.3.1/thumb/v7-m/nofp\libgcc.a(_arm_unorddf2.o)
 .ARM.attributes
                0x00000f78       0x1d f:/gcc-arm-none-eabi/bin/../lib/gcc/arm-none-eabi/10.3.1/thumb/v7-m/nofp\libgcc.a(_aeabi_uldivmod.o)
 .ARM.attributes
                0x00000f95       0x1d f:/gcc-arm-none-eabi/bin/../lib/gcc/arm-none-eabi/10.3.1/thumb/v7-m/nofp/crtn.o
OUTPUT(RGBtest.elf elf32-littlearm)
LOAD linker stubs
LOAD f:/gcc-arm-none-eabi/bin/../lib/gcc/arm-none-eabi/10.3.1/../../../../arm-none-eabi/lib/thumb/v7-m/nofp\libc.a
LOAD f:/gcc-arm-none-eabi/bin/../lib/gcc/arm-none-eabi/10.3.1/../../../../arm-none-eabi/lib/thumb/v7-m/nofp\libm.a
LOAD f:/gcc-arm-none-eabi/bin/../lib/gcc/arm-none-eabi/10.3.1/thumb/v7-m/nofp\libgcc.a

.debug_info     0x00000000     0xec2c
 .debug_info    0x00000000      0xcc8 CMakeFiles/RGBtest.elf.dir/Core/Src/MPU6050.c.obj
 .debug_info    0x00000cc8      0x349 CMakeFiles/RGBtest.elf.dir/Core/Src/gpio.c.obj
 .debug_info    0x00001011      0xc89 CMakeFiles/RGBtest.elf.dir/Core/Src/main.c.obj
 .debug_info    0x00001c9a     0x1b0b CMakeFiles/RGBtest.elf.dir/Core/Src/oled.c.obj
 .debug_info    0x000037a5      0xf9e CMakeFiles/RGBtest.elf.dir/Core/Src/retarget.c.obj
 .debug_info    0x00004743      0x211 CMakeFiles/RGBtest.elf.dir/Core/Src/stm32f1xx_hal_msp.c.obj
 .debug_info    0x00004954      0x14b CMakeFiles/RGBtest.elf.dir/Core/Src/stm32f1xx_it.c.obj
 .debug_info    0x00004a9f      0x835 CMakeFiles/RGBtest.elf.dir/Core/Src/syscalls.c.obj
 .debug_info    0x000052d4      0x248 CMakeFiles/RGBtest.elf.dir/Core/Src/system_stm32f1xx.c.obj
 .debug_info    0x0000551c      0xb66 CMakeFiles/RGBtest.elf.dir/Core/Src/u_iic.c.obj
 .debug_info    0x00006082      0x827 CMakeFiles/RGBtest.elf.dir/Core/Src/usart.c.obj
 .debug_info    0x000068a9     0x2d7a CMakeFiles/RGBtest.elf.dir/Core/eMPL/inv_mpu.c.obj
 .debug_info    0x00009623     0x1385 CMakeFiles/RGBtest.elf.dir/Core/eMPL/inv_mpu_dmp_motion_driver.c.obj
 .debug_info    0x0000a9a8      0x7a8 CMakeFiles/RGBtest.elf.dir/Drivers/STM32F1xx_HAL_Driver/Src/stm32f1xx_hal.c.obj
 .debug_info    0x0000b150      0xd8a CMakeFiles/RGBtest.elf.dir/Drivers/STM32F1xx_HAL_Driver/Src/stm32f1xx_hal_cortex.c.obj
 .debug_info    0x0000beda      0x66f CMakeFiles/RGBtest.elf.dir/Drivers/STM32F1xx_HAL_Driver/Src/stm32f1xx_hal_gpio.c.obj
 .debug_info    0x0000c549      0xa36 CMakeFiles/RGBtest.elf.dir/Drivers/STM32F1xx_HAL_Driver/Src/stm32f1xx_hal_rcc.c.obj